Archive member included to satisfy reference by file (symbol)

out/arm-plat-imx/export-ta_arm64/lib/libutils.a(snprintf.o)
                              out/arm-plat-imx/ta/pkcs11/src/persistent_token.o (snprintf)
out/arm-plat-imx/export-ta_arm64/lib/libutils.a(stack_check.o)
                              out/arm-plat-imx/ta/pkcs11/src/attributes.o (__stack_chk_fail)
out/arm-plat-imx/export-ta_arm64/lib/libutils.a(memcpy.o)
                              out/arm-plat-imx/ta/pkcs11/src/pkcs11_token.o (memcpy)
out/arm-plat-imx/export-ta_arm64/lib/libutils.a(memset.o)
                              out/arm-plat-imx/ta/pkcs11/src/persistent_token.o (memset)
out/arm-plat-imx/export-ta_arm64/lib/libutils.a(strchr.o)
                              out/arm-plat-imx/ta/pkcs11/src/persistent_token.o (strchr)
out/arm-plat-imx/export-ta_arm64/lib/libutils.a(strcmp.o)
                              out/arm-plat-imx/ta/pkcs11/src/persistent_token.o (strcmp)
out/arm-plat-imx/export-ta_arm64/lib/libutils.a(strcpy.o)
                              out/arm-plat-imx/ta/pkcs11/src/pkcs11_token.o (strcpy)
out/arm-plat-imx/export-ta_arm64/lib/libutils.a(strlen.o)
                              out/arm-plat-imx/ta/pkcs11/src/attributes.o (strlen)
out/arm-plat-imx/export-ta_arm64/lib/libutils.a(strnlen.o)
                              out/arm-plat-imx/ta/pkcs11/src/pkcs11_token.o (strnlen)
out/arm-plat-imx/export-ta_arm64/lib/libutils.a(strstr.o)
                              out/arm-plat-imx/ta/pkcs11/src/persistent_token.o (strstr)
out/arm-plat-imx/export-ta_arm64/lib/libutils.a(snprintk.o)
                              out/arm-plat-imx/export-ta_arm64/lib/libutils.a(snprintf.o) (__vsnprintf)
out/arm-plat-imx/export-ta_arm64/lib/libutils.a(trace.o)
                              out/arm-plat-imx/ta/pkcs11/src/attributes.o (trace_printf)
out/arm-plat-imx/export-ta_arm64/lib/libutils.a(consttime_memcmp.o)
                              out/arm-plat-imx/ta/pkcs11/src/persistent_token.o (consttime_memcmp)
out/arm-plat-imx/export-ta_arm64/lib/libutils.a(memchr.o)
                              out/arm-plat-imx/export-ta_arm64/lib/libutils.a(snprintk.o) (memchr)
out/arm-plat-imx/export-ta_arm64/lib/libutee.a(assert.o)
                              out/arm-plat-imx/ta/pkcs11/src/attributes.o (_assert_log)
out/arm-plat-imx/export-ta_arm64/lib/libutee.a(tee_uuid_from_str.o)
                              out/arm-plat-imx/ta/pkcs11/src/persistent_token.o (tee_uuid_from_str)
out/arm-plat-imx/export-ta_arm64/lib/libutee.a(trace_ext.o)
                              out/arm-plat-imx/export-ta_arm64/lib/libutils.a(trace.o) (trace_ext_puts)
out/arm-plat-imx/export-ta_arm64/lib/libutee.a(tee_api.o)
                              out/arm-plat-imx/ta/pkcs11/src/pkcs11_token.o (TEE_CloseTASession)
out/arm-plat-imx/export-ta_arm64/lib/libutee.a(tee_api_objects.o)
                              out/arm-plat-imx/ta/pkcs11/src/persistent_token.o (TEE_GetObjectInfo1)
out/arm-plat-imx/export-ta_arm64/lib/libutee.a(tee_api_operations.o)
                              out/arm-plat-imx/ta/pkcs11/src/persistent_token.o (TEE_FreeOperation)
out/arm-plat-imx/export-ta_arm64/lib/libutee.a(tee_api_panic.o)
                              out/arm-plat-imx/ta/pkcs11/src/attributes.o (TEE_Panic)
out/arm-plat-imx/export-ta_arm64/lib/libutee.a(tee_api_property.o)
                              out/arm-plat-imx/ta/pkcs11/src/pkcs11_token.o (TEE_GetPropertyAsUUID)
out/arm-plat-imx/export-ta_arm64/lib/libutee.a(tee_system_pta.o)
                              out/arm-plat-imx/export-ta_arm64/lib/libutee.a(tee_api.o) (tee_map_zi)
out/arm-plat-imx/export-ta_arm64/lib/libutee.a(user_ta_entry.o)
                              out/arm-plat-imx/ta/pkcs11/user_ta_header.o (__utee_entry)
out/arm-plat-imx/export-ta_arm64/lib/libutee.a(utee_syscalls_a64.o)
                              out/arm-plat-imx/export-ta_arm64/lib/libutils.a(stack_check.o) (_utee_panic)
out/arm-plat-imx/export-ta_arm64/lib/libutee.a(abort.o)
                              out/arm-plat-imx/export-ta_arm64/lib/libutee.a(user_ta_entry.o) (abort)
out/arm-plat-imx/export-ta_arm64/lib/libutee.a(tee_api_arith_mpi.o)
                              out/arm-plat-imx/export-ta_arm64/lib/libutee.a(user_ta_entry.o) (_TEE_MathAPI_Init)
out/arm-plat-imx/export-ta_arm64/lib/libutee.a(tcb.o)
                              out/arm-plat-imx/export-ta_arm64/lib/libutee.a(user_ta_entry.o) (__utee_tcb_init)
out/arm-plat-imx/export-ta_arm64/lib/libmbedtls.a(asn1write.o)
                              out/arm-plat-imx/ta/pkcs11/src/pkcs11_attributes.o (mbedtls_asn1_write_octet_string)
out/arm-plat-imx/export-ta_arm64/lib/libmbedtls.a(bignum.o)
                              out/arm-plat-imx/ta/pkcs11/src/pkcs11_attributes.o (mbedtls_mpi_init)
out/arm-plat-imx/export-ta_arm64/lib/libmbedtls.a(bignum_core.o)
                              out/arm-plat-imx/export-ta_arm64/lib/libmbedtls.a(bignum.o) (mbedtls_mpi_core_bitlen)
[...]
Memory Configuration

Name             Origin             Length             Attributes
*default*        0x0000000000000000 0xffffffffffffffff

Linker script and memory map


.text           0x0000000000000000    0x3f1ac
                0x0000000000000000                __text_start = .
 *(SORT_BY_ALIGNMENT(.text) SORT_BY_ALIGNMENT(.text.*))
 .text          0x0000000000000000       0xec out/arm-plat-imx/export-ta_arm64/lib/libutils.a(memcpy.o)
                0x0000000000000000                memcpy
 .text          0x00000000000000ec      0xb48 out/arm-plat-imx/ta/pkcs11/src/attributes.o
                0x00000000000001f8                init_attributes_head
                0x0000000000000230                add_attribute
                0x0000000000000324                remove_empty_attribute
                0x0000000000000330                get_attribute_ptrs
                0x0000000000000460                get_attribute_ptr
                0x00000000000004d8                get_attribute
                0x00000000000005a4                set_attribute
                0x0000000000000608                modify_attributes_list
                0x00000000000006cc                get_bool
                0x0000000000000778                attributes_match_reference
                0x0000000000000898                attributes_match_add_reference
                0x00000000000009d0                trace_attributes
 .text          0x0000000000000c34      0x46c out/arm-plat-imx/ta/pkcs11/src/entry.o
                0x0000000000000c34                TA_CreateEntryPoint
                0x0000000000000c38                TA_DestroyEntryPoint
                0x0000000000000c3c                TA_OpenSessionEntryPoint
                0x0000000000000c70                TA_CloseSessionEntryPoint
                0x0000000000000c84                TA_InvokeCommandEntryPoint
 .text          0x00000000000010a0      0x238 out/arm-plat-imx/ta/pkcs11/src/handle.o
                0x00000000000010c4                handle_db_init
                0x00000000000010d0                handle_db_destroy
                0x0000000000001104                handle_get
                0x00000000000011cc                handle_put
                0x0000000000001208                handle_lookup
                0x0000000000001240                handle_invalidate
                0x0000000000001290                handle_lookup_handle
 .text          0x00000000000012d8     0x1768 out/arm-plat-imx/ta/pkcs11/src/object.o
                0x0000000000001408                pkcs11_handle2object
                0x0000000000001450                pkcs11_object2handle
                0x0000000000001478                cleanup_persistent_object
                0x00000000000014e4                destroy_object
                0x00000000000015e8                create_token_object
                0x0000000000001630                create_object
                0x0000000000001814                entry_create_object
                0x00000000000019c8                entry_destroy_object
                0x0000000000001b30                entry_find_objects_init
                0x0000000000001e7c                entry_find_objects
                0x0000000000001fb0                release_session_find_obj_context
                0x0000000000001ff0                entry_find_objects_final
                0x00000000000020c0                entry_get_attribute_value
                0x00000000000023b0                entry_get_object_size
                0x00000000000024e4                entry_set_attribute_value
                0x000000000000275c                entry_copy_object
 .text          0x0000000000002a40     0x13dc out/arm-plat-imx/ta/pkcs11/src/persistent_token.o
                0x0000000000002c54                update_persistent_db
                0x0000000000002d30                hash_pin
                0x0000000000002dec                verify_pin
                0x0000000000002e80                setup_so_identity_auth_from_client
                0x0000000000002f64                setup_identity_auth_from_pin
                0x00000000000031e0                verify_identity_auth
                0x0000000000003310                close_persistent_db
                0x000000000000334c                create_object_uuid
                0x00000000000033dc                destroy_object_uuid
                0x0000000000003438                get_persistent_objects_list
                0x0000000000003490                unregister_persistent_object
                0x00000000000035f4                register_persistent_object
                0x0000000000003730                load_persistent_object_attributes
                0x0000000000003988                release_persistent_object_attributes
                0x00000000000039b0                update_persistent_object_attributes
                0x0000000000003ad0                init_persistent_db
 .text          0x0000000000003e1c     0x3aa8 out/arm-plat-imx/ta/pkcs11/src/pkcs11_attributes.o
                0x0000000000004c0c                check_mechanism_against_processing
                0x0000000000004e00                create_attributes_from_template
                0x0000000000005ca0                object_is_private
                0x0000000000005ca8                object_is_token
                0x0000000000005cb0                object_is_modifiable
                0x0000000000005cb8                object_is_copyable
                0x0000000000005cc0                check_access_attrs_against_token
                0x0000000000005d30                check_created_attrs_against_token
                0x0000000000005e00                check_created_attrs_against_processing
                0x000000000000601c                check_created_attrs
                0x0000000000006360                check_parent_attrs_against_processing
                0x0000000000006840                attribute_is_exportable
                0x0000000000006950                check_attrs_against_modification
                0x0000000000006d04                alloc_key_data_to_wrap
                0x0000000000006fe0                add_missing_attribute_id
                0x0000000000007128                set_check_value_attr
                0x000000000000740c                set_key_data
 .text          0x00000000000078c4      0x980 out/arm-plat-imx/ta/pkcs11/src/pkcs11_helpers.o
                0x0000000000007940                tee2pkcs_error
                0x00000000000079c4                valid_pkcs11_attribute_id
                0x0000000000007a14                pkcs11_attr_is_type
                0x0000000000007a38                pkcs11_attr_has_indirect_attributes
                0x0000000000007a50                pkcs11_class_has_type
                0x0000000000007a70                pkcs11_attr_class_is_key
                0x0000000000007a80                key_type_is_symm_key
                0x0000000000007a9c                key_type_is_asymm_key
                0x0000000000007ab8                pkcs11_attr2boolprop_shift
                0x0000000000007af0                pkcs2tee_load_attr
                0x0000000000007db0                pkcs2tee_load_hashed_attr
                0x0000000000007f28                pkcs2tee_mode
                0x0000000000007f88                id2str_rc
                0x0000000000007fa4                id2str_ta_cmd
                0x0000000000007fbc                id2str_slot_flag
                0x0000000000007fd8                id2str_token_flag
                0x0000000000007ff4                id2str_session_flag
                0x0000000000008010                id2str_session_state
                0x000000000000802c                id2str_attr
                0x0000000000008070                id2str_class
                0x000000000000808c                id2str_key_type
                0x00000000000080a8                id2str_type
                0x00000000000080c4                id2str_certificate_type
                0x00000000000080e0                id2str_attr_value
                0x00000000000081d0                id2str_proc
                0x0000000000008228                id2str_function
 .text          0x0000000000008244     0x21c4 out/arm-plat-imx/ta/pkcs11/src/pkcs11_token.o
                0x0000000000008724                get_token
                0x000000000000875c                get_token_id
                0x00000000000087b4                get_object_handle_db
                0x00000000000087c0                get_session_list
                0x00000000000087cc                tee_session2client
                0x00000000000087f0                pkcs11_handle2session
                0x0000000000008800                token_invalidate_object_handles
                0x0000000000008858                register_client
                0x00000000000088d0                unregister_client
                0x0000000000008960                pkcs11_init
                0x00000000000089b4                pkcs11_deinit
                0x00000000000089e8                set_processing_state
                0x0000000000008afc                entry_ck_slot_list
                0x0000000000008bdc                entry_ck_slot_info
                0x0000000000008d9c                entry_ck_token_info
                0x0000000000008f90                entry_ck_token_mecha_ids
                0x00000000000090f8                entry_ck_token_mecha_info
                0x0000000000009238                entry_ck_open_session
                0x00000000000094d0                entry_ck_close_session
                0x0000000000009590                entry_ck_close_all_sessions
                0x0000000000009688                entry_ck_session_info
                0x00000000000097a4                entry_ck_token_initialize
                0x0000000000009a68                entry_ck_init_pin
                0x0000000000009ba4                entry_ck_set_pin
                0x0000000000009d28                entry_ck_login
                0x0000000000009f94                entry_ck_logout
                0x000000000000a138                entry_ck_seed_random
                0x000000000000a2c8                entry_ck_generate_random
 .text          0x000000000000a408     0x1920 out/arm-plat-imx/ta/pkcs11/src/processing.o
                0x000000000000a4d4                release_active_processing
                0x000000000000a558                get_object_key_bit_size
                0x000000000000a690                entry_generate_secret
                0x000000000000a998                alloc_get_tee_attribute_data
                0x000000000000aaa4                tee2pkcs_add_attribute
                0x000000000000ab88                entry_generate_key_pair
                0x000000000000af20                entry_processing_init
                0x000000000000b154                entry_processing_step
                0x000000000000b430                entry_processing_key
                0x000000000000b888                entry_release_active_processing
                0x000000000000b998                entry_wrap_key
 .text          0x000000000000bd28      0xc10 out/arm-plat-imx/ta/pkcs11/src/processing_aes.o
                0x000000000000bf0c                tee_ae_decrypt_update
                0x000000000000c240                tee_ae_decrypt_final
                0x000000000000c420                tee_ae_encrypt_final
                0x000000000000c5c0                tee_init_ctr_operation
                0x000000000000c6b0                tee_init_gcm_operation
                0x000000000000c8c4                tee_release_gcm_operation
                0x000000000000c900                tee_ae_reinit_gcm_operation
 .text          0x000000000000c938     0x1968 out/arm-plat-imx/ta/pkcs11/src/processing_asymm.o
                0x000000000000ca40                processing_is_tee_asymm
                0x000000000000caa4                init_asymm_operation
                0x000000000000d238                step_asymm_operation
                0x000000000000dc90                do_asymm_derivation
                0x000000000000de8c                wrap_data_by_asymm_enc
                0x000000000000e0c0                unwrap_key_by_asymm
 .text          0x000000000000e2a0      0x4ac out/arm-plat-imx/ta/pkcs11/src/processing_digest.o
                0x000000000000e2a0                processing_is_tee_digest
                0x000000000000e2f0                init_digest_operation
                0x000000000000e464                step_digest_operation
 .text          0x000000000000e74c     0x1154 out/arm-plat-imx/ta/pkcs11/src/processing_ec.o
                0x000000000000e8d0                ec_params2tee_keysize
                0x000000000000e8f4                ec_params2tee_curve
                0x000000000000e934                load_tee_ec_key_attrs
                0x000000000000eb7c                pkcs2tee_algo_ecdsa
                0x000000000000ec24                generate_ec_keys
                0x000000000000f03c                load_tee_eddsa_key_attrs
                0x000000000000f19c                generate_eddsa_keys
                0x000000000000f418                pkcs2tee_proc_params_eddsa
                0x000000000000f538                ecdsa_get_input_max_byte_size
                0x000000000000f600                pkcs2tee_param_ecdh
                0x000000000000f7a4                pkcs2tee_algo_ecdh
 .text          0x000000000000f8a0     0x14a8 out/arm-plat-imx/ta/pkcs11/src/processing_rsa.o
                0x000000000000f8fc                pkcs2tee_proc_params_rsa_pss
                0x000000000000fa0c                pkcs2tee_validate_rsa_pss
                0x000000000000fb0c                pkcs2tee_algo_rsa_pss
                0x000000000000fd78                pkcs2tee_proc_params_rsa_oaep
                0x000000000000fed4                pkcs2tee_proc_params_rsa_aes_wrap
                0x0000000000010050                pkcs2tee_algo_rsa_oaep
                0x00000000000102c4                pkcs2tee_algo_rsa_aes_wrap
                0x0000000000010554                load_tee_rsa_key_attrs
                0x00000000000108e0                generate_rsa_keys
                0x0000000000010c98                rsa_get_input_max_byte_size
                0x0000000000010d00                pkcs2tee_rsa_nopad_context
 .text          0x0000000000010d48     0x1864 out/arm-plat-imx/ta/pkcs11/src/processing_symm.o
                0x0000000000010f3c                processing_is_tee_symm
                0x0000000000010fc8                init_symm_operation
                0x0000000000011a20                step_symm_operation
                0x0000000000012180                derive_key_by_symm_enc
                0x0000000000012290                wrap_data_by_symm_enc
                0x000000000001246c                unwrap_key_by_symm
 .text          0x00000000000125ac      0xa58 out/arm-plat-imx/ta/pkcs11/src/sanitize_object.o
                0x00000000000126ac                sanitize_consistent_class_and_type
                0x0000000000012830                trace_attributes_from_api_head
                0x0000000000012afc                sanitize_client_object
 .text          0x0000000000013004      0x4c4 out/arm-plat-imx/ta/pkcs11/src/serializer.o
                0x0000000000013004                serialargs_init
                0x0000000000013010                serialargs_get_ptr
                0x0000000000013094                serialargs_get
                0x0000000000013220                serialargs_alloc_and_get
                0x0000000000013238                serialargs_alloc_get_one_attribute
                0x00000000000132e0                serialargs_alloc_get_attributes
                0x0000000000013388                serialargs_remaining_bytes
                0x00000000000133a4                serialargs_get_session_from_handle
                0x0000000000013440                serialize
 .text          0x00000000000134c8      0x520 out/arm-plat-imx/ta/pkcs11/src/token_capabilities.o
                0x00000000000134c8                mechanism_string_id
                0x0000000000013510                mechanism_is_valid
                0x000000000001354c                mechanism_flags_complies_pkcs11
                0x0000000000013618                mechanism_is_one_shot_only
                0x000000000001366c                tee_malloc_mechanism_list
                0x0000000000013738                mechanism_supported_flags
                0x00000000000137c4                pkcs11_mechanism_supported_key_sizes
                0x0000000000013958                mechanism_supported_key_sizes_bytes
 .text          0x00000000000139e8       0x88 out/arm-plat-imx/ta/pkcs11/user_ta_header.o
                0x00000000000139e8                __ta_entry
                0x0000000000013a68                tahead_get_trace_level
 .text          0x0000000000013a70      0x134 out/arm-plat-imx/export-ta_arm64/lib/libutils.a(snprintf.o)
                0x0000000000013a70                snprintf
                0x0000000000013b4c                vsnprintf
 .text          0x0000000000013ba4       0x30 out/arm-plat-imx/export-ta_arm64/lib/libutils.a(stack_check.o)
                0x0000000000013ba4                __stack_chk_fail
 .text          0x0000000000013bd4       0x1c out/arm-plat-imx/export-ta_arm64/lib/libutils.a(memset.o)
                0x0000000000013bd4                memset
 .text          0x0000000000013bf0       0x2c out/arm-plat-imx/export-ta_arm64/lib/libutils.a(strchr.o)
                0x0000000000013bf0                strchr
 .text          0x0000000000013c1c       0x24 out/arm-plat-imx/export-ta_arm64/lib/libutils.a(strcmp.o)
                0x0000000000013c1c                strcmp
 .text          0x0000000000013c40       0x18 out/arm-plat-imx/export-ta_arm64/lib/libutils.a(strcpy.o)
                0x0000000000013c40                strcpy
 .text          0x0000000000013c58       0x1c out/arm-plat-imx/export-ta_arm64/lib/libutils.a(strlen.o)
                0x0000000000013c58                strlen
 .text          0x0000000000013c74       0x28 out/arm-plat-imx/export-ta_arm64/lib/libutils.a(strnlen.o)
                0x0000000000013c74                strnlen
 .text          0x0000000000013c9c       0x5c out/arm-plat-imx/export-ta_arm64/lib/libutils.a(strstr.o)
                0x0000000000013c9c                strstr
 .text          0x0000000000013cf8      0xe0c out/arm-plat-imx/export-ta_arm64/lib/libutils.a(snprintk.o)
                0x0000000000013cf8                __vsnprintf
                0x0000000000013dc4                vsnprintk
                0x0000000000013e1c                snprintk
                0x0000000000014ab8                __vsprintf
 .text          0x0000000000014b04      0x340 out/arm-plat-imx/export-ta_arm64/lib/libutils.a(trace.o)
                0x0000000000014b04                trace_set_level
                0x0000000000014b20                trace_get_level
                0x0000000000014b30                trace_vprintf
                0x0000000000014d54                trace_printf
                0x0000000000014e40                dhex_dump
 .text          0x0000000000014e44       0x70 out/arm-plat-imx/export-ta_arm64/lib/libutils.a(consttime_memcmp.o)
                0x0000000000014e44                consttime_memcmp
 .text          0x0000000000014eb4       0x2c out/arm-plat-imx/export-ta_arm64/lib/libutils.a(memchr.o)
                0x0000000000014eb4                memchr
 .text          0x0000000000014ee0       0x58 out/arm-plat-imx/export-ta_arm64/lib/libutee.a(assert.o)
                0x0000000000014ee0                _assert_log
                0x0000000000014f24                _assert_break
 .text          0x0000000000014f38      0x218 out/arm-plat-imx/export-ta_arm64/lib/libutee.a(tee_uuid_from_str.o)
                0x0000000000014fc4                tee_uuid_from_str
 .text          0x0000000000015150      0x1e8 out/arm-plat-imx/export-ta_arm64/lib/libutee.a(trace_ext.o)
                0x0000000000015150                trace_ext_puts
                0x0000000000015178                trace_ext_get_thread_id
                0x0000000000015180                printf
                0x0000000000015280                puts
                0x00000000000152c0                putchar
 .text          0x0000000000015338     0x10f8 out/arm-plat-imx/export-ta_arm64/lib/libutee.a(tee_api.o)
                0x00000000000156e4                TEE_CloseTASession
                0x000000000001570c                TEE_GetCancellationFlag
                0x0000000000015774                TEE_UnmaskCancellation
                0x00000000000157dc                TEE_MaskCancellation
                0x0000000000015844                TEE_CheckMemoryAccessRights
                0x0000000000015a70                TEE_OpenTASession
                0x0000000000015bcc                __GP11_TEE_OpenTASession
                0x0000000000015d1c                TEE_InvokeTACommand
                0x0000000000015ea8                __GP11_TEE_InvokeTACommand
                0x0000000000016028                __GP11_TEE_CheckMemoryAccessRights
                0x0000000000016030                TEE_SetInstanceData
                0x000000000001603c                TEE_GetInstanceData
                0x0000000000016048                TEE_MemMove
                0x000000000001604c                __GP11_TEE_MemMove
                0x0000000000016054                TEE_MemCompare
                0x0000000000016058                __GP11_TEE_MemCompare
                0x0000000000016060                TEE_MemFill
                0x0000000000016064                __GP11_TEE_MemFill
                0x000000000001606c                TEE_GetSystemTime
                0x0000000000016094                TEE_Wait
                0x00000000000160d0                TEE_GetTAPersistentTime
                0x0000000000016148                TEE_SetTAPersistentTime
                0x000000000001618c                TEE_GetREETime
                0x00000000000161b4                TEE_Malloc
                0x00000000000162d8                __GP11_TEE_Malloc
                0x00000000000162e0                TEE_Free
                0x0000000000016340                TEE_Realloc
                0x0000000000016410                __GP11_TEE_Realloc
                0x0000000000016418                TEE_CacheClean
                0x0000000000016420                TEE_CacheFlush
                0x0000000000016428                TEE_CacheInvalidate
 .text          0x0000000000016430     0x1bc4 out/arm-plat-imx/export-ta_arm64/lib/libutee.a(tee_api_objects.o)
                0x0000000000016430                __utee_from_attr
                0x0000000000016480                __utee_from_gp11_attr
                0x00000000000164d0                TEE_GetObjectInfo
                0x0000000000016594                __GP11_TEE_GetObjectInfo
                0x0000000000016664                TEE_GetObjectInfo1
                0x000000000001671c                __GP11_TEE_GetObjectInfo1
                0x00000000000167e4                TEE_RestrictObjectUsage1
                0x0000000000016828                TEE_RestrictObjectUsage
                0x00000000000168c0                TEE_GetObjectBufferAttribute
                0x00000000000169cc                __GP11_TEE_GetObjectBufferAttribute
                0x0000000000016a70                TEE_GetObjectValueAttribute
                0x0000000000016bb0                TEE_CloseObject
                0x0000000000016bd8                __GP11_TEE_AllocateTransientObject
                0x0000000000016c94                TEE_AllocateTransientObject
                0x0000000000016cb0                TEE_FreeTransientObject
                0x0000000000016d48                TEE_ResetTransientObject
                0x0000000000016de0                TEE_PopulateTransientObject
                0x0000000000016f24                __GP11_TEE_PopulateTransientObject
                0x0000000000017068                TEE_InitRefAttribute
                0x00000000000170b4                __GP11_TEE_InitRefAttribute
                0x0000000000017104                TEE_InitValueAttribute
                0x0000000000017150                __GP11_TEE_InitValueAttribute
                0x000000000001719c                TEE_CopyObjectAttributes1
                0x000000000001729c                TEE_CopyObjectAttributes
                0x0000000000017338                TEE_GenerateKey
                0x0000000000017444                __GP11_TEE_GenerateKey
                0x0000000000017550                TEE_OpenPersistentObject
                0x000000000001763c                __GP11_TEE_OpenPersistentObject
                0x0000000000017644                TEE_CreatePersistentObject
                0x0000000000017790                __GP11_TEE_CreatePersistentObject
                0x000000000001780c                TEE_CloseAndDeletePersistentObject1
                0x0000000000017854                TEE_CloseAndDeletePersistentObject
                0x0000000000017880                TEE_RenamePersistentObject
                0x00000000000178dc                __GP11_TEE_RenamePersistentObject
                0x00000000000178e4                TEE_AllocatePersistentObjectEnumerator
                0x000000000001797c                TEE_FreePersistentObjectEnumerator
                0x00000000000179a4                TEE_ResetPersistentObjectEnumerator
                0x00000000000179cc                TEE_StartPersistentObjectEnumerator
                0x0000000000017a1c                TEE_GetNextPersistentObject
                0x0000000000017b40                __GP11_TEE_GetNextPersistentObject
                0x0000000000017c74                TEE_ReadObjectData
                0x0000000000017d44                __GP11_TEE_ReadObjectData
                0x0000000000017de8                TEE_WriteObjectData
                0x0000000000017e60                __GP11_TEE_WriteObjectData
                0x0000000000017e68                TEE_TruncateObjectData
                0x0000000000017ec4                __GP11_TEE_TruncateObjectData
                0x0000000000017ecc                TEE_SeekObjectData
                0x0000000000017fec                __GP11_TEE_SeekObjectData
 .text          0x0000000000017ff4     0x48f0 out/arm-plat-imx/export-ta_arm64/lib/libutee.a(tee_api_operations.o)
                0x0000000000018778                TEE_FreeOperation
                0x00000000000187b8                TEE_AllocateOperation
                0x0000000000019408                __GP11_TEE_FreeOperation
                0x0000000000019434                TEE_GetOperationInfo
                0x0000000000019488                TEE_GetOperationInfoMultiple
                0x0000000000019640                __GP11_TEE_GetOperationInfoMultiple
                0x00000000000196d4                TEE_ResetOperation
                0x0000000000019710                TEE_SetOperationKey
                0x000000000001974c                __GP11_TEE_SetOperationKey
                0x0000000000019788                __GP11_TEE_SetOperationKey2
                0x00000000000199b0                TEE_SetOperationKey2
                0x00000000000199d0                TEE_CopyOperation
                0x0000000000019b2c                TEE_DigestUpdate
                0x0000000000019b9c                __GP11_TEE_DigestUpdate
                0x0000000000019ba4                TEE_DigestDoFinal
                0x0000000000019d18                __GP11_TEE_DigestDoFinal
                0x0000000000019dc4                TEE_DigestExtract
                0x0000000000019f74                TEE_CipherInit
                0x000000000001a054                __GP11_TEE_CipherInit
                0x000000000001a05c                TEE_CipherUpdate
                0x000000000001a24c                __GP11_TEE_CipherUpdate
                0x000000000001a2f8                TEE_CipherDoFinal
                0x000000000001a518                __GP11_TEE_CipherDoFinal
                0x000000000001a5d0                TEE_MACInit
                0x000000000001a674                __GP11_TEE_MACInit
                0x000000000001a67c                TEE_MACUpdate
                0x000000000001a71c                __GP11_TEE_MACUpdate
                0x000000000001a724                TEE_MACComputeFinal
                0x000000000001a83c                __GP11_TEE_MACComputeFinal
                0x000000000001a8e8                TEE_MACCompareFinal
                0x000000000001a9f4                __GP11_TEE_MACCompareFinal
                0x000000000001aa00                TEE_AEInit
                0x000000000001aac4                __GP11_TEE_AEInit
                0x000000000001aad4                TEE_AEUpdateAAD
                0x000000000001ab70                __GP11_TEE_AEUpdateAAD
                0x000000000001ac04                TEE_AEUpdate
                0x000000000001acd0                __GP11_TEE_AEUpdate
                0x000000000001add8                TEE_AEEncryptFinal
                0x000000000001afe0                __GP11_TEE_AEEncryptFinal
                0x000000000001b0c0                TEE_AEDecryptFinal
                0x000000000001b29c                __GP11_TEE_AEDecryptFinal
                0x000000000001b360                TEE_AsymmetricEncrypt
                0x000000000001b520                __GP11_TEE_AsymmetricEncrypt
                0x000000000001b6c8                TEE_AsymmetricDecrypt
                0x000000000001b88c                __GP11_TEE_AsymmetricDecrypt
                0x000000000001ba38                TEE_AsymmetricSignDigest
                0x000000000001bbd8                __GP11_TEE_AsymmetricSignDigest
                0x000000000001bd78                TEE_AsymmetricVerifyDigest
                0x000000000001bf04                __GP11_TEE_AsymmetricVerifyDigest
                0x000000000001c090                TEE_DeriveKey
                0x000000000001c240                __GP11_TEE_DeriveKey
                0x000000000001c3f0                TEE_GenerateRandom
                0x000000000001c410                __GP11_TEE_GenerateRandom
                0x000000000001c418                rand
                0x000000000001c47c                TEE_IsAlgorithmSupported
 .text          0x000000000001c8e4      0x1fc out/arm-plat-imx/export-ta_arm64/lib/libutee.a(tee_api_panic.o)
                0x000000000001c900                TEE_Panic
                0x000000000001c918                __utee_check_outbuf_annotation
                0x000000000001c964                __utee_check_gp11_outbuf_annotation
                0x000000000001c9b0                __utee_check_instring_annotation
                0x000000000001c9e0                __utee_check_outstring_annotation
                0x000000000001ca2c                __utee_check_gp11_outstring_annotation
                0x000000000001ca78                __utee_check_out_annotation
                0x000000000001ca98                __utee_check_attr_in_annotation
                0x000000000001cabc                __utee_check_gp11_attr_in_annotation
                0x000000000001cac0                __utee_check_inout_annotation
 .text          0x000000000001cae0     0x1044 out/arm-plat-imx/export-ta_arm64/lib/libutee.a(tee_api_property.o)
                0x000000000001cec4                TEE_GetPropertyAsString
                0x000000000001d130                __GP11_TEE_GetPropertyAsString
                0x000000000001d1d4                TEE_GetPropertyAsBool
                0x000000000001d2b4                TEE_GetPropertyAsU32
                0x000000000001d3a4                TEE_GetPropertyAsU64
                0x000000000001d494                __GP11_TEE_GetPropertyAsBinaryBlock
                0x000000000001d584                TEE_GetPropertyAsBinaryBlock
                0x000000000001d628                TEE_GetPropertyAsUUID
                0x000000000001d718                TEE_GetPropertyAsIdentity
                0x000000000001d808                TEE_ResetPropertyEnumerator
                0x000000000001d814                TEE_AllocatePropertyEnumerator
                0x000000000001d85c                TEE_FreePropertyEnumerator
                0x000000000001d860                TEE_StartPropertyEnumerator
                0x000000000001d870                __GP11_TEE_GetPropertyName
                0x000000000001d9a8                TEE_GetPropertyName
                0x000000000001da3c                TEE_GetNextProperty
 .text          0x000000000001db24      0x2f0 out/arm-plat-imx/export-ta_arm64/lib/libutee.a(tee_system_pta.o)
                0x000000000001dba8                tee_map_zi_va
                0x000000000001dc50                tee_map_zi
                0x000000000001dc60                tee_unmap
                0x000000000001dd24                tee_invoke_supp_plugin
 .text          0x000000000001de14      0x76c out/arm-plat-imx/export-ta_arm64/lib/libutee.a(user_ta_entry.o)
                0x000000000001e0e4                __utee_call_elf_init_fn
                0x000000000001e238                __utee_call_elf_fini_fn
                0x000000000001e2dc                __utee_entry
 .text._utee_panic
                0x000000000001e580        0xc out/arm-plat-imx/export-ta_arm64/lib/libutee.a(utee_syscalls_a64.o)
                0x000000000001e580                _utee_panic
 .text._utee_return
                0x000000000001e58c        0xc out/arm-plat-imx/export-ta_arm64/lib/libutee.a(utee_syscalls_a64.o)
                0x000000000001e58c                _utee_return
 .text._utee_log
                0x000000000001e598        0xc out/arm-plat-imx/export-ta_arm64/lib/libutee.a(utee_syscalls_a64.o)
                0x000000000001e598                _utee_log
 .text.__utee_panic
                0x000000000001e5a4        0xc out/arm-plat-imx/export-ta_arm64/lib/libutee.a(utee_syscalls_a64.o)
                0x000000000001e5a4                __utee_panic
 .text._utee_get_property
                0x000000000001e5b0        0xc out/arm-plat-imx/export-ta_arm64/lib/libutee.a(utee_syscalls_a64.o)
                0x000000000001e5b0                _utee_get_property
 .text._utee_get_property_name_to_index
                0x000000000001e5bc        0xc out/arm-plat-imx/export-ta_arm64/lib/libutee.a(utee_syscalls_a64.o)
                0x000000000001e5bc                _utee_get_property_name_to_index
 .text._utee_open_ta_session
                0x000000000001e5c8        0xc out/arm-plat-imx/export-ta_arm64/lib/libutee.a(utee_syscalls_a64.o)
                0x000000000001e5c8                _utee_open_ta_session
 .text._utee_close_ta_session
                0x000000000001e5d4        0xc out/arm-plat-imx/export-ta_arm64/lib/libutee.a(utee_syscalls_a64.o)
                0x000000000001e5d4                _utee_close_ta_session
 .text._utee_invoke_ta_command
                0x000000000001e5e0        0xc out/arm-plat-imx/export-ta_arm64/lib/libutee.a(utee_syscalls_a64.o)
                0x000000000001e5e0                _utee_invoke_ta_command
 .text._utee_get_cancellation_flag
                0x000000000001e5ec        0xc out/arm-plat-imx/export-ta_arm64/lib/libutee.a(utee_syscalls_a64.o)
                0x000000000001e5ec                _utee_get_cancellation_flag
 .text._utee_check_access_rights
                0x000000000001e5f8        0xc out/arm-plat-imx/export-ta_arm64/lib/libutee.a(utee_syscalls_a64.o)
                0x000000000001e5f8                _utee_check_access_rights
 .text._utee_unmask_cancellation
                0x000000000001e604        0xc out/arm-plat-imx/export-ta_arm64/lib/libutee.a(utee_syscalls_a64.o)
                0x000000000001e604                _utee_unmask_cancellation
 .text._utee_mask_cancellation
                0x000000000001e610        0xc out/arm-plat-imx/export-ta_arm64/lib/libutee.a(utee_syscalls_a64.o)
                0x000000000001e610                _utee_mask_cancellation
 .text._utee_wait
                0x000000000001e61c        0xc out/arm-plat-imx/export-ta_arm64/lib/libutee.a(utee_syscalls_a64.o)
                0x000000000001e61c                _utee_wait
 .text._utee_get_time
                0x000000000001e628        0xc out/arm-plat-imx/export-ta_arm64/lib/libutee.a(utee_syscalls_a64.o)
                0x000000000001e628                _utee_get_time
 .text._utee_set_ta_time
                0x000000000001e634        0xc out/arm-plat-imx/export-ta_arm64/lib/libutee.a(utee_syscalls_a64.o)
                0x000000000001e634                _utee_set_ta_time
 .text._utee_cryp_state_alloc
                0x000000000001e640        0xc out/arm-plat-imx/export-ta_arm64/lib/libutee.a(utee_syscalls_a64.o)
                0x000000000001e640                _utee_cryp_state_alloc
 .text._utee_cryp_state_copy
                0x000000000001e64c        0xc out/arm-plat-imx/export-ta_arm64/lib/libutee.a(utee_syscalls_a64.o)
                0x000000000001e64c                _utee_cryp_state_copy
 .text._utee_cryp_state_free
                0x000000000001e658        0xc out/arm-plat-imx/export-ta_arm64/lib/libutee.a(utee_syscalls_a64.o)
                0x000000000001e658                _utee_cryp_state_free
 .text._utee_hash_init
                0x000000000001e664        0xc out/arm-plat-imx/export-ta_arm64/lib/libutee.a(utee_syscalls_a64.o)
                0x000000000001e664                _utee_hash_init
 .text._utee_hash_update
                0x000000000001e670        0xc out/arm-plat-imx/export-ta_arm64/lib/libutee.a(utee_syscalls_a64.o)
                0x000000000001e670                _utee_hash_update
 .text._utee_hash_final
                0x000000000001e67c        0xc out/arm-plat-imx/export-ta_arm64/lib/libutee.a(utee_syscalls_a64.o)
                0x000000000001e67c                _utee_hash_final
 .text._utee_cipher_init
                0x000000000001e688        0xc out/arm-plat-imx/export-ta_arm64/lib/libutee.a(utee_syscalls_a64.o)
                0x000000000001e688                _utee_cipher_init
 .text._utee_cipher_update
                0x000000000001e694        0xc out/arm-plat-imx/export-ta_arm64/lib/libutee.a(utee_syscalls_a64.o)
                0x000000000001e694                _utee_cipher_update
 .text._utee_cipher_final
                0x000000000001e6a0        0xc out/arm-plat-imx/export-ta_arm64/lib/libutee.a(utee_syscalls_a64.o)
                0x000000000001e6a0                _utee_cipher_final
 .text._utee_cryp_obj_get_info
                0x000000000001e6ac        0xc out/arm-plat-imx/export-ta_arm64/lib/libutee.a(utee_syscalls_a64.o)
                0x000000000001e6ac                _utee_cryp_obj_get_info
 .text._utee_cryp_obj_restrict_usage
                0x000000000001e6b8        0xc out/arm-plat-imx/export-ta_arm64/lib/libutee.a(utee_syscalls_a64.o)
                0x000000000001e6b8                _utee_cryp_obj_restrict_usage
 .text._utee_cryp_obj_get_attr
                0x000000000001e6c4        0xc out/arm-plat-imx/export-ta_arm64/lib/libutee.a(utee_syscalls_a64.o)
                0x000000000001e6c4                _utee_cryp_obj_get_attr
 .text._utee_cryp_obj_alloc
                0x000000000001e6d0        0xc out/arm-plat-imx/export-ta_arm64/lib/libutee.a(utee_syscalls_a64.o)
                0x000000000001e6d0                _utee_cryp_obj_alloc
 .text._utee_cryp_obj_close
                0x000000000001e6dc        0xc out/arm-plat-imx/export-ta_arm64/lib/libutee.a(utee_syscalls_a64.o)
                0x000000000001e6dc                _utee_cryp_obj_close
 .text._utee_cryp_obj_reset
                0x000000000001e6e8        0xc out/arm-plat-imx/export-ta_arm64/lib/libutee.a(utee_syscalls_a64.o)
                0x000000000001e6e8                _utee_cryp_obj_reset
 .text._utee_cryp_obj_populate
                0x000000000001e6f4        0xc out/arm-plat-imx/export-ta_arm64/lib/libutee.a(utee_syscalls_a64.o)
                0x000000000001e6f4                _utee_cryp_obj_populate
 .text._utee_cryp_obj_copy
                0x000000000001e700        0xc out/arm-plat-imx/export-ta_arm64/lib/libutee.a(utee_syscalls_a64.o)
                0x000000000001e700                _utee_cryp_obj_copy
 .text._utee_cryp_derive_key
                0x000000000001e70c        0xc out/arm-plat-imx/export-ta_arm64/lib/libutee.a(utee_syscalls_a64.o)
                0x000000000001e70c                _utee_cryp_derive_key
 .text._utee_cryp_random_number_generate
                0x000000000001e718        0xc out/arm-plat-imx/export-ta_arm64/lib/libutee.a(utee_syscalls_a64.o)
                0x000000000001e718                _utee_cryp_random_number_generate
 .text._utee_authenc_init
                0x000000000001e724        0xc out/arm-plat-imx/export-ta_arm64/lib/libutee.a(utee_syscalls_a64.o)
                0x000000000001e724                _utee_authenc_init
 .text._utee_authenc_update_aad
                0x000000000001e730        0xc out/arm-plat-imx/export-ta_arm64/lib/libutee.a(utee_syscalls_a64.o)
                0x000000000001e730                _utee_authenc_update_aad
 .text._utee_authenc_update_payload
                0x000000000001e73c        0xc out/arm-plat-imx/export-ta_arm64/lib/libutee.a(utee_syscalls_a64.o)
                0x000000000001e73c                _utee_authenc_update_payload
 .text._utee_authenc_enc_final
                0x000000000001e748        0xc out/arm-plat-imx/export-ta_arm64/lib/libutee.a(utee_syscalls_a64.o)
                0x000000000001e748                _utee_authenc_enc_final
 .text._utee_authenc_dec_final
                0x000000000001e754        0xc out/arm-plat-imx/export-ta_arm64/lib/libutee.a(utee_syscalls_a64.o)
                0x000000000001e754                _utee_authenc_dec_final
 .text._utee_asymm_operate
                0x000000000001e760        0xc out/arm-plat-imx/export-ta_arm64/lib/libutee.a(utee_syscalls_a64.o)
                0x000000000001e760                _utee_asymm_operate
 .text._utee_asymm_verify
                0x000000000001e76c        0xc out/arm-plat-imx/export-ta_arm64/lib/libutee.a(utee_syscalls_a64.o)
                0x000000000001e76c                _utee_asymm_verify
 .text._utee_storage_obj_open
                0x000000000001e778        0xc out/arm-plat-imx/export-ta_arm64/lib/libutee.a(utee_syscalls_a64.o)
                0x000000000001e778                _utee_storage_obj_open
 .text._utee_storage_obj_create
                0x000000000001e784        0xc out/arm-plat-imx/export-ta_arm64/lib/libutee.a(utee_syscalls_a64.o)
                0x000000000001e784                _utee_storage_obj_create
 .text._utee_storage_obj_del
                0x000000000001e790        0xc out/arm-plat-imx/export-ta_arm64/lib/libutee.a(utee_syscalls_a64.o)
                0x000000000001e790                _utee_storage_obj_del
 .text._utee_storage_obj_rename
                0x000000000001e79c        0xc out/arm-plat-imx/export-ta_arm64/lib/libutee.a(utee_syscalls_a64.o)
                0x000000000001e79c                _utee_storage_obj_rename
 .text._utee_storage_alloc_enum
                0x000000000001e7a8        0xc out/arm-plat-imx/export-ta_arm64/lib/libutee.a(utee_syscalls_a64.o)
                0x000000000001e7a8                _utee_storage_alloc_enum
 .text._utee_storage_free_enum
                0x000000000001e7b4        0xc out/arm-plat-imx/export-ta_arm64/lib/libutee.a(utee_syscalls_a64.o)
                0x000000000001e7b4                _utee_storage_free_enum
 .text._utee_storage_reset_enum
                0x000000000001e7c0        0xc out/arm-plat-imx/export-ta_arm64/lib/libutee.a(utee_syscalls_a64.o)
                0x000000000001e7c0                _utee_storage_reset_enum
 .text._utee_storage_start_enum
                0x000000000001e7cc        0xc out/arm-plat-imx/export-ta_arm64/lib/libutee.a(utee_syscalls_a64.o)
                0x000000000001e7cc                _utee_storage_start_enum
 .text._utee_storage_next_enum
                0x000000000001e7d8        0xc out/arm-plat-imx/export-ta_arm64/lib/libutee.a(utee_syscalls_a64.o)
                0x000000000001e7d8                _utee_storage_next_enum
 .text._utee_storage_obj_read
                0x000000000001e7e4        0xc out/arm-plat-imx/export-ta_arm64/lib/libutee.a(utee_syscalls_a64.o)
                0x000000000001e7e4                _utee_storage_obj_read
 .text._utee_storage_obj_write
                0x000000000001e7f0        0xc out/arm-plat-imx/export-ta_arm64/lib/libutee.a(utee_syscalls_a64.o)
                0x000000000001e7f0                _utee_storage_obj_write
 .text._utee_storage_obj_trunc
                0x000000000001e7fc        0xc out/arm-plat-imx/export-ta_arm64/lib/libutee.a(utee_syscalls_a64.o)
                0x000000000001e7fc                _utee_storage_obj_trunc
 .text._utee_storage_obj_seek
                0x000000000001e808        0xc out/arm-plat-imx/export-ta_arm64/lib/libutee.a(utee_syscalls_a64.o)
                0x000000000001e808                _utee_storage_obj_seek
 .text._utee_cryp_obj_generate_key
                0x000000000001e814        0xc out/arm-plat-imx/export-ta_arm64/lib/libutee.a(utee_syscalls_a64.o)
                0x000000000001e814                _utee_cryp_obj_generate_key
 .text._utee_cache_operation
                0x000000000001e820        0xc out/arm-plat-imx/export-ta_arm64/lib/libutee.a(utee_syscalls_a64.o)
                0x000000000001e820                _utee_cache_operation
 .text.unlikely
                0x000000000001e82c       0x20 out/arm-plat-imx/export-ta_arm64/lib/libutee.a(abort.o)
                0x000000000001e82c                abort
 .text          0x000000000001e84c     0x2218 out/arm-plat-imx/export-ta_arm64/lib/libutee.a(tee_api_arith_mpi.o)
                0x000000000001f0c0                _TEE_MathAPI_Init
                0x000000000001f110                TEE_BigIntInit
                0x000000000001f170                __GP11_TEE_BigIntInit
                0x000000000001f178                TEE_BigIntConvertFromOctetString
                0x000000000001f248                __GP11_TEE_BigIntConvertFromOctetString
                0x000000000001f250                TEE_BigIntConvertToOctetString
                0x000000000001f320                __GP11_TEE_BigIntConvertToOctetString
                0x000000000001f38c                TEE_BigIntConvertFromS32
                0x000000000001f448                TEE_BigIntConvertToS32
                0x000000000001f50c                TEE_BigIntCmp
                0x000000000001f5ac                TEE_BigIntCmpS32
                0x000000000001f80c                TEE_BigIntShiftRight
                0x000000000001f9b4                __GP11_TEE_BigIntShiftRight
                0x000000000001f9bc                TEE_BigIntGetBit
                0x000000000001fa48                TEE_BigIntGetBitCount
                0x000000000001fac8                TEE_BigIntSetBit
                0x000000000001fb7c                TEE_BigIntAssign
                0x000000000001fbcc                TEE_BigIntAbs
                0x000000000001fbf8                TEE_BigIntAdd
                0x000000000001fc04                TEE_BigIntSub
                0x000000000001fc10                TEE_BigIntNeg
                0x000000000001fcfc                TEE_BigIntMul
                0x000000000001fe18                TEE_BigIntSquare
                0x000000000001fe20                TEE_BigIntDiv
                0x000000000001ffdc                TEE_BigIntMod
                0x0000000000020048                TEE_BigIntAddMod
                0x0000000000020054                TEE_BigIntSubMod
                0x0000000000020060                TEE_BigIntMulMod
                0x000000000002006c                TEE_BigIntSquareMod
                0x0000000000020078                TEE_BigIntInvMod
                0x00000000000201d0                TEE_BigIntRelativePrime
                0x00000000000202e0                TEE_BigIntExpMod
                0x00000000000204b0                TEE_BigIntComputeExtendedGcd
                0x0000000000020728                TEE_BigIntIsProbablePrime
                0x00000000000207c8                TEE_BigIntInitFMM
                0x00000000000207cc                __GP11_TEE_BigIntInitFMM
                0x00000000000207d4                TEE_BigIntInitFMMContext
                0x00000000000207d8                __GP11_TEE_BigIntInitFMMContext
                0x00000000000207e0                TEE_BigIntInitFMMContext1
                0x00000000000207e8                TEE_BigIntFMMSizeInU32
                0x00000000000207f8                __GP11_TEE_BigIntFMMSizeInU32
                0x0000000000020810                TEE_BigIntFMMContextSizeInU32
                0x0000000000020818                __GP11_TEE_BigIntFMMContextSizeInU32
                0x0000000000020830                TEE_BigIntConvertToFMM
                0x0000000000020834                TEE_BigIntConvertFromFMM
                0x0000000000020910                TEE_BigIntComputeFMM
 .text          0x0000000000020a64      0x360 out/arm-plat-imx/export-ta_arm64/lib/libutee.a(tcb.o)
                0x0000000000020a64                __utee_tcb_init
                0x0000000000020cb8                __tls_get_addr
                0x0000000000020cd4                dl_iterate_phdr
 .text          0x0000000000020dc4      0x714 out/arm-plat-imx/export-ta_arm64/lib/libmbedtls.a(asn1write.o)
                0x0000000000020dc4                mbedtls_asn1_write_len
                0x0000000000020e50                mbedtls_asn1_write_tag
                0x0000000000020f58                mbedtls_asn1_write_raw_buffer
                0x0000000000020fb4                mbedtls_asn1_write_mpi
                0x0000000000021078                mbedtls_asn1_write_null
                0x0000000000021084                mbedtls_asn1_write_oid
                0x00000000000210c8                mbedtls_asn1_write_algorithm_identifier_ext
                0x000000000002115c                mbedtls_asn1_write_algorithm_identifier
                0x0000000000021164                mbedtls_asn1_write_bool
                0x000000000002119c                mbedtls_asn1_write_int
                0x00000000000211a4                mbedtls_asn1_write_enum
                0x00000000000211ac                mbedtls_asn1_write_tagged_string
                0x0000000000021208                mbedtls_asn1_write_utf8_string
                0x0000000000021218                mbedtls_asn1_write_printable_string
                0x0000000000021228                mbedtls_asn1_write_ia5_string
                0x0000000000021238                mbedtls_asn1_write_bitstring
                0x0000000000021304                mbedtls_asn1_write_named_bitstring
                0x0000000000021358                mbedtls_asn1_write_octet_string
                0x000000000002139c                mbedtls_asn1_store_named_data
 .text          0x00000000000214d8     0x3740 out/arm-plat-imx/export-ta_arm64/lib/libmbedtls.a(bignum.o)
                0x0000000000021594                mbedtls_mpi_lt_mpi_ct
                0x000000000002167c                mbedtls_mpi_init
                0x0000000000021690                mbedtls_mpi_init_mempool
                0x00000000000216b8                mbedtls_mpi_free
                0x0000000000021720                mbedtls_mpi_grow
                0x0000000000021810                mbedtls_mpi_safe_cond_assign
                0x00000000000218b0                mbedtls_mpi_safe_cond_swap
                0x00000000000219d0                mbedtls_mpi_shrink
                0x0000000000021b00                mbedtls_mpi_copy
                0x0000000000021bdc                mbedtls_mpi_swap
                0x0000000000021c70                mbedtls_mpi_lset
                0x0000000000021ce4                mbedtls_mpi_get_bit
                0x0000000000021d10                mbedtls_mpi_set_bit
                0x0000000000021d9c                mbedtls_mpi_lsb
                0x0000000000021ddc                mbedtls_mpi_bitlen
                0x0000000000021de8                mbedtls_mpi_size
                0x0000000000021e04                mbedtls_mpi_read_binary_le
                0x0000000000021e64                mbedtls_mpi_read_binary
                0x0000000000021ec4                mbedtls_mpi_write_binary_le
                0x0000000000021ed8                mbedtls_mpi_write_binary
                0x0000000000021eec                mbedtls_mpi_shift_l
                0x0000000000021f50                mbedtls_mpi_shift_r
                0x0000000000021f84                mbedtls_mpi_cmp_abs
                0x0000000000022020                mbedtls_mpi_cmp_mpi
                0x00000000000220f0                mbedtls_mpi_cmp_int
                0x0000000000022178                mbedtls_mpi_add_abs
                0x0000000000022270                mbedtls_mpi_sub_abs
                0x000000000002242c                mbedtls_mpi_add_mpi
                0x0000000000022434                mbedtls_mpi_sub_mpi
                0x000000000002243c                mbedtls_mpi_add_int
                0x00000000000224c4                mbedtls_mpi_sub_int
                0x000000000002254c                mbedtls_mpi_mul_mpi
                0x00000000000226e4                mbedtls_mpi_mul_int
                0x000000000002279c                mbedtls_mpi_read_string
                0x00000000000229b0                mbedtls_mpi_div_mpi
                0x0000000000022edc                mbedtls_mpi_div_int
                0x0000000000022f64                mbedtls_mpi_mod_mpi
                0x0000000000023340                mbedtls_mpi_mod_int
                0x00000000000233e0                mbedtls_mpi_write_string
                0x0000000000023738                mbedtls_mpi_montg_init
                0x0000000000023760                mbedtls_mpi_montmul
                0x0000000000023788                mbedtls_mpi_montred
                0x0000000000023804                mbedtls_mpi_exp_mod
                0x0000000000023814                mbedtls_mpi_exp_mod_unsafe
                0x0000000000023828                mbedtls_mpi_gcd_modinv_odd
                0x0000000000023a60                mbedtls_mpi_gcd
                0x0000000000023c4c                mbedtls_mpi_fill_random
                0x0000000000023f68                mbedtls_mpi_random
                0x0000000000024000                mbedtls_mpi_inv_mod_odd
                0x00000000000240f8                mbedtls_mpi_inv_mod_even_in_range
                0x0000000000024240                mbedtls_mpi_inv_mod
                0x00000000000243b0                mbedtls_mpi_is_prime_ext
                0x000000000002449c                mbedtls_mpi_gen_prime
                0x00000000000247f0                mbedtls_mpi_self_test
 .text          0x0000000000024c18     0x1488 out/arm-plat-imx/export-ta_arm64/lib/libmbedtls.a(bignum_core.o)
                0x0000000000024c8c                mbedtls_mpi_core_clz
                0x0000000000024c98                mbedtls_mpi_core_bitlen
                0x0000000000024cec                mbedtls_mpi_core_bigendian_to_host
                0x0000000000024d20                mbedtls_mpi_core_uint_le_mpi
                0x0000000000024d78                mbedtls_mpi_core_lt_ct
                0x0000000000024df8                mbedtls_mpi_core_cond_assign
                0x0000000000024e44                mbedtls_mpi_core_cond_swap
                0x0000000000024eac                mbedtls_mpi_core_read_le
                0x0000000000024f38                mbedtls_mpi_core_read_be
                0x0000000000024fc8                mbedtls_mpi_core_write_le
                0x0000000000025074                mbedtls_mpi_core_write_be
                0x000000000002512c                mbedtls_mpi_core_shift_r
                0x0000000000025208                mbedtls_mpi_core_shift_l
                0x00000000000252c0                mbedtls_mpi_core_add
                0x00000000000252fc                mbedtls_mpi_core_add_if
                0x0000000000025358                mbedtls_mpi_core_sub
                0x000000000002539c                mbedtls_mpi_core_mla
                0x0000000000025568                mbedtls_mpi_core_mul
                0x00000000000255ec                mbedtls_mpi_core_montmul_init
                0x0000000000025620                mbedtls_mpi_core_montmul
                0x0000000000025a0c                mbedtls_mpi_core_get_mont_r2_unsafe
                0x0000000000025a74                mbedtls_mpi_core_fill_random
                0x0000000000025b24                mbedtls_mpi_core_random
                0x0000000000025c30                mbedtls_mpi_core_exp_mod_working_limbs
                0x0000000000025c58                mbedtls_mpi_core_exp_mod
                0x0000000000025c80                mbedtls_mpi_core_exp_mod_unsafe
                0x0000000000025cac                mbedtls_mpi_core_sub_int
                0x0000000000025cdc                mbedtls_mpi_core_check_zero_ct
                0x0000000000025d00                mbedtls_mpi_core_to_mont_rep
                0x0000000000025d1c                mbedtls_mpi_core_from_mont_rep
                0x0000000000025d90                mbedtls_mpi_core_gcd_modinv_odd
 .text          0x00000000000260a0      0x468 out/arm-plat-imx/export-ta_arm64/lib/libmbedtls.a(constant_time.o)
                0x0000000000026114                mbedtls_ct_memcmp
                0x0000000000026148                mbedtls_ct_memcmp_partial
                0x00000000000261d0                mbedtls_ct_memmove_left
                0x0000000000026270                mbedtls_ct_memcpy_if
                0x0000000000026394                mbedtls_ct_memcpy_offset
                0x0000000000026424                mbedtls_ct_zeroize_if
 .text          0x0000000000026508     0x3030 out/arm-plat-imx/export-ta_arm64/lib/libmbedtls.a(ecp.o)
                0x00000000000271d4                mbedtls_ecp_curve_list
                0x00000000000271e0                mbedtls_ecp_grp_id_list
                0x0000000000027248                mbedtls_ecp_curve_info_from_grp_id
                0x0000000000027284                mbedtls_ecp_curve_info_from_tls_id
                0x00000000000272c4                mbedtls_ecp_curve_info_from_name
                0x0000000000027314                mbedtls_ecp_get_type
                0x0000000000027338                mbedtls_ecp_point_init
                0x0000000000027364                mbedtls_ecp_group_init
                0x00000000000273bc                mbedtls_ecp_keypair_init
                0x00000000000273e8                mbedtls_ecp_point_free
                0x000000000002741c                mbedtls_ecp_group_free
                0x00000000000274c0                mbedtls_ecp_keypair_free
                0x00000000000274f4                mbedtls_ecp_copy
                0x0000000000027540                mbedtls_ecp_group_copy
                0x0000000000027548                mbedtls_ecp_set_zero
                0x0000000000027cb4                mbedtls_ecp_is_zero
                0x0000000000027cd8                mbedtls_ecp_point_cmp
                0x0000000000027d28                mbedtls_ecp_point_read_string
                0x0000000000027d88                mbedtls_ecp_point_write_binary
                0x0000000000027ebc                mbedtls_ecp_point_read_binary
                0x000000000002814c                mbedtls_ecp_tls_read_point
                0x0000000000028194                mbedtls_ecp_tls_write_point
                0x00000000000281ec                mbedtls_ecp_tls_read_group_id
                0x00000000000282a8                mbedtls_ecp_tls_read_group
                0x0000000000028318                mbedtls_ecp_tls_write_group
                0x00000000000283d0                mbedtls_ecp_check_pubkey
                0x0000000000028530                mbedtls_ecp_check_privkey
                0x0000000000028994                mbedtls_ecp_mul_restartable
                0x00000000000289a4                mbedtls_ecp_mul
                0x0000000000028cc0                mbedtls_ecp_muladd_restartable
                0x0000000000028e08                mbedtls_ecp_muladd
                0x0000000000028e10                mbedtls_ecp_gen_privkey
                0x0000000000028e78                mbedtls_ecp_gen_keypair_base
                0x0000000000028ef8                mbedtls_ecp_gen_keypair
                0x0000000000028f10                mbedtls_ecp_gen_key
                0x0000000000028f70                mbedtls_ecp_set_public_key
                0x0000000000028fc8                mbedtls_ecp_read_key
                0x0000000000029064                mbedtls_ecp_write_key
                0x00000000000290bc                mbedtls_ecp_write_key_ext
                0x0000000000029148                mbedtls_ecp_write_public_key
                0x0000000000029160                mbedtls_ecp_check_pub_priv
                0x00000000000292c8                mbedtls_ecp_keypair_calc_public
                0x00000000000292e0                mbedtls_ecp_keypair_get_group_id
                0x00000000000292e8                mbedtls_ecp_export
                0x0000000000029364                mbedtls_ecp_self_test
 .text          0x0000000000029538      0x918 out/arm-plat-imx/export-ta_arm64/lib/libmbedtls.a(ecp_curves.o)
                0x0000000000029744                mbedtls_ecp_group_load
 .text          0x0000000000029e50      0xc38 out/arm-plat-imx/export-ta_arm64/lib/libmbedtls.a(nist_kw.o)
                0x000000000002a030                mbedtls_nist_kw_init
                0x000000000002a048                mbedtls_nist_kw_setkey
                0x000000000002a100                mbedtls_nist_kw_free
                0x000000000002a130                mbedtls_nist_kw_wrap
                0x000000000002a3f8                mbedtls_nist_kw_unwrap
                0x000000000002a6d4                mbedtls_nist_kw_self_test
 .text          0x000000000002aa88      0x5bc out/arm-plat-imx/export-ta_arm64/lib/libmbedtls.a(pk.o)
                0x000000000002aa88                mbedtls_pk_init
                0x000000000002aa90                mbedtls_pk_free
                0x000000000002aad4                mbedtls_pk_info_from_type
                0x000000000002ab24                mbedtls_pk_setup
                0x000000000002ab84                mbedtls_pk_can_do
                0x000000000002abac                mbedtls_pk_verify_restartable
                0x000000000002ac5c                mbedtls_pk_verify
                0x000000000002ac64                mbedtls_pk_sign_restartable
                0x000000000002ad38                mbedtls_pk_sign
                0x000000000002ad5c                mbedtls_pk_sign_ext
                0x000000000002ae2c                mbedtls_pk_decrypt
                0x000000000002ae54                mbedtls_pk_encrypt
                0x000000000002ae7c                mbedtls_pk_check_pair
                0x000000000002aee0                mbedtls_pk_get_bitlen
                0x000000000002af00                mbedtls_pk_debug
                0x000000000002af38                mbedtls_pk_get_name
                0x000000000002af58                mbedtls_pk_get_type
                0x000000000002af74                mbedtls_pk_verify_ext
 .text          0x000000000002b044      0x450 out/arm-plat-imx/export-ta_arm64/lib/libmbedtls.a(pk_wrap.o)
 .text          0x000000000002b494      0xccc out/arm-plat-imx/export-ta_arm64/lib/libmbedtls.a(pkparse.o)
                0x000000000002ba74                mbedtls_pk_parse_subpubkey
                0x000000000002bc30                mbedtls_pk_parse_key
                0x000000000002bf44                mbedtls_pk_parse_public_key
 .text          0x000000000002c160      0x968 out/arm-plat-imx/export-ta_arm64/lib/libmbedtls.a(pkwrite.o)
                0x000000000002c2d8                mbedtls_pk_write_pubkey
                0x000000000002c3b4                mbedtls_pk_write_pubkey_der
                0x000000000002c5bc                mbedtls_pk_write_key_der
                0x000000000002c894                mbedtls_pk_write_pubkey_pem
                0x000000000002c974                mbedtls_pk_write_key_pem
 .text          0x000000000002cac8       0x60 out/arm-plat-imx/export-ta_arm64/lib/libmbedtls.a(platform_util.o)
                0x000000000002cac8                mbedtls_platform_zeroize
                0x000000000002cb00                mbedtls_zeroize_and_free
 .text          0x000000000002cb28     0x2ba0 out/arm-plat-imx/export-ta_arm64/lib/libmbedtls.a(rsa.o)
                0x000000000002cfac                mbedtls_rsa_import
                0x000000000002d07c                mbedtls_rsa_import_raw
                0x000000000002d164                mbedtls_rsa_complete
                0x000000000002d3e4                mbedtls_rsa_export_raw
                0x000000000002d550                mbedtls_rsa_export
                0x000000000002d68c                mbedtls_rsa_write_pubkey
                0x000000000002d7d8                mbedtls_rsa_export_crt
                0x000000000002d8b4                mbedtls_rsa_write_key
                0x000000000002db88                mbedtls_rsa_init
                0x000000000002db94                mbedtls_rsa_set_padding
                0x000000000002dbb0                mbedtls_rsa_get_padding_mode
                0x000000000002dbb8                mbedtls_rsa_get_md_alg
                0x000000000002dbc0                mbedtls_rsa_get_bitlen
                0x000000000002dbc8                mbedtls_rsa_get_len
                0x000000000002dbd0                mbedtls_rsa_check_pubkey
                0x000000000002dc54                mbedtls_rsa_parse_pubkey
                0x000000000002ddcc                mbedtls_rsa_check_privkey
                0x000000000002de5c                mbedtls_rsa_check_pub_priv
                0x000000000002deb4                mbedtls_rsa_public
                0x000000000002dfc4                mbedtls_rsa_private
                0x000000000002e5f0                mbedtls_rsa_rsaes_pkcs1_v15_encrypt
                0x000000000002e710                mbedtls_rsa_pkcs1_encrypt
                0x000000000002e724                mbedtls_rsa_rsaes_pkcs1_v15_decrypt
                0x000000000002e92c                mbedtls_rsa_pkcs1_decrypt
                0x000000000002e940                mbedtls_rsa_rsassa_pkcs1_v15_sign
                0x000000000002ea90                mbedtls_rsa_pkcs1_sign
                0x000000000002eab8                mbedtls_rsa_rsassa_pkcs1_v15_verify
                0x000000000002ec00                mbedtls_rsa_pkcs1_verify
                0x000000000002ec28                mbedtls_rsa_free
                0x000000000002ecb0                mbedtls_rsa_parse_key
                0x000000000002ef84                mbedtls_rsa_gen_key
                0x000000000002f1cc                mbedtls_rsa_copy
                0x000000000002f320                mbedtls_rsa_self_test
 .text          0x000000000002f6c8      0xb1c out/arm-plat-imx/export-ta_arm64/lib/libmbedtls.a(rsa_alt_helpers.o)
                0x000000000002f6c8                mbedtls_rsa_deduce_primes
                0x000000000002f9ec                mbedtls_rsa_deduce_private_exponent
                0x000000000002fb84                mbedtls_rsa_deduce_crt
                0x000000000002fcb0                mbedtls_rsa_validate_params
                0x000000000002ffc8                mbedtls_rsa_validate_crt
 .text          0x00000000000301e4      0x92c out/arm-plat-imx/export-ta_arm64/lib/libmbedtls.a(asn1parse.o)
                0x0000000000030258                mbedtls_asn1_get_len
                0x00000000000302f8                mbedtls_asn1_get_tag
                0x000000000003041c                mbedtls_asn1_get_bool
                0x00000000000304b4                mbedtls_asn1_get_int
                0x00000000000304c0                mbedtls_asn1_get_enum
                0x00000000000304cc                mbedtls_asn1_get_mpi
                0x0000000000030558                mbedtls_asn1_get_bitstring
                0x00000000000305e0                mbedtls_asn1_traverse_sequence_of
                0x0000000000030734                mbedtls_asn1_get_bitstring_null
                0x000000000003078c                mbedtls_asn1_sequence_free
                0x00000000000307bc                mbedtls_asn1_get_sequence_of
                0x0000000000030834                mbedtls_asn1_get_alg
                0x0000000000030978                mbedtls_asn1_get_alg_null
                0x0000000000030a00                mbedtls_asn1_free_named_data
                0x0000000000030a3c                mbedtls_asn1_free_named_data_list
                0x0000000000030a84                mbedtls_asn1_free_named_data_list_shallow
                0x0000000000030ab4                mbedtls_asn1_find_named_data
 .text          0x0000000000030b10      0xe38 out/arm-plat-imx/export-ta_arm64/lib/libmbedtls.a(cipher.o)
                0x0000000000030b34                mbedtls_cipher_list
                0x0000000000030b78                mbedtls_cipher_info_from_type
                0x0000000000030ba4                mbedtls_cipher_info_from_string
                0x0000000000030c00                mbedtls_cipher_info_from_values
                0x0000000000030c58                mbedtls_cipher_init
                0x0000000000030c70                mbedtls_cipher_free
                0x0000000000030cc4                mbedtls_cipher_clone
                0x0000000000030d94                mbedtls_cipher_setup
                0x0000000000030e0c                mbedtls_cipher_setup_info
                0x0000000000030e2c                mbedtls_cipher_setkey
                0x0000000000030eac                mbedtls_cipher_set_iv
                0x0000000000030f7c                mbedtls_cipher_reset
                0x0000000000030f98                mbedtls_cipher_update_ad
                0x000000000003101c                mbedtls_cipher_update
                0x00000000000312e8                mbedtls_cipher_finish_padded
                0x00000000000314d0                mbedtls_cipher_finish
                0x000000000003153c                mbedtls_cipher_set_padding_mode
                0x0000000000031580                mbedtls_cipher_write_tag
                0x00000000000315c0                mbedtls_cipher_check_tag
                0x00000000000316a0                mbedtls_cipher_crypt
                0x0000000000031788                mbedtls_cipher_auth_encrypt_ext
                0x0000000000031870                mbedtls_cipher_auth_decrypt_ext
 .text          0x0000000000031948      0x328 out/arm-plat-imx/export-ta_arm64/lib/libmbedtls.a(cipher_wrap.o)
 .text          0x0000000000031c70     0x1740 out/arm-plat-imx/export-ta_arm64/lib/libmbedtls.a(des.o)
                0x0000000000031c70                mbedtls_des_init
                0x0000000000031c88                mbedtls_des_free
                0x0000000000031c98                mbedtls_des3_init
                0x0000000000031ca4                mbedtls_des3_free
                0x0000000000031cb4                mbedtls_des_key_set_parity
                0x0000000000031ce0                mbedtls_des_key_check_key_parity
                0x0000000000031d1c                mbedtls_des_key_check_weak
                0x0000000000031d80                mbedtls_des_setkey
                0x00000000000322bc                mbedtls_des_setkey_enc
                0x00000000000322d4                mbedtls_des_setkey_dec
                0x0000000000032334                mbedtls_des3_set2key_enc
                0x00000000000323a4                mbedtls_des3_set2key_dec
                0x0000000000032418                mbedtls_des3_set3key_enc
                0x0000000000032488                mbedtls_des3_set3key_dec
                0x00000000000324fc                mbedtls_des_crypt_ecb
                0x000000000003278c                mbedtls_des_crypt_cbc
                0x0000000000032900                mbedtls_des3_crypt_ecb
                0x0000000000032db4                mbedtls_des3_crypt_cbc
                0x0000000000032f28                mbedtls_des_self_test
 .text          0x00000000000333b0      0x9ac out/arm-plat-imx/export-ta_arm64/lib/libmbedtls.a(ecdsa.o)
                0x000000000003345c                mbedtls_ecdsa_can_do
                0x0000000000033464                mbedtls_ecdsa_sign_restartable
                0x00000000000336c4                mbedtls_ecdsa_sign
                0x00000000000336e8                mbedtls_ecdsa_verify_restartable
                0x0000000000033934                mbedtls_ecdsa_verify
                0x000000000003393c                mbedtls_ecdsa_write_signature_restartable
                0x0000000000033b10                mbedtls_ecdsa_write_signature
                0x0000000000033b34                mbedtls_ecdsa_read_signature_restartable
                0x0000000000033c84                mbedtls_ecdsa_read_signature
                0x0000000000033c8c                mbedtls_ecdsa_genkey
                0x0000000000033ce4                mbedtls_ecdsa_init
                0x0000000000033ce8                mbedtls_ecdsa_free
                0x0000000000033cf4                mbedtls_ecdsa_from_keypair
 .text          0x0000000000033d5c      0x9a4 out/arm-plat-imx/export-ta_arm64/lib/libmbedtls.a(md.o)
                0x0000000000033d5c                mbedtls_md_info_from_type
                0x0000000000033dd4                mbedtls_md_init
                0x0000000000033de0                mbedtls_md_free
                0x0000000000033e8c                mbedtls_md_clone
                0x0000000000033f64                mbedtls_md_setup
                0x0000000000034074                mbedtls_md_starts
                0x00000000000340e0                mbedtls_md_update
                0x000000000003413c                mbedtls_md_finish
                0x0000000000034198                mbedtls_md
                0x00000000000341fc                mbedtls_md_get_size
                0x0000000000034210                mbedtls_md_get_type
                0x0000000000034224                mbedtls_md_list
                0x0000000000034234                mbedtls_md_info_from_string
                0x0000000000034280                mbedtls_md_get_name
                0x00000000000342b0                mbedtls_md_info_from_ctx
                0x00000000000342bc                mbedtls_md_hmac_starts
                0x000000000003449c                mbedtls_md_hmac_update
                0x00000000000344bc                mbedtls_md_hmac_finish
                0x00000000000345a0                mbedtls_md_hmac_reset
                0x0000000000034600                mbedtls_md_hmac
 .text          0x0000000000034700     0x1088 out/arm-plat-imx/export-ta_arm64/lib/libmbedtls.a(md5.o)
                0x0000000000034700                mbedtls_md5_init
                0x0000000000034718                mbedtls_md5_free
                0x0000000000034728                mbedtls_md5_clone
                0x0000000000034740                mbedtls_md5_starts
                0x000000000003477c                mbedtls_internal_md5_process
                0x0000000000035314                mbedtls_md5_update
                0x0000000000035400                mbedtls_md5_finish
                0x0000000000035598                mbedtls_md5
                0x0000000000035658                mbedtls_md5_self_test
 .text          0x0000000000035788      0xb10 out/arm-plat-imx/export-ta_arm64/lib/libmbedtls.a(oid.o)
                0x00000000000358c8                mbedtls_oid_get_attr_short_name
                0x0000000000035944                mbedtls_oid_get_x509_ext_type
                0x00000000000359c0                mbedtls_oid_get_extended_key_usage
                0x0000000000035a3c                mbedtls_oid_get_certificate_policies
                0x0000000000035ab8                mbedtls_oid_get_sig_alg_desc
                0x0000000000035afc                mbedtls_oid_get_sig_alg
                0x0000000000035b4c                mbedtls_oid_get_oid_by_sig_alg
                0x0000000000035b98                mbedtls_oid_get_pk_alg
                0x0000000000035c14                mbedtls_oid_get_oid_by_pk_alg
                0x0000000000035c58                mbedtls_oid_get_ec_grp
                0x0000000000035cd4                mbedtls_oid_get_oid_by_ec_grp
                0x0000000000035d18                mbedtls_oid_get_ec_grp_algid
                0x0000000000035d20                mbedtls_oid_get_oid_by_ec_grp_algid
                0x0000000000035d28                mbedtls_oid_get_cipher_alg
                0x0000000000035da4                mbedtls_oid_get_md_alg
                0x0000000000035e20                mbedtls_oid_get_oid_by_md
                0x0000000000035e64                mbedtls_oid_get_md_hmac
                0x0000000000035ee0                mbedtls_oid_get_numeric_string
                0x0000000000036034                mbedtls_oid_from_numeric_string
 .text          0x0000000000036298      0xc4c out/arm-plat-imx/export-ta_arm64/lib/libmbedtls.a(pem.o)
                0x0000000000036724                mbedtls_pem_init
                0x0000000000036730                mbedtls_pem_read_buffer
                0x0000000000036c9c                mbedtls_pem_free
                0x0000000000036ce0                mbedtls_pem_write_buffer
 .text          0x0000000000036ee4      0x15c out/arm-plat-imx/export-ta_arm64/lib/libmbedtls.a(pk_ecc.o)
                0x0000000000036f10                mbedtls_pk_ecc_set_group
                0x0000000000036f88                mbedtls_pk_ecc_set_key
                0x0000000000036fd8                mbedtls_pk_ecc_set_pubkey_from_prv
                0x0000000000036ff4                mbedtls_pk_ecc_set_pubkey
 .text          0x0000000000037040     0x1724 out/arm-plat-imx/export-ta_arm64/lib/libmbedtls.a(sha1.o)
                0x0000000000037040                mbedtls_sha1_init
                0x000000000003705c                mbedtls_sha1_free
                0x000000000003706c                mbedtls_sha1_clone
                0x0000000000037084                mbedtls_sha1_starts
                0x00000000000370cc                mbedtls_internal_sha1_process
                0x000000000003823c                mbedtls_sha1_update
                0x0000000000038328                mbedtls_sha1_finish
                0x00000000000384f4                mbedtls_sha1
                0x00000000000385b4                mbedtls_sha1_self_test
 .text          0x0000000000038764      0xecc out/arm-plat-imx/export-ta_arm64/lib/libmbedtls.a(sha256.o)
                0x0000000000038764                mbedtls_sha256_init
                0x000000000003877c                mbedtls_sha256_free
                0x000000000003878c                mbedtls_sha256_clone
                0x00000000000387a4                mbedtls_sha256_starts
                0x0000000000038820                mbedtls_internal_sha256_process
                0x0000000000039068                mbedtls_sha256_update
                0x0000000000039168                mbedtls_sha256_finish
                0x0000000000039378                mbedtls_sha256
                0x0000000000039448                mbedtls_sha256_self_test
 .text          0x0000000000039630      0xc14 out/arm-plat-imx/export-ta_arm64/lib/libmbedtls.a(sha512.o)
                0x0000000000039630                mbedtls_sha512_init
                0x000000000003963c                mbedtls_sha512_free
                0x000000000003964c                mbedtls_sha512_clone
                0x0000000000039664                mbedtls_sha512_starts
                0x00000000000397b8                mbedtls_internal_sha512_process
                0x0000000000039c04                mbedtls_sha512_update
                0x0000000000039d10                mbedtls_sha512_finish
                0x000000000003a15c                mbedtls_sha512
                0x000000000003a234                mbedtls_sha512_self_test
                0x000000000003a23c                mbedtls_sha384_self_test
 .text          0x000000000003a244     0x174c out/arm-plat-imx/export-ta_arm64/lib/libmbedtls.a(aes.o)
                0x000000000003a4d0                mbedtls_aes_init
                0x000000000003a4dc                mbedtls_aes_free
                0x000000000003a4ec                mbedtls_aes_setkey_enc
                0x000000000003a810                mbedtls_aes_setkey_dec
                0x000000000003a9cc                mbedtls_internal_aes_encrypt
                0x000000000003aed8                mbedtls_internal_aes_decrypt
                0x000000000003b3ec                mbedtls_aes_crypt_ecb
                0x000000000003b414                mbedtls_aes_crypt_cbc
                0x000000000003b62c                mbedtls_aes_self_test
 .text          0x000000000003b990      0x5e4 out/arm-plat-imx/export-ta_arm64/lib/libmbedtls.a(base64.o)
                0x000000000003bb08                mbedtls_base64_encode
                0x000000000003bc6c                mbedtls_base64_decode
                0x000000000003be48                mbedtls_base64_self_test
 .text          0x000000000003bf74      0x904 out/arm-plat-imx/export-ta_arm64/lib/libmbedtls.a(chacha20.o)
                0x000000000003c258                mbedtls_chacha20_init
                0x000000000003c290                mbedtls_chacha20_free
                0x000000000003c2a0                mbedtls_chacha20_setkey
                0x000000000003c408                mbedtls_chacha20_starts
                0x000000000003c4d4                mbedtls_chacha20_update
                0x000000000003c63c                mbedtls_chacha20_crypt
                0x000000000003c71c                mbedtls_chacha20_self_test
 .text          0x000000000003c878      0x6bc out/arm-plat-imx/export-ta_arm64/lib/libmbedtls.a(chachapoly.o)
                0x000000000003c8fc                mbedtls_chachapoly_init
                0x000000000003c92c                mbedtls_chachapoly_free
                0x000000000003c964                mbedtls_chachapoly_setkey
                0x000000000003c968                mbedtls_chachapoly_starts
                0x000000000003ca34                mbedtls_chachapoly_update_aad
                0x000000000003ca5c                mbedtls_chachapoly_update
                0x000000000003cb38                mbedtls_chachapoly_finish
                0x000000000003ccd4                mbedtls_chachapoly_encrypt_and_tag
                0x000000000003cd10                mbedtls_chachapoly_auth_decrypt
                0x000000000003cdc0                mbedtls_chachapoly_self_test
 .text          0x000000000003cf34      0x898 out/arm-plat-imx/export-ta_arm64/lib/libmbedtls.a(poly1305.o)
                0x000000000003d198                mbedtls_poly1305_init
                0x000000000003d1a0                mbedtls_poly1305_free
                0x000000000003d1b0                mbedtls_poly1305_starts
                0x000000000003d318                mbedtls_poly1305_update
                0x000000000003d408                mbedtls_poly1305_finish
                0x000000000003d5bc                mbedtls_poly1305_mac
                0x000000000003d684                mbedtls_poly1305_self_test
 .text          0x000000000003d7cc     0x10d8 out/arm-plat-imx/export-ta_arm64/lib/libutils.a(bget_malloc.o)
                0x000000000003d840                bget
                0x000000000003db08                bgetz
                0x000000000003db90                brel
                0x000000000003de14                bgetr
                0x000000000003dee4                bpool
                0x000000000003dfb4                bget_main_test
                0x000000000003e260                raw_malloc_flags
                0x000000000003e3a4                raw_memalign
                0x000000000003e3c8                raw_malloc
                0x000000000003e3ec                raw_free
                0x000000000003e430                raw_calloc
                0x000000000003e454                raw_realloc
                0x000000000003e478                free_flags
                0x000000000003e494                malloc
                0x000000000003e4c0                malloc_flags
                0x000000000003e4e4                calloc
                0x000000000003e510                realloc
                0x000000000003e53c                memalign
                0x000000000003e568                aligned_alloc
                0x000000000003e5a4                free
                0x000000000003e5b0                free_wipe
                0x000000000003e5bc                raw_malloc_get_ctx_size
                0x000000000003e5c4                raw_malloc_init_ctx
                0x000000000003e5d8                raw_malloc_add_pool
                0x000000000003e6ac                raw_malloc_buffer_overlaps_heap
                0x000000000003e72c                raw_malloc_buffer_is_within_alloced
                0x000000000003e85c                malloc_add_pool
                0x000000000003e874                malloc_buffer_is_within_alloced
                0x000000000003e88c                malloc_buffer_overlaps_heap
 .text          0x000000000003e8a4       0x28 out/arm-plat-imx/export-ta_arm64/lib/libutils.a(isxdigit.o)
                0x000000000003e8a4                isxdigit
 .text          0x000000000003e8cc       0x14 out/arm-plat-imx/export-ta_arm64/lib/libutils.a(tolower.o)
                0x000000000003e8cc                tolower
 .text          0x000000000003e8e0       0x34 out/arm-plat-imx/export-ta_arm64/lib/libutils.a(memcmp.o)
                0x000000000003e8e0                memcmp
 .text          0x000000000003e914       0x5c out/arm-plat-imx/export-ta_arm64/lib/libutils.a(memmove.o)
                0x000000000003e914                memmove
 .text          0x000000000003e970       0x38 out/arm-plat-imx/export-ta_arm64/lib/libutils.a(strlcpy.o)
                0x000000000003e970                strlcpy
 .text          0x000000000003e9a8      0x198 out/arm-plat-imx/export-ta_arm64/lib/libutils.a(mempool.o)
                0x000000000003e9a8                mempool_alloc_pool
                0x000000000003ea70                mempool_alloc
                0x000000000003ead4                mempool_calloc
                0x000000000003eb24                mempool_free
 .text          0x000000000003eb40      0x41c out/arm-plat-imx/export-ta_arm64/lib/libutils.a(fault_mitigation.o)
                0x000000000003eb40                ___ftmn_return_res
                0x000000000003eba0                ___ftmn_expect_state
                0x000000000003ec14                ___ftmn_callee_done
                0x000000000003ec2c                ___ftmn_callee_done_not_zero
                0x000000000003ec78                ___ftmn_callee_done_memcmp
                0x000000000003ed00                ___ftmn_callee_done_check
                0x000000000003eda4                ___ftmn_callee_update_not_zero
                0x000000000003eddc                ___ftmn_copy_linked_call_res
                0x000000000003ee44                ___ftmn_set_check_res
                0x000000000003ee6c                ___ftmn_set_check_res_not_zero
                0x000000000003eec4                ___ftmn_set_check_res_memcmp
 .text          0x000000000003ef5c      0x250 out/arm-plat-imx/export-ta_arm64/lib/libutils.a(base64.o)
                0x000000000003ef5c                base64_enc_len
                0x000000000003ef74                base64_enc
                0x000000000003f088                base64_dec
 .text          0x000000000003f1ac        0x0 out/arm-plat-imx/export-ta_arm64/lib/libutee.a(utee_syscalls_a64.o)
 .text          0x000000000003f1ac        0x0 out/arm-plat-imx/export-ta_arm64/lib/libutee.a(abort.o)
 *(SORT_BY_ALIGNMENT(.stub))
 *(SORT_BY_ALIGNMENT(.glue_7))
 *(SORT_BY_ALIGNMENT(.glue_7t))
 *(SORT_BY_ALIGNMENT(.gnu.linkonce.t.*))
 *(SORT_BY_ALIGNMENT(.vfp11_veneer))
                0x000000000003f1ac                __text_end = .

.note.gnu.property
 *(SORT_BY_ALIGNMENT(.note.gnu.property))

.plt            0x000000000003f1ac        0x0
 *(SORT_BY_ALIGNMENT(.plt))
 .plt           0x000000000003f1ac        0x0 out/arm-plat-imx/ta/pkcs11/src/attributes.o

.eh_frame_hdr
 *(SORT_BY_ALIGNMENT(.eh_frame_hdr))
 *(SORT_BY_ALIGNMENT(.eh_frame_entry) SORT_BY_ALIGNMENT(.eh_frame_entry.*))

.eh_frame       0x000000000003f1b0     0xb288
 *(SORT_BY_ALIGNMENT(.eh_frame))
 .eh_frame      0x000000000003f1b0      0x288 out/arm-plat-imx/ta/pkcs11/src/attributes.o
 .eh_frame      0x000000000003f438       0x98 out/arm-plat-imx/ta/pkcs11/src/entry.o
                                         0xb0 (size before relaxing)
 .eh_frame      0x000000000003f4d0       0xf8 out/arm-plat-imx/ta/pkcs11/src/handle.o
                                        0x108 (size before relaxing)
 .eh_frame      0x000000000003f5c8      0x358 out/arm-plat-imx/ta/pkcs11/src/object.o
                                        0x370 (size before relaxing)
 .eh_frame      0x000000000003f920      0x340 out/arm-plat-imx/ta/pkcs11/src/persistent_token.o
                                        0x350 (size before relaxing)
 .eh_frame      0x000000000003fc60      0x558 out/arm-plat-imx/ta/pkcs11/src/pkcs11_attributes.o
                                        0x570 (size before relaxing)
 .eh_frame      0x00000000000401b8      0x2a0 out/arm-plat-imx/ta/pkcs11/src/pkcs11_helpers.o
                                        0x2b8 (size before relaxing)
 .eh_frame      0x0000000000040458      0x560 out/arm-plat-imx/ta/pkcs11/src/pkcs11_token.o
                                        0x570 (size before relaxing)
 .eh_frame      0x00000000000409b8      0x230 out/arm-plat-imx/ta/pkcs11/src/processing.o
                                        0x248 (size before relaxing)
 .eh_frame      0x0000000000040be8      0x1d0 out/arm-plat-imx/ta/pkcs11/src/processing_aes.o
                                        0x1e8 (size before relaxing)
 .eh_frame      0x0000000000040db8      0x1b0 out/arm-plat-imx/ta/pkcs11/src/processing_asymm.o
                                        0x1c0 (size before relaxing)
 .eh_frame      0x0000000000040f68       0x88 out/arm-plat-imx/ta/pkcs11/src/processing_digest.o
                                         0xa0 (size before relaxing)
 .eh_frame      0x0000000000040ff0      0x268 out/arm-plat-imx/ta/pkcs11/src/processing_ec.o
                                        0x278 (size before relaxing)
 .eh_frame      0x0000000000041258      0x228 out/arm-plat-imx/ta/pkcs11/src/processing_rsa.o
                                        0x240 (size before relaxing)
 .eh_frame      0x0000000000041480      0x1a0 out/arm-plat-imx/ta/pkcs11/src/processing_symm.o
                                        0x1b8 (size before relaxing)
 .eh_frame      0x0000000000041620      0x140 out/arm-plat-imx/ta/pkcs11/src/sanitize_object.o
                                        0x150 (size before relaxing)
 .eh_frame      0x0000000000041760      0x178 out/arm-plat-imx/ta/pkcs11/src/serializer.o
                                        0x190 (size before relaxing)
 .eh_frame      0x00000000000418d8      0x100 out/arm-plat-imx/ta/pkcs11/src/token_capabilities.o
                                        0x110 (size before relaxing)
 .eh_frame      0x00000000000419d8       0x40 out/arm-plat-imx/ta/pkcs11/user_ta_header.o
                                         0x50 (size before relaxing)
 .eh_frame      0x0000000000041a18       0x58 out/arm-plat-imx/export-ta_arm64/lib/libutils.a(snprintf.o)
                                         0x70 (size before relaxing)
 .eh_frame      0x0000000000041a70       0x18 out/arm-plat-imx/export-ta_arm64/lib/libutils.a(stack_check.o)
                                         0x30 (size before relaxing)
 .eh_frame      0x0000000000041a88       0x18 out/arm-plat-imx/export-ta_arm64/lib/libutils.a(memcpy.o)
                                         0x28 (size before relaxing)
 .eh_frame      0x0000000000041aa0       0x18 out/arm-plat-imx/export-ta_arm64/lib/libutils.a(memset.o)
                                         0x28 (size before relaxing)
 .eh_frame      0x0000000000041ab8       0x18 out/arm-plat-imx/export-ta_arm64/lib/libutils.a(strchr.o)
                                         0x28 (size before relaxing)
 .eh_frame      0x0000000000041ad0       0x18 out/arm-plat-imx/export-ta_arm64/lib/libutils.a(strcmp.o)
                                         0x28 (size before relaxing)
 .eh_frame      0x0000000000041ae8       0x18 out/arm-plat-imx/export-ta_arm64/lib/libutils.a(strcpy.o)
                                         0x28 (size before relaxing)
 .eh_frame      0x0000000000041b00       0x18 out/arm-plat-imx/export-ta_arm64/lib/libutils.a(strlen.o)
                                         0x28 (size before relaxing)
 .eh_frame      0x0000000000041b18       0x18 out/arm-plat-imx/export-ta_arm64/lib/libutils.a(strnlen.o)
                                         0x28 (size before relaxing)
 .eh_frame      0x0000000000041b30       0x18 out/arm-plat-imx/export-ta_arm64/lib/libutils.a(strstr.o)
                                         0x28 (size before relaxing)
 .eh_frame      0x0000000000041b48       0xf0 out/arm-plat-imx/export-ta_arm64/lib/libutils.a(snprintk.o)
                                        0x108 (size before relaxing)
 .eh_frame      0x0000000000041c38       0xb8 out/arm-plat-imx/export-ta_arm64/lib/libutils.a(trace.o)
                                         0xc8 (size before relaxing)
 .eh_frame      0x0000000000041cf0       0x20 out/arm-plat-imx/export-ta_arm64/lib/libutils.a(consttime_memcmp.o)
                                         0x30 (size before relaxing)
 .eh_frame      0x0000000000041d10       0x18 out/arm-plat-imx/export-ta_arm64/lib/libutils.a(memchr.o)
                                         0x28 (size before relaxing)
 .eh_frame      0x0000000000041d28       0x38 out/arm-plat-imx/export-ta_arm64/lib/libutee.a(assert.o)