Archive member included to satisfy reference by file (symbol)

out/arm-plat-imx/export-ta_arm64/lib/libutils.a(stack_check.o)
                              out/arm-plat-imx/ta/app_secrets/app_secrets_ta.o (__stack_chk_fail)
out/arm-plat-imx/export-ta_arm64/lib/libutils.a(memcpy.o)
                              out/arm-plat-imx/ta/app_secrets/app_secrets_ta.o (memcpy)
out/arm-plat-imx/export-ta_arm64/lib/libutils.a(trace.o)
                              out/arm-plat-imx/ta/app_secrets/app_secrets_ta.o (trace_printf)
out/arm-plat-imx/export-ta_arm64/lib/libutils.a(memzero_explicit.o)
                              out/arm-plat-imx/ta/app_secrets/app_secrets_ta.o (memzero_explicit)
out/arm-plat-imx/export-ta_arm64/lib/libutils.a(memset.o)
                              out/arm-plat-imx/export-ta_arm64/lib/libutils.a(memzero_explicit.o) (memset)
out/arm-plat-imx/export-ta_arm64/lib/libutils.a(snprintk.o)
                              out/arm-plat-imx/export-ta_arm64/lib/libutils.a(trace.o) (vsnprintk)
out/arm-plat-imx/export-ta_arm64/lib/libutils.a(memchr.o)
                              out/arm-plat-imx/export-ta_arm64/lib/libutils.a(snprintk.o) (memchr)
out/arm-plat-imx/export-ta_arm64/lib/libutils.a(strlen.o)
                              out/arm-plat-imx/export-ta_arm64/lib/libutils.a(snprintk.o) (strlen)
out/arm-plat-imx/export-ta_arm64/lib/libutee.a(assert.o)
                              out/arm-plat-imx/ta/app_secrets/app_secrets_ta.o (_assert_log)
out/arm-plat-imx/export-ta_arm64/lib/libutee.a(trace_ext.o)
                              out/arm-plat-imx/export-ta_arm64/lib/libutils.a(trace.o) (trace_ext_puts)
out/arm-plat-imx/export-ta_arm64/lib/libutee.a(tee_api.o)
                              out/arm-plat-imx/ta/app_secrets/app_secrets_ta.o (TEE_CloseTASession)
out/arm-plat-imx/export-ta_arm64/lib/libutee.a(tee_api_objects.o)
                              out/arm-plat-imx/ta/app_secrets/app_secrets_ta.o (TEE_AllocateTransientObject)
out/arm-plat-imx/export-ta_arm64/lib/libutee.a(tee_api_operations.o)
                              out/arm-plat-imx/ta/app_secrets/app_secrets_ta.o (TEE_FreeOperation)
out/arm-plat-imx/export-ta_arm64/lib/libutee.a(tee_api_panic.o)
                              out/arm-plat-imx/export-ta_arm64/lib/libutee.a(tee_api.o) (TEE_Panic)
out/arm-plat-imx/export-ta_arm64/lib/libutee.a(tee_api_property.o)
                              out/arm-plat-imx/ta/app_secrets/app_secrets_ta.o (TEE_GetPropertyAsIdentity)
out/arm-plat-imx/export-ta_arm64/lib/libutee.a(tee_system_pta.o)
                              out/arm-plat-imx/export-ta_arm64/lib/libutee.a(tee_api.o) (tee_map_zi)
out/arm-plat-imx/export-ta_arm64/lib/libutee.a(user_ta_entry.o)
                              out/arm-plat-imx/ta/app_secrets/user_ta_header.o (__utee_entry)
out/arm-plat-imx/export-ta_arm64/lib/libutee.a(utee_syscalls_a64.o)
                              out/arm-plat-imx/export-ta_arm64/lib/libutils.a(stack_check.o) (_utee_panic)
out/arm-plat-imx/export-ta_arm64/lib/libutee.a(abort.o)
                              out/arm-plat-imx/export-ta_arm64/lib/libutee.a(user_ta_entry.o) (abort)
out/arm-plat-imx/export-ta_arm64/lib/libutee.a(tee_api_arith_mpi.o)
                              out/arm-plat-imx/export-ta_arm64/lib/libutee.a(user_ta_entry.o) (_TEE_MathAPI_Init)
out/arm-plat-imx/export-ta_arm64/lib/libutee.a(tcb.o)
                              out/arm-plat-imx/export-ta_arm64/lib/libutee.a(user_ta_entry.o) (__utee_tcb_init)
out/arm-plat-imx/export-ta_arm64/lib/libmbedtls.a(bignum.o)
                              out/arm-plat-imx/export-ta_arm64/lib/libutee.a(tee_api_arith_mpi.o) (mbedtls_mpi_init_mempool)
out/arm-plat-imx/export-ta_arm64/lib/libmbedtls.a(bignum_core.o)
                              out/arm-plat-imx/export-ta_arm64/lib/libmbedtls.a(bignum.o) (mbedtls_mpi_core_bitlen)
out/arm-plat-imx/export-ta_arm64/lib/libmbedtls.a(constant_time.o)
                              out/arm-plat-imx/export-ta_arm64/lib/libmbedtls.a(bignum.o) (mbedtls_ct_zero)
out/arm-plat-imx/export-ta_arm64/lib/libmbedtls.a(platform_util.o)
                              out/arm-plat-imx/export-ta_arm64/lib/libmbedtls.a(bignum.o) (mbedtls_platform_zeroize)
out/arm-plat-imx/export-ta_arm64/lib/libutils.a(bget_malloc.o)
                              out/arm-plat-imx/export-ta_arm64/lib/libutee.a(tee_api.o) (raw_malloc_flags)
out/arm-plat-imx/export-ta_arm64/lib/libutils.a(snprintf.o)
                              out/arm-plat-imx/export-ta_arm64/lib/libutee.a(tee_api_property.o) (snprintf)
out/arm-plat-imx/export-ta_arm64/lib/libutils.a(memmove.o)
                              out/arm-plat-imx/export-ta_arm64/lib/libutee.a(tee_api.o) (memmove)
out/arm-plat-imx/export-ta_arm64/lib/libutils.a(strcmp.o)
                              out/arm-plat-imx/export-ta_arm64/lib/libutee.a(tee_api_property.o) (strcmp)
out/arm-plat-imx/export-ta_arm64/lib/libutils.a(strlcpy.o)
[...]
Memory Configuration

Name             Origin             Length             Attributes
*default*        0x0000000000000000 0xffffffffffffffff

Linker script and memory map


.text           0x0000000000000000    0x13ff0
                0x0000000000000000                __text_start = .
 *(SORT_BY_ALIGNMENT(.text) SORT_BY_ALIGNMENT(.text.*))
 .text          0x0000000000000000       0xec out/arm-plat-imx/export-ta_arm64/lib/libutils.a(memcpy.o)
                0x0000000000000000                memcpy
 .text          0x00000000000000ec      0x818 out/arm-plat-imx/ta/app_secrets/app_secrets_ta.o
                0x00000000000005f8                TA_CreateEntryPoint
                0x0000000000000600                TA_DestroyEntryPoint
                0x0000000000000604                TA_OpenSessionEntryPoint
                0x000000000000060c                TA_CloseSessionEntryPoint
                0x0000000000000610                TA_InvokeCommandEntryPoint
 .text          0x0000000000000904       0x88 out/arm-plat-imx/ta/app_secrets/user_ta_header.o
                0x0000000000000904                __ta_entry
                0x0000000000000984                tahead_get_trace_level
 .text          0x000000000000098c       0x30 out/arm-plat-imx/export-ta_arm64/lib/libutils.a(stack_check.o)
                0x000000000000098c                __stack_chk_fail
 .text          0x00000000000009bc      0x340 out/arm-plat-imx/export-ta_arm64/lib/libutils.a(trace.o)
                0x00000000000009bc                trace_set_level
                0x00000000000009d8                trace_get_level
                0x00000000000009e8                trace_vprintf
                0x0000000000000c0c                trace_printf
                0x0000000000000cf8                dhex_dump
 .text          0x0000000000000cfc        0xc out/arm-plat-imx/export-ta_arm64/lib/libutils.a(memzero_explicit.o)
                0x0000000000000cfc                memzero_explicit
 .text          0x0000000000000d08       0x1c out/arm-plat-imx/export-ta_arm64/lib/libutils.a(memset.o)
                0x0000000000000d08                memset
 .text          0x0000000000000d24      0xe0c out/arm-plat-imx/export-ta_arm64/lib/libutils.a(snprintk.o)
                0x0000000000000d24                __vsnprintf
                0x0000000000000df0                vsnprintk
                0x0000000000000e48                snprintk
                0x0000000000001ae4                __vsprintf
 .text          0x0000000000001b30       0x2c out/arm-plat-imx/export-ta_arm64/lib/libutils.a(memchr.o)
                0x0000000000001b30                memchr
 .text          0x0000000000001b5c       0x1c out/arm-plat-imx/export-ta_arm64/lib/libutils.a(strlen.o)
                0x0000000000001b5c                strlen
 .text          0x0000000000001b78       0x58 out/arm-plat-imx/export-ta_arm64/lib/libutee.a(assert.o)
                0x0000000000001b78                _assert_log
                0x0000000000001bbc                _assert_break
 .text          0x0000000000001bd0      0x1e8 out/arm-plat-imx/export-ta_arm64/lib/libutee.a(trace_ext.o)
                0x0000000000001bd0                trace_ext_puts
                0x0000000000001bf8                trace_ext_get_thread_id
                0x0000000000001c00                printf
                0x0000000000001d00                puts
                0x0000000000001d40                putchar
 .text          0x0000000000001db8     0x10f8 out/arm-plat-imx/export-ta_arm64/lib/libutee.a(tee_api.o)
                0x0000000000002164                TEE_CloseTASession
                0x000000000000218c                TEE_GetCancellationFlag
                0x00000000000021f4                TEE_UnmaskCancellation
                0x000000000000225c                TEE_MaskCancellation
                0x00000000000022c4                TEE_CheckMemoryAccessRights
                0x00000000000024f0                TEE_OpenTASession
                0x000000000000264c                __GP11_TEE_OpenTASession
                0x000000000000279c                TEE_InvokeTACommand
                0x0000000000002928                __GP11_TEE_InvokeTACommand
                0x0000000000002aa8                __GP11_TEE_CheckMemoryAccessRights
                0x0000000000002ab0                TEE_SetInstanceData
                0x0000000000002abc                TEE_GetInstanceData
                0x0000000000002ac8                TEE_MemMove
                0x0000000000002acc                __GP11_TEE_MemMove
                0x0000000000002ad4                TEE_MemCompare
                0x0000000000002ad8                __GP11_TEE_MemCompare
                0x0000000000002ae0                TEE_MemFill
                0x0000000000002ae4                __GP11_TEE_MemFill
                0x0000000000002aec                TEE_GetSystemTime
                0x0000000000002b14                TEE_Wait
                0x0000000000002b50                TEE_GetTAPersistentTime
                0x0000000000002bc8                TEE_SetTAPersistentTime
                0x0000000000002c0c                TEE_GetREETime
                0x0000000000002c34                TEE_Malloc
                0x0000000000002d58                __GP11_TEE_Malloc
                0x0000000000002d60                TEE_Free
                0x0000000000002dc0                TEE_Realloc
                0x0000000000002e90                __GP11_TEE_Realloc
                0x0000000000002e98                TEE_CacheClean
                0x0000000000002ea0                TEE_CacheFlush
                0x0000000000002ea8                TEE_CacheInvalidate
 .text          0x0000000000002eb0     0x1bc4 out/arm-plat-imx/export-ta_arm64/lib/libutee.a(tee_api_objects.o)
                0x0000000000002eb0                __utee_from_attr
                0x0000000000002f00                __utee_from_gp11_attr
                0x0000000000002f50                TEE_GetObjectInfo
                0x0000000000003014                __GP11_TEE_GetObjectInfo
                0x00000000000030e4                TEE_GetObjectInfo1
                0x000000000000319c                __GP11_TEE_GetObjectInfo1
                0x0000000000003264                TEE_RestrictObjectUsage1
                0x00000000000032a8                TEE_RestrictObjectUsage
                0x0000000000003340                TEE_GetObjectBufferAttribute
                0x000000000000344c                __GP11_TEE_GetObjectBufferAttribute
                0x00000000000034f0                TEE_GetObjectValueAttribute
                0x0000000000003630                TEE_CloseObject
                0x0000000000003658                __GP11_TEE_AllocateTransientObject
                0x0000000000003714                TEE_AllocateTransientObject
                0x0000000000003730                TEE_FreeTransientObject
                0x00000000000037c8                TEE_ResetTransientObject
                0x0000000000003860                TEE_PopulateTransientObject
                0x00000000000039a4                __GP11_TEE_PopulateTransientObject
                0x0000000000003ae8                TEE_InitRefAttribute
                0x0000000000003b34                __GP11_TEE_InitRefAttribute
                0x0000000000003b84                TEE_InitValueAttribute
                0x0000000000003bd0                __GP11_TEE_InitValueAttribute
                0x0000000000003c1c                TEE_CopyObjectAttributes1
                0x0000000000003d1c                TEE_CopyObjectAttributes
                0x0000000000003db8                TEE_GenerateKey
                0x0000000000003ec4                __GP11_TEE_GenerateKey
                0x0000000000003fd0                TEE_OpenPersistentObject
                0x00000000000040bc                __GP11_TEE_OpenPersistentObject
                0x00000000000040c4                TEE_CreatePersistentObject
                0x0000000000004210                __GP11_TEE_CreatePersistentObject
                0x000000000000428c                TEE_CloseAndDeletePersistentObject1
                0x00000000000042d4                TEE_CloseAndDeletePersistentObject
                0x0000000000004300                TEE_RenamePersistentObject
                0x000000000000435c                __GP11_TEE_RenamePersistentObject
                0x0000000000004364                TEE_AllocatePersistentObjectEnumerator
                0x00000000000043fc                TEE_FreePersistentObjectEnumerator
                0x0000000000004424                TEE_ResetPersistentObjectEnumerator
                0x000000000000444c                TEE_StartPersistentObjectEnumerator
                0x000000000000449c                TEE_GetNextPersistentObject
                0x00000000000045c0                __GP11_TEE_GetNextPersistentObject
                0x00000000000046f4                TEE_ReadObjectData
                0x00000000000047c4                __GP11_TEE_ReadObjectData
                0x0000000000004868                TEE_WriteObjectData
                0x00000000000048e0                __GP11_TEE_WriteObjectData
                0x00000000000048e8                TEE_TruncateObjectData
                0x0000000000004944                __GP11_TEE_TruncateObjectData
                0x000000000000494c                TEE_SeekObjectData
                0x0000000000004a6c                __GP11_TEE_SeekObjectData
 .text          0x0000000000004a74     0x48f0 out/arm-plat-imx/export-ta_arm64/lib/libutee.a(tee_api_operations.o)
                0x00000000000051f8                TEE_FreeOperation
                0x0000000000005238                TEE_AllocateOperation
                0x0000000000005e88                __GP11_TEE_FreeOperation
                0x0000000000005eb4                TEE_GetOperationInfo
                0x0000000000005f08                TEE_GetOperationInfoMultiple
                0x00000000000060c0                __GP11_TEE_GetOperationInfoMultiple
                0x0000000000006154                TEE_ResetOperation
                0x0000000000006190                TEE_SetOperationKey
                0x00000000000061cc                __GP11_TEE_SetOperationKey
                0x0000000000006208                __GP11_TEE_SetOperationKey2
                0x0000000000006430                TEE_SetOperationKey2
                0x0000000000006450                TEE_CopyOperation
                0x00000000000065ac                TEE_DigestUpdate
                0x000000000000661c                __GP11_TEE_DigestUpdate
                0x0000000000006624                TEE_DigestDoFinal
                0x0000000000006798                __GP11_TEE_DigestDoFinal
                0x0000000000006844                TEE_DigestExtract
                0x00000000000069f4                TEE_CipherInit
                0x0000000000006ad4                __GP11_TEE_CipherInit
                0x0000000000006adc                TEE_CipherUpdate
                0x0000000000006ccc                __GP11_TEE_CipherUpdate
                0x0000000000006d78                TEE_CipherDoFinal
                0x0000000000006f98                __GP11_TEE_CipherDoFinal
                0x0000000000007050                TEE_MACInit
                0x00000000000070f4                __GP11_TEE_MACInit
                0x00000000000070fc                TEE_MACUpdate
                0x000000000000719c                __GP11_TEE_MACUpdate
                0x00000000000071a4                TEE_MACComputeFinal
                0x00000000000072bc                __GP11_TEE_MACComputeFinal
                0x0000000000007368                TEE_MACCompareFinal
                0x0000000000007474                __GP11_TEE_MACCompareFinal
                0x0000000000007480                TEE_AEInit
                0x0000000000007544                __GP11_TEE_AEInit
                0x0000000000007554                TEE_AEUpdateAAD
                0x00000000000075f0                __GP11_TEE_AEUpdateAAD
                0x0000000000007684                TEE_AEUpdate
                0x0000000000007750                __GP11_TEE_AEUpdate
                0x0000000000007858                TEE_AEEncryptFinal
                0x0000000000007a60                __GP11_TEE_AEEncryptFinal
                0x0000000000007b40                TEE_AEDecryptFinal
                0x0000000000007d1c                __GP11_TEE_AEDecryptFinal
                0x0000000000007de0                TEE_AsymmetricEncrypt
                0x0000000000007fa0                __GP11_TEE_AsymmetricEncrypt
                0x0000000000008148                TEE_AsymmetricDecrypt
                0x000000000000830c                __GP11_TEE_AsymmetricDecrypt
                0x00000000000084b8                TEE_AsymmetricSignDigest
                0x0000000000008658                __GP11_TEE_AsymmetricSignDigest
                0x00000000000087f8                TEE_AsymmetricVerifyDigest
                0x0000000000008984                __GP11_TEE_AsymmetricVerifyDigest
                0x0000000000008b10                TEE_DeriveKey
                0x0000000000008cc0                __GP11_TEE_DeriveKey
                0x0000000000008e70                TEE_GenerateRandom
                0x0000000000008e90                __GP11_TEE_GenerateRandom
                0x0000000000008e98                rand
                0x0000000000008efc                TEE_IsAlgorithmSupported
 .text          0x0000000000009364      0x1fc out/arm-plat-imx/export-ta_arm64/lib/libutee.a(tee_api_panic.o)
                0x0000000000009380                TEE_Panic
                0x0000000000009398                __utee_check_outbuf_annotation
                0x00000000000093e4                __utee_check_gp11_outbuf_annotation
                0x0000000000009430                __utee_check_instring_annotation
                0x0000000000009460                __utee_check_outstring_annotation
                0x00000000000094ac                __utee_check_gp11_outstring_annotation
                0x00000000000094f8                __utee_check_out_annotation
                0x0000000000009518                __utee_check_attr_in_annotation
                0x000000000000953c                __utee_check_gp11_attr_in_annotation
                0x0000000000009540                __utee_check_inout_annotation
 .text          0x0000000000009560     0x1044 out/arm-plat-imx/export-ta_arm64/lib/libutee.a(tee_api_property.o)
                0x0000000000009944                TEE_GetPropertyAsString
                0x0000000000009bb0                __GP11_TEE_GetPropertyAsString
                0x0000000000009c54                TEE_GetPropertyAsBool
                0x0000000000009d34                TEE_GetPropertyAsU32
                0x0000000000009e24                TEE_GetPropertyAsU64
                0x0000000000009f14                __GP11_TEE_GetPropertyAsBinaryBlock
                0x000000000000a004                TEE_GetPropertyAsBinaryBlock
                0x000000000000a0a8                TEE_GetPropertyAsUUID
                0x000000000000a198                TEE_GetPropertyAsIdentity
                0x000000000000a288                TEE_ResetPropertyEnumerator
                0x000000000000a294                TEE_AllocatePropertyEnumerator
                0x000000000000a2dc                TEE_FreePropertyEnumerator
                0x000000000000a2e0                TEE_StartPropertyEnumerator
                0x000000000000a2f0                __GP11_TEE_GetPropertyName
                0x000000000000a428                TEE_GetPropertyName
                0x000000000000a4bc                TEE_GetNextProperty
 .text          0x000000000000a5a4      0x2f0 out/arm-plat-imx/export-ta_arm64/lib/libutee.a(tee_system_pta.o)
                0x000000000000a628                tee_map_zi_va
                0x000000000000a6d0                tee_map_zi
                0x000000000000a6e0                tee_unmap
                0x000000000000a7a4                tee_invoke_supp_plugin
 .text          0x000000000000a894      0x76c out/arm-plat-imx/export-ta_arm64/lib/libutee.a(user_ta_entry.o)
                0x000000000000ab64                __utee_call_elf_init_fn
                0x000000000000acb8                __utee_call_elf_fini_fn
                0x000000000000ad5c                __utee_entry
 .text._utee_panic
                0x000000000000b000        0xc out/arm-plat-imx/export-ta_arm64/lib/libutee.a(utee_syscalls_a64.o)
                0x000000000000b000                _utee_panic
 .text._utee_return
                0x000000000000b00c        0xc out/arm-plat-imx/export-ta_arm64/lib/libutee.a(utee_syscalls_a64.o)
                0x000000000000b00c                _utee_return
 .text._utee_log
                0x000000000000b018        0xc out/arm-plat-imx/export-ta_arm64/lib/libutee.a(utee_syscalls_a64.o)
                0x000000000000b018                _utee_log
 .text.__utee_panic
                0x000000000000b024        0xc out/arm-plat-imx/export-ta_arm64/lib/libutee.a(utee_syscalls_a64.o)
                0x000000000000b024                __utee_panic
 .text._utee_get_property
                0x000000000000b030        0xc out/arm-plat-imx/export-ta_arm64/lib/libutee.a(utee_syscalls_a64.o)
                0x000000000000b030                _utee_get_property
 .text._utee_get_property_name_to_index
                0x000000000000b03c        0xc out/arm-plat-imx/export-ta_arm64/lib/libutee.a(utee_syscalls_a64.o)
                0x000000000000b03c                _utee_get_property_name_to_index
 .text._utee_open_ta_session
                0x000000000000b048        0xc out/arm-plat-imx/export-ta_arm64/lib/libutee.a(utee_syscalls_a64.o)
                0x000000000000b048                _utee_open_ta_session
 .text._utee_close_ta_session
                0x000000000000b054        0xc out/arm-plat-imx/export-ta_arm64/lib/libutee.a(utee_syscalls_a64.o)
                0x000000000000b054                _utee_close_ta_session
 .text._utee_invoke_ta_command
                0x000000000000b060        0xc out/arm-plat-imx/export-ta_arm64/lib/libutee.a(utee_syscalls_a64.o)
                0x000000000000b060                _utee_invoke_ta_command
 .text._utee_get_cancellation_flag
                0x000000000000b06c        0xc out/arm-plat-imx/export-ta_arm64/lib/libutee.a(utee_syscalls_a64.o)
                0x000000000000b06c                _utee_get_cancellation_flag
 .text._utee_check_access_rights
                0x000000000000b078        0xc out/arm-plat-imx/export-ta_arm64/lib/libutee.a(utee_syscalls_a64.o)
                0x000000000000b078                _utee_check_access_rights
 .text._utee_unmask_cancellation
                0x000000000000b084        0xc out/arm-plat-imx/export-ta_arm64/lib/libutee.a(utee_syscalls_a64.o)
                0x000000000000b084                _utee_unmask_cancellation
 .text._utee_mask_cancellation
                0x000000000000b090        0xc out/arm-plat-imx/export-ta_arm64/lib/libutee.a(utee_syscalls_a64.o)
                0x000000000000b090                _utee_mask_cancellation
 .text._utee_wait
                0x000000000000b09c        0xc out/arm-plat-imx/export-ta_arm64/lib/libutee.a(utee_syscalls_a64.o)
                0x000000000000b09c                _utee_wait
 .text._utee_get_time
                0x000000000000b0a8        0xc out/arm-plat-imx/export-ta_arm64/lib/libutee.a(utee_syscalls_a64.o)
                0x000000000000b0a8                _utee_get_time
 .text._utee_set_ta_time
                0x000000000000b0b4        0xc out/arm-plat-imx/export-ta_arm64/lib/libutee.a(utee_syscalls_a64.o)
                0x000000000000b0b4                _utee_set_ta_time
 .text._utee_cryp_state_alloc
                0x000000000000b0c0        0xc out/arm-plat-imx/export-ta_arm64/lib/libutee.a(utee_syscalls_a64.o)
                0x000000000000b0c0                _utee_cryp_state_alloc
 .text._utee_cryp_state_copy
                0x000000000000b0cc        0xc out/arm-plat-imx/export-ta_arm64/lib/libutee.a(utee_syscalls_a64.o)
                0x000000000000b0cc                _utee_cryp_state_copy
 .text._utee_cryp_state_free
                0x000000000000b0d8        0xc out/arm-plat-imx/export-ta_arm64/lib/libutee.a(utee_syscalls_a64.o)
                0x000000000000b0d8                _utee_cryp_state_free
 .text._utee_hash_init
                0x000000000000b0e4        0xc out/arm-plat-imx/export-ta_arm64/lib/libutee.a(utee_syscalls_a64.o)
                0x000000000000b0e4                _utee_hash_init
 .text._utee_hash_update
                0x000000000000b0f0        0xc out/arm-plat-imx/export-ta_arm64/lib/libutee.a(utee_syscalls_a64.o)
                0x000000000000b0f0                _utee_hash_update
 .text._utee_hash_final
                0x000000000000b0fc        0xc out/arm-plat-imx/export-ta_arm64/lib/libutee.a(utee_syscalls_a64.o)
                0x000000000000b0fc                _utee_hash_final
 .text._utee_cipher_init
                0x000000000000b108        0xc out/arm-plat-imx/export-ta_arm64/lib/libutee.a(utee_syscalls_a64.o)
                0x000000000000b108                _utee_cipher_init
 .text._utee_cipher_update
                0x000000000000b114        0xc out/arm-plat-imx/export-ta_arm64/lib/libutee.a(utee_syscalls_a64.o)
                0x000000000000b114                _utee_cipher_update
 .text._utee_cipher_final
                0x000000000000b120        0xc out/arm-plat-imx/export-ta_arm64/lib/libutee.a(utee_syscalls_a64.o)
                0x000000000000b120                _utee_cipher_final
 .text._utee_cryp_obj_get_info
                0x000000000000b12c        0xc out/arm-plat-imx/export-ta_arm64/lib/libutee.a(utee_syscalls_a64.o)
                0x000000000000b12c                _utee_cryp_obj_get_info
 .text._utee_cryp_obj_restrict_usage
                0x000000000000b138        0xc out/arm-plat-imx/export-ta_arm64/lib/libutee.a(utee_syscalls_a64.o)
                0x000000000000b138                _utee_cryp_obj_restrict_usage
 .text._utee_cryp_obj_get_attr
                0x000000000000b144        0xc out/arm-plat-imx/export-ta_arm64/lib/libutee.a(utee_syscalls_a64.o)
                0x000000000000b144                _utee_cryp_obj_get_attr
 .text._utee_cryp_obj_alloc
                0x000000000000b150        0xc out/arm-plat-imx/export-ta_arm64/lib/libutee.a(utee_syscalls_a64.o)
                0x000000000000b150                _utee_cryp_obj_alloc
 .text._utee_cryp_obj_close
                0x000000000000b15c        0xc out/arm-plat-imx/export-ta_arm64/lib/libutee.a(utee_syscalls_a64.o)
                0x000000000000b15c                _utee_cryp_obj_close
 .text._utee_cryp_obj_reset
                0x000000000000b168        0xc out/arm-plat-imx/export-ta_arm64/lib/libutee.a(utee_syscalls_a64.o)
                0x000000000000b168                _utee_cryp_obj_reset
 .text._utee_cryp_obj_populate
                0x000000000000b174        0xc out/arm-plat-imx/export-ta_arm64/lib/libutee.a(utee_syscalls_a64.o)
                0x000000000000b174                _utee_cryp_obj_populate
 .text._utee_cryp_obj_copy
                0x000000000000b180        0xc out/arm-plat-imx/export-ta_arm64/lib/libutee.a(utee_syscalls_a64.o)
                0x000000000000b180                _utee_cryp_obj_copy
 .text._utee_cryp_derive_key
                0x000000000000b18c        0xc out/arm-plat-imx/export-ta_arm64/lib/libutee.a(utee_syscalls_a64.o)
                0x000000000000b18c                _utee_cryp_derive_key
 .text._utee_cryp_random_number_generate
                0x000000000000b198        0xc out/arm-plat-imx/export-ta_arm64/lib/libutee.a(utee_syscalls_a64.o)
                0x000000000000b198                _utee_cryp_random_number_generate
 .text._utee_authenc_init
                0x000000000000b1a4        0xc out/arm-plat-imx/export-ta_arm64/lib/libutee.a(utee_syscalls_a64.o)
                0x000000000000b1a4                _utee_authenc_init
 .text._utee_authenc_update_aad
                0x000000000000b1b0        0xc out/arm-plat-imx/export-ta_arm64/lib/libutee.a(utee_syscalls_a64.o)
                0x000000000000b1b0                _utee_authenc_update_aad
 .text._utee_authenc_update_payload
                0x000000000000b1bc        0xc out/arm-plat-imx/export-ta_arm64/lib/libutee.a(utee_syscalls_a64.o)
                0x000000000000b1bc                _utee_authenc_update_payload
 .text._utee_authenc_enc_final
                0x000000000000b1c8        0xc out/arm-plat-imx/export-ta_arm64/lib/libutee.a(utee_syscalls_a64.o)
                0x000000000000b1c8                _utee_authenc_enc_final
 .text._utee_authenc_dec_final
                0x000000000000b1d4        0xc out/arm-plat-imx/export-ta_arm64/lib/libutee.a(utee_syscalls_a64.o)
                0x000000000000b1d4                _utee_authenc_dec_final
 .text._utee_asymm_operate
                0x000000000000b1e0        0xc out/arm-plat-imx/export-ta_arm64/lib/libutee.a(utee_syscalls_a64.o)
                0x000000000000b1e0                _utee_asymm_operate
 .text._utee_asymm_verify
                0x000000000000b1ec        0xc out/arm-plat-imx/export-ta_arm64/lib/libutee.a(utee_syscalls_a64.o)
                0x000000000000b1ec                _utee_asymm_verify
 .text._utee_storage_obj_open
                0x000000000000b1f8        0xc out/arm-plat-imx/export-ta_arm64/lib/libutee.a(utee_syscalls_a64.o)
                0x000000000000b1f8                _utee_storage_obj_open
 .text._utee_storage_obj_create
                0x000000000000b204        0xc out/arm-plat-imx/export-ta_arm64/lib/libutee.a(utee_syscalls_a64.o)
                0x000000000000b204                _utee_storage_obj_create
 .text._utee_storage_obj_del
                0x000000000000b210        0xc out/arm-plat-imx/export-ta_arm64/lib/libutee.a(utee_syscalls_a64.o)
                0x000000000000b210                _utee_storage_obj_del
 .text._utee_storage_obj_rename
                0x000000000000b21c        0xc out/arm-plat-imx/export-ta_arm64/lib/libutee.a(utee_syscalls_a64.o)
                0x000000000000b21c                _utee_storage_obj_rename
 .text._utee_storage_alloc_enum
                0x000000000000b228        0xc out/arm-plat-imx/export-ta_arm64/lib/libutee.a(utee_syscalls_a64.o)
                0x000000000000b228                _utee_storage_alloc_enum
 .text._utee_storage_free_enum
                0x000000000000b234        0xc out/arm-plat-imx/export-ta_arm64/lib/libutee.a(utee_syscalls_a64.o)
                0x000000000000b234                _utee_storage_free_enum
 .text._utee_storage_reset_enum
                0x000000000000b240        0xc out/arm-plat-imx/export-ta_arm64/lib/libutee.a(utee_syscalls_a64.o)
                0x000000000000b240                _utee_storage_reset_enum
 .text._utee_storage_start_enum
                0x000000000000b24c        0xc out/arm-plat-imx/export-ta_arm64/lib/libutee.a(utee_syscalls_a64.o)
                0x000000000000b24c                _utee_storage_start_enum
 .text._utee_storage_next_enum
                0x000000000000b258        0xc out/arm-plat-imx/export-ta_arm64/lib/libutee.a(utee_syscalls_a64.o)
                0x000000000000b258                _utee_storage_next_enum
 .text._utee_storage_obj_read
                0x000000000000b264        0xc out/arm-plat-imx/export-ta_arm64/lib/libutee.a(utee_syscalls_a64.o)
                0x000000000000b264                _utee_storage_obj_read
 .text._utee_storage_obj_write
                0x000000000000b270        0xc out/arm-plat-imx/export-ta_arm64/lib/libutee.a(utee_syscalls_a64.o)
                0x000000000000b270                _utee_storage_obj_write
 .text._utee_storage_obj_trunc
                0x000000000000b27c        0xc out/arm-plat-imx/export-ta_arm64/lib/libutee.a(utee_syscalls_a64.o)
                0x000000000000b27c                _utee_storage_obj_trunc
 .text._utee_storage_obj_seek
                0x000000000000b288        0xc out/arm-plat-imx/export-ta_arm64/lib/libutee.a(utee_syscalls_a64.o)
                0x000000000000b288                _utee_storage_obj_seek
 .text._utee_cryp_obj_generate_key
                0x000000000000b294        0xc out/arm-plat-imx/export-ta_arm64/lib/libutee.a(utee_syscalls_a64.o)
                0x000000000000b294                _utee_cryp_obj_generate_key
 .text._utee_cache_operation
                0x000000000000b2a0        0xc out/arm-plat-imx/export-ta_arm64/lib/libutee.a(utee_syscalls_a64.o)
                0x000000000000b2a0                _utee_cache_operation
 .text.unlikely
                0x000000000000b2ac       0x20 out/arm-plat-imx/export-ta_arm64/lib/libutee.a(abort.o)
                0x000000000000b2ac                abort
 .text          0x000000000000b2cc     0x2218 out/arm-plat-imx/export-ta_arm64/lib/libutee.a(tee_api_arith_mpi.o)
                0x000000000000bb40                _TEE_MathAPI_Init
                0x000000000000bb90                TEE_BigIntInit
                0x000000000000bbf0                __GP11_TEE_BigIntInit
                0x000000000000bbf8                TEE_BigIntConvertFromOctetString
                0x000000000000bcc8                __GP11_TEE_BigIntConvertFromOctetString
                0x000000000000bcd0                TEE_BigIntConvertToOctetString
                0x000000000000bda0                __GP11_TEE_BigIntConvertToOctetString
                0x000000000000be0c                TEE_BigIntConvertFromS32
                0x000000000000bec8                TEE_BigIntConvertToS32
                0x000000000000bf8c                TEE_BigIntCmp
                0x000000000000c02c                TEE_BigIntCmpS32
                0x000000000000c28c                TEE_BigIntShiftRight
                0x000000000000c434                __GP11_TEE_BigIntShiftRight
                0x000000000000c43c                TEE_BigIntGetBit
                0x000000000000c4c8                TEE_BigIntGetBitCount
                0x000000000000c548                TEE_BigIntSetBit
                0x000000000000c5fc                TEE_BigIntAssign
                0x000000000000c64c                TEE_BigIntAbs
                0x000000000000c678                TEE_BigIntAdd
                0x000000000000c684                TEE_BigIntSub
                0x000000000000c690                TEE_BigIntNeg
                0x000000000000c77c                TEE_BigIntMul
                0x000000000000c898                TEE_BigIntSquare
                0x000000000000c8a0                TEE_BigIntDiv
                0x000000000000ca5c                TEE_BigIntMod
                0x000000000000cac8                TEE_BigIntAddMod
                0x000000000000cad4                TEE_BigIntSubMod
                0x000000000000cae0                TEE_BigIntMulMod
                0x000000000000caec                TEE_BigIntSquareMod
                0x000000000000caf8                TEE_BigIntInvMod
                0x000000000000cc50                TEE_BigIntRelativePrime
                0x000000000000cd60                TEE_BigIntExpMod
                0x000000000000cf30                TEE_BigIntComputeExtendedGcd
                0x000000000000d1a8                TEE_BigIntIsProbablePrime
                0x000000000000d248                TEE_BigIntInitFMM
                0x000000000000d24c                __GP11_TEE_BigIntInitFMM
                0x000000000000d254                TEE_BigIntInitFMMContext
                0x000000000000d258                __GP11_TEE_BigIntInitFMMContext
                0x000000000000d260                TEE_BigIntInitFMMContext1
                0x000000000000d268                TEE_BigIntFMMSizeInU32
                0x000000000000d278                __GP11_TEE_BigIntFMMSizeInU32
                0x000000000000d290                TEE_BigIntFMMContextSizeInU32
                0x000000000000d298                __GP11_TEE_BigIntFMMContextSizeInU32
                0x000000000000d2b0                TEE_BigIntConvertToFMM
                0x000000000000d2b4                TEE_BigIntConvertFromFMM
                0x000000000000d390                TEE_BigIntComputeFMM
 .text          0x000000000000d4e4      0x360 out/arm-plat-imx/export-ta_arm64/lib/libutee.a(tcb.o)
                0x000000000000d4e4                __utee_tcb_init
                0x000000000000d738                __tls_get_addr
                0x000000000000d754                dl_iterate_phdr
 .text          0x000000000000d844     0x3740 out/arm-plat-imx/export-ta_arm64/lib/libmbedtls.a(bignum.o)
                0x000000000000d900                mbedtls_mpi_lt_mpi_ct
                0x000000000000d9e8                mbedtls_mpi_init
                0x000000000000d9fc                mbedtls_mpi_init_mempool
                0x000000000000da24                mbedtls_mpi_free
                0x000000000000da8c                mbedtls_mpi_grow
                0x000000000000db7c                mbedtls_mpi_safe_cond_assign
                0x000000000000dc1c                mbedtls_mpi_safe_cond_swap
                0x000000000000dd3c                mbedtls_mpi_shrink
                0x000000000000de6c                mbedtls_mpi_copy
                0x000000000000df48                mbedtls_mpi_swap
                0x000000000000dfdc                mbedtls_mpi_lset
                0x000000000000e050                mbedtls_mpi_get_bit
                0x000000000000e07c                mbedtls_mpi_set_bit
                0x000000000000e108                mbedtls_mpi_lsb
                0x000000000000e148                mbedtls_mpi_bitlen
                0x000000000000e154                mbedtls_mpi_size
                0x000000000000e170                mbedtls_mpi_read_binary_le
                0x000000000000e1d0                mbedtls_mpi_read_binary
                0x000000000000e230                mbedtls_mpi_write_binary_le
                0x000000000000e244                mbedtls_mpi_write_binary
                0x000000000000e258                mbedtls_mpi_shift_l
                0x000000000000e2bc                mbedtls_mpi_shift_r
                0x000000000000e2f0                mbedtls_mpi_cmp_abs
                0x000000000000e38c                mbedtls_mpi_cmp_mpi
                0x000000000000e45c                mbedtls_mpi_cmp_int
                0x000000000000e4e4                mbedtls_mpi_add_abs
                0x000000000000e5dc                mbedtls_mpi_sub_abs
                0x000000000000e798                mbedtls_mpi_add_mpi
                0x000000000000e7a0                mbedtls_mpi_sub_mpi
                0x000000000000e7a8                mbedtls_mpi_add_int
                0x000000000000e830                mbedtls_mpi_sub_int
                0x000000000000e8b8                mbedtls_mpi_mul_mpi
                0x000000000000ea50                mbedtls_mpi_mul_int
                0x000000000000eb08                mbedtls_mpi_read_string
                0x000000000000ed1c                mbedtls_mpi_div_mpi
                0x000000000000f248                mbedtls_mpi_div_int
                0x000000000000f2d0                mbedtls_mpi_mod_mpi
                0x000000000000f6ac                mbedtls_mpi_mod_int
                0x000000000000f74c                mbedtls_mpi_write_string
                0x000000000000faa4                mbedtls_mpi_montg_init
                0x000000000000facc                mbedtls_mpi_montmul
                0x000000000000faf4                mbedtls_mpi_montred
                0x000000000000fb70                mbedtls_mpi_exp_mod
                0x000000000000fb80                mbedtls_mpi_exp_mod_unsafe
                0x000000000000fb94                mbedtls_mpi_gcd_modinv_odd
                0x000000000000fdcc                mbedtls_mpi_gcd
                0x000000000000ffb8                mbedtls_mpi_fill_random
                0x00000000000102d4                mbedtls_mpi_random
                0x000000000001036c                mbedtls_mpi_inv_mod_odd
                0x0000000000010464                mbedtls_mpi_inv_mod_even_in_range
                0x00000000000105ac                mbedtls_mpi_inv_mod
                0x000000000001071c                mbedtls_mpi_is_prime_ext
                0x0000000000010808                mbedtls_mpi_gen_prime
                0x0000000000010b5c                mbedtls_mpi_self_test
 .text          0x0000000000010f84     0x1488 out/arm-plat-imx/export-ta_arm64/lib/libmbedtls.a(bignum_core.o)
                0x0000000000010ff8                mbedtls_mpi_core_clz
                0x0000000000011004                mbedtls_mpi_core_bitlen
                0x0000000000011058                mbedtls_mpi_core_bigendian_to_host
                0x000000000001108c                mbedtls_mpi_core_uint_le_mpi
                0x00000000000110e4                mbedtls_mpi_core_lt_ct
                0x0000000000011164                mbedtls_mpi_core_cond_assign
                0x00000000000111b0                mbedtls_mpi_core_cond_swap
                0x0000000000011218                mbedtls_mpi_core_read_le
                0x00000000000112a4                mbedtls_mpi_core_read_be
                0x0000000000011334                mbedtls_mpi_core_write_le
                0x00000000000113e0                mbedtls_mpi_core_write_be
                0x0000000000011498                mbedtls_mpi_core_shift_r
                0x0000000000011574                mbedtls_mpi_core_shift_l
                0x000000000001162c                mbedtls_mpi_core_add
                0x0000000000011668                mbedtls_mpi_core_add_if
                0x00000000000116c4                mbedtls_mpi_core_sub
                0x0000000000011708                mbedtls_mpi_core_mla
                0x00000000000118d4                mbedtls_mpi_core_mul
                0x0000000000011958                mbedtls_mpi_core_montmul_init
                0x000000000001198c                mbedtls_mpi_core_montmul
                0x0000000000011d78                mbedtls_mpi_core_get_mont_r2_unsafe
                0x0000000000011de0                mbedtls_mpi_core_fill_random
                0x0000000000011e90                mbedtls_mpi_core_random
                0x0000000000011f9c                mbedtls_mpi_core_exp_mod_working_limbs
                0x0000000000011fc4                mbedtls_mpi_core_exp_mod
                0x0000000000011fec                mbedtls_mpi_core_exp_mod_unsafe
                0x0000000000012018                mbedtls_mpi_core_sub_int
                0x0000000000012048                mbedtls_mpi_core_check_zero_ct
                0x000000000001206c                mbedtls_mpi_core_to_mont_rep
                0x0000000000012088                mbedtls_mpi_core_from_mont_rep
                0x00000000000120fc                mbedtls_mpi_core_gcd_modinv_odd
 .text          0x000000000001240c      0x468 out/arm-plat-imx/export-ta_arm64/lib/libmbedtls.a(constant_time.o)
                0x0000000000012480                mbedtls_ct_memcmp
                0x00000000000124b4                mbedtls_ct_memcmp_partial
                0x000000000001253c                mbedtls_ct_memmove_left
                0x00000000000125dc                mbedtls_ct_memcpy_if
                0x0000000000012700                mbedtls_ct_memcpy_offset
                0x0000000000012790                mbedtls_ct_zeroize_if
 .text          0x0000000000012874       0x60 out/arm-plat-imx/export-ta_arm64/lib/libmbedtls.a(platform_util.o)
                0x0000000000012874                mbedtls_platform_zeroize
                0x00000000000128ac                mbedtls_zeroize_and_free
 .text          0x00000000000128d4     0x10d8 out/arm-plat-imx/export-ta_arm64/lib/libutils.a(bget_malloc.o)
                0x0000000000012948                bget
                0x0000000000012c10                bgetz
                0x0000000000012c98                brel
                0x0000000000012f1c                bgetr
                0x0000000000012fec                bpool
                0x00000000000130bc                bget_main_test
                0x0000000000013368                raw_malloc_flags
                0x00000000000134ac                raw_memalign
                0x00000000000134d0                raw_malloc
                0x00000000000134f4                raw_free
                0x0000000000013538                raw_calloc
                0x000000000001355c                raw_realloc
                0x0000000000013580                free_flags
                0x000000000001359c                malloc
                0x00000000000135c8                malloc_flags
                0x00000000000135ec                calloc
                0x0000000000013618                realloc
                0x0000000000013644                memalign
                0x0000000000013670                aligned_alloc
                0x00000000000136ac                free
                0x00000000000136b8                free_wipe
                0x00000000000136c4                raw_malloc_get_ctx_size
                0x00000000000136cc                raw_malloc_init_ctx
                0x00000000000136e0                raw_malloc_add_pool
                0x00000000000137b4                raw_malloc_buffer_overlaps_heap
                0x0000000000013834                raw_malloc_buffer_is_within_alloced
                0x0000000000013964                malloc_add_pool
                0x000000000001397c                malloc_buffer_is_within_alloced
                0x0000000000013994                malloc_buffer_overlaps_heap
 .text          0x00000000000139ac      0x134 out/arm-plat-imx/export-ta_arm64/lib/libutils.a(snprintf.o)
                0x00000000000139ac                snprintf
                0x0000000000013a88                vsnprintf
 .text          0x0000000000013ae0       0x5c out/arm-plat-imx/export-ta_arm64/lib/libutils.a(memmove.o)
                0x0000000000013ae0                memmove
 .text          0x0000000000013b3c       0x24 out/arm-plat-imx/export-ta_arm64/lib/libutils.a(strcmp.o)
                0x0000000000013b3c                strcmp
 .text          0x0000000000013b60       0x38 out/arm-plat-imx/export-ta_arm64/lib/libutils.a(strlcpy.o)
                0x0000000000013b60                strlcpy
 .text          0x0000000000013b98      0x198 out/arm-plat-imx/export-ta_arm64/lib/libutils.a(mempool.o)
                0x0000000000013b98                mempool_alloc_pool
                0x0000000000013c60                mempool_alloc
                0x0000000000013cc4                mempool_calloc
                0x0000000000013d14                mempool_free
 .text          0x0000000000013d30       0x70 out/arm-plat-imx/export-ta_arm64/lib/libutils.a(consttime_memcmp.o)
                0x0000000000013d30                consttime_memcmp
 .text          0x0000000000013da0      0x250 out/arm-plat-imx/export-ta_arm64/lib/libutils.a(base64.o)
                0x0000000000013da0                base64_enc_len
                0x0000000000013db8                base64_enc
                0x0000000000013ecc                base64_dec
 .text          0x0000000000013ff0        0x0 out/arm-plat-imx/export-ta_arm64/lib/libutee.a(utee_syscalls_a64.o)
 .text          0x0000000000013ff0        0x0 out/arm-plat-imx/export-ta_arm64/lib/libutee.a(abort.o)
 *(SORT_BY_ALIGNMENT(.stub))
 *(SORT_BY_ALIGNMENT(.glue_7))
 *(SORT_BY_ALIGNMENT(.glue_7t))
 *(SORT_BY_ALIGNMENT(.gnu.linkonce.t.*))
 *(SORT_BY_ALIGNMENT(.vfp11_veneer))
                0x0000000000013ff0                __text_end = .

.note.gnu.property
 *(SORT_BY_ALIGNMENT(.note.gnu.property))

.plt            0x0000000000013ff0        0x0
 *(SORT_BY_ALIGNMENT(.plt))
 .plt           0x0000000000013ff0        0x0 out/arm-plat-imx/ta/app_secrets/app_secrets_ta.o

.eh_frame_hdr
 *(SORT_BY_ALIGNMENT(.eh_frame_hdr))
 *(SORT_BY_ALIGNMENT(.eh_frame_entry) SORT_BY_ALIGNMENT(.eh_frame_entry.*))

.eh_frame       0x0000000000013ff0     0x4168
 *(SORT_BY_ALIGNMENT(.eh_frame))
 .eh_frame      0x0000000000013ff0       0xe8 out/arm-plat-imx/ta/app_secrets/app_secrets_ta.o
 .eh_frame      0x00000000000140d8       0x40 out/arm-plat-imx/ta/app_secrets/user_ta_header.o
                                         0x50 (size before relaxing)
 .eh_frame      0x0000000000014118       0x18 out/arm-plat-imx/export-ta_arm64/lib/libutils.a(stack_check.o)
                                         0x30 (size before relaxing)
 .eh_frame      0x0000000000014130       0x18 out/arm-plat-imx/export-ta_arm64/lib/libutils.a(memcpy.o)
                                         0x28 (size before relaxing)
 .eh_frame      0x0000000000014148       0xb8 out/arm-plat-imx/export-ta_arm64/lib/libutils.a(trace.o)
                                         0xc8 (size before relaxing)
 .eh_frame      0x0000000000014200       0x18 out/arm-plat-imx/export-ta_arm64/lib/libutils.a(memzero_explicit.o)
                                         0x28 (size before relaxing)
 .eh_frame      0x0000000000014218       0x18 out/arm-plat-imx/export-ta_arm64/lib/libutils.a(memset.o)
                                         0x28 (size before relaxing)
 .eh_frame      0x0000000000014230       0xf0 out/arm-plat-imx/export-ta_arm64/lib/libutils.a(snprintk.o)
                                        0x108 (size before relaxing)
 .eh_frame      0x0000000000014320       0x18 out/arm-plat-imx/export-ta_arm64/lib/libutils.a(memchr.o)
                                         0x28 (size before relaxing)
 .eh_frame      0x0000000000014338       0x18 out/arm-plat-imx/export-ta_arm64/lib/libutils.a(strlen.o)
                                         0x28 (size before relaxing)
 .eh_frame      0x0000000000014350       0x38 out/arm-plat-imx/export-ta_arm64/lib/libutee.a(assert.o)
                                         0x50 (size before relaxing)
 .eh_frame      0x0000000000014388       0xa8 out/arm-plat-imx/export-ta_arm64/lib/libutee.a(trace_ext.o)
                                         0xc0 (size before relaxing)
 .eh_frame      0x0000000000014430      0x580 out/arm-plat-imx/export-ta_arm64/lib/libutee.a(tee_api.o)
                                        0x590 (size before relaxing)
 .eh_frame      0x00000000000149b0      0x778 out/arm-plat-imx/export-ta_arm64/lib/libutee.a(tee_api_objects.o)
                                        0x788 (size before relaxing)
 .eh_frame      0x0000000000015128      0xb00 out/arm-plat-imx/export-ta_arm64/lib/libutee.a(tee_api_operations.o)
                                        0xb10 (size before relaxing)
 .eh_frame      0x0000000000015c28      0x178 out/arm-plat-imx/export-ta_arm64/lib/libutee.a(tee_api_panic.o)
                                        0x188 (size before relaxing)
 .eh_frame      0x0000000000015da0      0x328 out/arm-plat-imx/export-ta_arm64/lib/libutee.a(tee_api_property.o)
                                        0x340 (size before relaxing)
 .eh_frame      0x00000000000160c8       0xc0 out/arm-plat-imx/export-ta_arm64/lib/libutee.a(tee_system_pta.o)
                                         0xd8 (size before relaxing)
 .eh_frame      0x0000000000016188      0x150 out/arm-plat-imx/export-ta_arm64/lib/libutee.a(user_ta_entry.o)
                                        0x168 (size before relaxing)
 .eh_frame      0x00000000000162d8       0x18 out/arm-plat-imx/export-ta_arm64/lib/libutee.a(abort.o)
                                         0x30 (size before relaxing)
 .eh_frame      0x00000000000162f0      0x7f0 out/arm-plat-imx/export-ta_arm64/lib/libutee.a(tee_api_arith_mpi.o)
                                        0x800 (size before relaxing)
 .eh_frame      0x0000000000016ae0       0x90 out/arm-plat-imx/export-ta_arm64/lib/libutee.a(tcb.o)
                                         0xa0 (size before relaxing)
 .eh_frame      0x0000000000016b70      0xa40 out/arm-plat-imx/export-ta_arm64/lib/libmbedtls.a(bignum.o)
                                        0xa58 (size before relaxing)
 .eh_frame      0x00000000000175b0      0x4d8 out/arm-plat-imx/export-ta_arm64/lib/libmbedtls.a(bignum_core.o)
                                        0x4e8 (size before relaxing)
 .eh_frame      0x0000000000017a88      0x148 out/arm-plat-imx/export-ta_arm64/lib/libmbedtls.a(constant_time.o)
                                        0x160 (size before relaxing)
 .eh_frame      0x0000000000017bd0       0x48 out/arm-plat-imx/export-ta_arm64/lib/libmbedtls.a(platform_util.o)
                                         0x60 (size before relaxing)
 .eh_frame      0x0000000000017c18      0x3a0 out/arm-plat-imx/export-ta_arm64/lib/libutils.a(bget_malloc.o)
                                        0x3b0 (size before relaxing)
 .eh_frame      0x0000000000017fb8       0x58 out/arm-plat-imx/export-ta_arm64/lib/libutils.a(snprintf.o)
                                         0x70 (size before relaxing)
 .eh_frame      0x0000000000018010       0x18 out/arm-plat-imx/export-ta_arm64/lib/libutils.a(memmove.o)
                                         0x28 (size before relaxing)
 .eh_frame      0x0000000000018028       0x18 out/arm-plat-imx/export-ta_arm64/lib/libutils.a(strcmp.o)
                                         0x28 (size before relaxing)
 .eh_frame      0x0000000000018040       0x18 out/arm-plat-imx/export-ta_arm64/lib/libutils.a(strlcpy.o)
                                         0x28 (size before relaxing)
 .eh_frame      0x0000000000018058       0x88 out/arm-plat-imx/export-ta_arm64/lib/libutils.a(mempool.o)
                                         0xa0 (size before relaxing)
 .eh_frame      0x00000000000180e0       0x20 out/arm-plat-imx/export-ta_arm64/lib/libutils.a(consttime_memcmp.o)
                                         0x30 (size before relaxing)
 .eh_frame      0x0000000000018100       0x58 out/arm-plat-imx/export-ta_arm64/lib/libutils.a(base64.o)
                                         0x70 (size before relaxing)
 *(SORT_BY_ALIGNMENT(.eh_frame.*))

.gcc_except_table
 *(SORT_BY_ALIGNMENT(.gcc_except_table) SORT_BY_ALIGNMENT(.gcc_except_table.*))

.rodata         0x0000000000018158     0x1340
 *(SORT_BY_ALIGNMENT(.gnu.linkonce.r.*))
 *(SORT_BY_ALIGNMENT(.rodata) SORT_BY_ALIGNMENT(.rodata.*))
 .rodata.out/arm-plat-imx/export-ta_arm64/src/user_ta_header.c
                0x0000000000018158       0x33 out/arm-plat-imx/ta/app_secrets/user_ta_header.o
                0x0000000000018158                ta_num_props
                0x0000000000018178                __ta_no_share_heap_size
                0x0000000000018180                ta_heap_size
                0x0000000000018188                trace_ext_prefix
 *fill*         0x000000000001818b        0x5 
 .rodata.lib/libutee/tee_api.c
                0x0000000000018190       0x20 out/arm-plat-imx/export-ta_arm64/lib/libutee.a(tee_api.o)
 .rodata.ta/app_secrets/app_secrets_ta.c
                0x00000000000181b0       0x78 out/arm-plat-imx/ta/app_secrets/app_secrets_ta.o
 .rodata.lib/libutils/ext/snprintk.c
                0x0000000000018228       0xac out/arm-plat-imx/export-ta_arm64/lib/libutils.a(snprintk.o)
 .rodata.lib/libutee/tee_api_operations.c
                0x00000000000182d4       0x79 out/arm-plat-imx/export-ta_arm64/lib/libutee.a(tee_api_operations.o)
 *fill*         0x000000000001834d        0x3 
 .rodata.lib/libutee/tee_api_property.c
                0x0000000000018350       0x20 out/arm-plat-imx/export-ta_arm64/lib/libutee.a(tee_api_property.o)
 .rodata.lib/libutee/tee_system_pta.c
                0x0000000000018370       0x31 out/arm-plat-imx/export-ta_arm64/lib/libutee.a(tee_system_pta.o)
 *fill*         0x00000000000183a1        0x3 
 .rodata.lib/libmbedtls/mbedtls/library/bignum.c
                0x00000000000183a4       0xcc out/arm-plat-imx/export-ta_arm64/lib/libmbedtls.a(bignum.o)
 .rodata.lib/libutils/ext/base64.c
                0x0000000000018470       0x45 out/arm-plat-imx/export-ta_arm64/lib/libutils.a(base64.o)
 .rodata.str1.1.ta/app_secrets/app_secrets_ta.c
                0x00000000000184b5      0x134 out/arm-plat-imx/ta/app_secrets/app_secrets_ta.o
 .rodata.str1.1.out/arm-plat-imx/export-ta_arm64/src/user_ta_header.c
                0x00000000000185e9       0xf5 out/arm-plat-imx/ta/app_secrets/user_ta_header.o
 .rodata.str1.1.lib/libutils/isoc/stack_check.c
                0x00000000000186de       0x18 out/arm-plat-imx/export-ta_arm64/lib/libutils.a(stack_check.o)
 .rodata.str1.1.lib/libutils/ext/trace.c
                0x00000000000186f6       0x1a out/arm-plat-imx/export-ta_arm64/lib/libutils.a(trace.o)
                                         0x1b (size before relaxing)
 .rodata.lib/libutils/ext/trace.c
                0x0000000000018710        0x5 out/arm-plat-imx/export-ta_arm64/lib/libutils.a(trace.o)
 .rodata.str1.1.lib/libutils/ext/snprintk.c
                0x0000000000018715       0x38 out/arm-plat-imx/export-ta_arm64/lib/libutils.a(snprintk.o)
 .rodata.str1.1.lib/libutee/assert.c
                0x000000000001874d       0x27 out/arm-plat-imx/export-ta_arm64/lib/libutee.a(assert.o)
 .rodata.str1.1.lib/libutee/trace_ext.c
                0x0000000000018774       0x27 out/arm-plat-imx/export-ta_arm64/lib/libutee.a(trace_ext.o)
                                          0x2 (size before relaxing)
 .rodata.str1.1.lib/libutee/tee_api.c
                0x0000000000018774       0x11 out/arm-plat-imx/export-ta_arm64/lib/libutee.a(tee_api.o)
 .rodata.str1.1.lib/libutee/tee_api_operations.c
                0x0000000000018785       0x8a out/arm-plat-imx/export-ta_arm64/lib/libutee.a(tee_api_operations.o)
 .rodata.str1.1.lib/libutee/tee_api_property.c
                0x000000000001880f       0x83 out/arm-plat-imx/export-ta_arm64/lib/libutee.a(tee_api_property.o)
                                         0x88 (size before relaxing)
 .rodata.str1.1.lib/libutee/tee_system_pta.c
                0x0000000000018892       0x55 out/arm-plat-imx/export-ta_arm64/lib/libutee.a(tee_system_pta.o)
 .rodata.str1.1.lib/libutee/user_ta_entry.c
                0x00000000000188e7       0x4f out/arm-plat-imx/export-ta_arm64/lib/libutee.a(user_ta_entry.o)
 .rodata.lib/libutee/user_ta_entry.c
                0x0000000000018936       0x16 out/arm-plat-imx/export-ta_arm64/lib/libutee.a(user_ta_entry.o)
 .rodata.str1.1.lib/libutee/abort.c
                0x000000000001894c        0x7 out/arm-plat-imx/export-ta_arm64/lib/libutee.a(abort.o)
 .rodata.str1.1.lib/libutee/tee_api_arith_mpi.c
                0x0000000000018953       0xc9 out/arm-plat-imx/export-ta_arm64/lib/libutee.a(tee_api_arith_mpi.o)
 .rodata.lib/libutee/tee_api_arith_mpi.c
                0x0000000000018a1c      0x14e out/arm-plat-imx/export-ta_arm64/lib/libutee.a(tee_api_arith_mpi.o)
 .rodata.str1.1.lib/libutee/tcb.c
                0x0000000000018b6a       0x8d out/arm-plat-imx/export-ta_arm64/lib/libutee.a(tcb.o)
 .rodata.lib/libutee/tcb.c
                0x0000000000018bf7       0x20 out/arm-plat-imx/export-ta_arm64/lib/libutee.a(tcb.o)
 .rodata.str1.1.lib/libmbedtls/mbedtls/library/bignum.c
                0x0000000000018c17      0x456 out/arm-plat-imx/export-ta_arm64/lib/libmbedtls.a(bignum.o)
                                        0x45d (size before relaxing)
 .rodata.str1.1.lib/libutils/isoc/bget_malloc.c
                0x000000000001906d      0x313 out/arm-plat-imx/export-ta_arm64/lib/libutils.a(bget_malloc.o)
                                        0x31c (size before relaxing)
 .rodata.lib/libutils/isoc/bget_malloc.c
                0x0000000000019380       0x63 out/arm-plat-imx/export-ta_arm64/lib/libutils.a(bget_malloc.o)
 .rodata.str1.1.lib/libutils/ext/mempool.c
                0x00000000000193e3       0x89 out/arm-plat-imx/export-ta_arm64/lib/libutils.a(mempool.o)
 .rodata.lib/libutils/ext/mempool.c
                0x000000000001946c       0x2c out/arm-plat-imx/export-ta_arm64/lib/libutils.a(mempool.o)

.gnu.version_d  0x0000000000019498        0x0
 .gnu.version_d
                0x0000000000019498        0x0 out/arm-plat-imx/ta/app_secrets/app_secrets_ta.o

.gnu.version    0x0000000000019498        0x0
 .gnu.version   0x0000000000019498        0x0 out/arm-plat-imx/ta/app_secrets/app_secrets_ta.o

.gnu.version_r  0x0000000000019498        0x0
 .gnu.version_r
                0x0000000000019498        0x0 out/arm-plat-imx/ta/app_secrets/app_secrets_ta.o

.gnu.hash       0x0000000000019498       0x34
 .gnu.hash      0x0000000000019498       0x34 out/arm-plat-imx/ta/app_secrets/app_secrets_ta.o

.ta_head        0x00000000000194d0       0x20
 .ta_head       0x00000000000194d0       0x20 out/arm-plat-imx/ta/app_secrets/user_ta_header.o
                0x00000000000194d0                ta_head

.ARM.extab
 *(SORT_BY_ALIGNMENT(.ARM.extab*) SORT_BY_ALIGNMENT(.gnu.linkonce.armextab.*))
                [!provide]                        PROVIDE (__exidx_start = .)

.ARM.exidx
 *(SORT_BY_ALIGNMENT(.ARM.exidx*) SORT_BY_ALIGNMENT(.gnu.linkonce.armexidx.*))
                [!provide]                        PROVIDE (__exidx_end = .)

.ctors
 *(SORT_BY_ALIGNMENT(.ctors))

.dtors
 *(SORT_BY_ALIGNMENT(.dtors))

.dynsym         0x00000000000194f0       0xa8
 *(SORT_BY_ALIGNMENT(.dynsym))
 .dynsym        0x00000000000194f0       0xa8 out/arm-plat-imx/ta/app_secrets/app_secrets_ta.o

.dynstr         0x0000000000019598       0x36
 *(SORT_BY_ALIGNMENT(.dynstr))
 .dynstr        0x0000000000019598       0x36 out/arm-plat-imx/ta/app_secrets/app_secrets_ta.o

.hash           0x00000000000195d0       0x30
 *(SORT_BY_ALIGNMENT(.hash))
 .hash          0x00000000000195d0       0x30 out/arm-plat-imx/ta/app_secrets/app_secrets_ta.o

.rela.dyn       0x0000000000019600      0x348
 .rela.data.rel.ro
                0x0000000000019600        0x0 out/arm-plat-imx/ta/app_secrets/app_secrets_ta.o
 .rela.ifunc    0x0000000000019600        0x0 out/arm-plat-imx/ta/app_secrets/app_secrets_ta.o
 .rela.data.rel.ro.local
                0x0000000000019600      0x2a0 out/arm-plat-imx/ta/app_secrets/app_secrets_ta.o
 .rela.data.rel.local
                0x00000000000198a0       0x90 out/arm-plat-imx/ta/app_secrets/app_secrets_ta.o
 .rela.data.rel
                0x0000000000019930       0x18 out/arm-plat-imx/ta/app_secrets/app_secrets_ta.o
                0x000000000001a000                . = ALIGN (0x1000)

.dynamic        0x000000000001a000      0x110
 *(SORT_BY_ALIGNMENT(.dynamic))
 .dynamic       0x000000000001a000      0x110 out/arm-plat-imx/ta/app_secrets/app_secrets_ta.o
                0x000000000001a000                _DYNAMIC

.tdata
 *(SORT_BY_ALIGNMENT(.tdata) SORT_BY_ALIGNMENT(.tdata.*) SORT_BY_ALIGNMENT(.gnu.linkonce.td.*))

.tbss
 *(SORT_BY_ALIGNMENT(.tbss) SORT_BY_ALIGNMENT(.tbss.*) SORT_BY_ALIGNMENT(.gnu.linkonce.tb.*))
 *(SORT_BY_ALIGNMENT(.tcommon))

.got            0x000000000001a110       0xd8
 *(SORT_BY_ALIGNMENT(.got.plt))
 .got.plt       0x000000000001a110       0x18 out/arm-plat-imx/ta/app_secrets/app_secrets_ta.o
 *(SORT_BY_ALIGNMENT(.got))
 .got           0x000000000001a128       0xc0 out/arm-plat-imx/ta/app_secrets/app_secrets_ta.o
                0x000000000001a128                _GLOBAL_OFFSET_TABLE_

.rel.text
 *(SORT_BY_ALIGNMENT(.rel.text))
 *(SORT_BY_ALIGNMENT(.rel.gnu.linkonce.t*))

.rela.text
 *(SORT_BY_ALIGNMENT(.rela.text))
 *(SORT_BY_ALIGNMENT(.rela.gnu.linkonce.t*))

.rel.data
 *(SORT_BY_ALIGNMENT(.rel.data))
 *(SORT_BY_ALIGNMENT(.rel.gnu.linkonce.d*))

.rela.data
 *(SORT_BY_ALIGNMENT(.rela.data))
 *(SORT_BY_ALIGNMENT(.rela.gnu.linkonce.d*))

.rel.tdata
 *(SORT_BY_ALIGNMENT(.rel.tdata) SORT_BY_ALIGNMENT(.rel.tdata.*) SORT_BY_ALIGNMENT(.rel.gnu.linkonce.td.*))

.rela.tdata
 *(SORT_BY_ALIGNMENT(.rela.tdata) SORT_BY_ALIGNMENT(.rela.tdata.*) SORT_BY_ALIGNMENT(.rela.gnu.linkonce.td.*))

.rel.tbss
 *(SORT_BY_ALIGNMENT(.rel.tbss) SORT_BY_ALIGNMENT(.rel.tbss.*) SORT_BY_ALIGNMENT(.rel.gnu.linkonce.tb.*))

.rela.tbss
 *(SORT_BY_ALIGNMENT(.rela.tbss) SORT_BY_ALIGNMENT(.rela.tbss.*) SORT_BY_ALIGNMENT(.rela.gnu.linkonce.tb.*))

.rel.rodata
 *(SORT_BY_ALIGNMENT(.rel.rodata))
 *(SORT_BY_ALIGNMENT(.rel.gnu.linkonce.r*))

.rela.rodata
 *(SORT_BY_ALIGNMENT(.rela.rodata))
 *(SORT_BY_ALIGNMENT(.rela.gnu.linkonce.r*))

.rel.dyn
 *(SORT_BY_ALIGNMENT(.rel.dyn))

.rel.got
 *(SORT_BY_ALIGNMENT(.rel.got))

.rela.got       0x000000000001a1e8      0x228
 *(SORT_BY_ALIGNMENT(.rela.got))
 .rela.got      0x000000000001a1e8      0x228 out/arm-plat-imx/ta/app_secrets/app_secrets_ta.o

.rel.ctors
 *(SORT_BY_ALIGNMENT(.rel.ctors))

.rela.ctors
 *(SORT_BY_ALIGNMENT(.rela.ctors))

.rel.dtors
 *(SORT_BY_ALIGNMENT(.rel.dtors))

.rela.dtors
 *(SORT_BY_ALIGNMENT(.rela.dtors))

.rel.init
 *(SORT_BY_ALIGNMENT(.rel.init))

.rela.init
 *(SORT_BY_ALIGNMENT(.rela.init))

.rel.fini
 *(SORT_BY_ALIGNMENT(.rel.fini))

.rela.fini
 *(SORT_BY_ALIGNMENT(.rela.fini))

.rel.bss
 *(SORT_BY_ALIGNMENT(.rel.bss))

.rela.bss       0x000000000001a410        0x0
 *(SORT_BY_ALIGNMENT(.rela.bss))
 .rela.bss      0x000000000001a410        0x0 out/arm-plat-imx/ta/app_secrets/app_secrets_ta.o

.rel.plt
 *(SORT_BY_ALIGNMENT(.rel.plt))

.rela.plt       0x000000000001a410        0x0
 *(SORT_BY_ALIGNMENT(.rela.plt))
 .rela.plt      0x000000000001a410        0x0 out/arm-plat-imx/ta/app_secrets/app_secrets_ta.o

.data           0x000000000001a410      0x1dc
 *(SORT_BY_ALIGNMENT(.data) SORT_BY_ALIGNMENT(.data.*) SORT_BY_ALIGNMENT(.gnu.linkonce.d.*))
 .data.rel.ro.local
                0x000000000001a410       0xf0 out/arm-plat-imx/ta/app_secrets/user_ta_header.o
                0x000000000001a410                ta_props
 .data          0x000000000001a500        0x8 out/arm-plat-imx/export-ta_arm64/lib/libutils.a(stack_check.o)
                0x000000000001a500                __stack_chk_guard
 .data.rel.ro.local
                0x000000000001a508       0x60 out/arm-plat-imx/export-ta_arm64/lib/libutee.a(tee_api_property.o)
                0x000000000001a508                tee_props
 .data.rel.local
                0x000000000001a568       0x20 out/arm-plat-imx/export-ta_arm64/lib/libutee.a(user_ta_entry.o)
 .data.rel      0x000000000001a588        0x8 out/arm-plat-imx/export-ta_arm64/lib/libmbedtls.a(platform_util.o)
 .data          0x000000000001a590        0x8 out/arm-plat-imx/export-ta_arm64/lib/libutils.a(bget_malloc.o)
 .data.rel.local
                0x000000000001a598       0x50 out/arm-plat-imx/export-ta_arm64/lib/libutils.a(bget_malloc.o)
 .data          0x000000000001a5e8        0x4 out/arm-plat-imx/ta/app_secrets/user_ta_header.o
                0x000000000001a5e8                trace_level
 .data          0x000000000001a5ec        0x0 out/arm-plat-imx/ta/app_secrets/app_secrets_ta.o
 .data.rel.ro   0x000000000001a5ec        0x0 out/arm-plat-imx/ta/app_secrets/app_secrets_ta.o
 .data          0x000000000001a5ec        0x0 out/arm-plat-imx/export-ta_arm64/lib/libutils.a(memcpy.o)
 .data          0x000000000001a5ec        0x0 out/arm-plat-imx/export-ta_arm64/lib/libutils.a(trace.o)
 .data          0x000000000001a5ec        0x0 out/arm-plat-imx/export-ta_arm64/lib/libutils.a(memzero_explicit.o)
 .data          0x000000000001a5ec        0x0 out/arm-plat-imx/export-ta_arm64/lib/libutils.a(memset.o)
 .data          0x000000000001a5ec        0x0 out/arm-plat-imx/export-ta_arm64/lib/libutils.a(snprintk.o)
 .data          0x000000000001a5ec        0x0 out/arm-plat-imx/export-ta_arm64/lib/libutils.a(memchr.o)
 .data          0x000000000001a5ec        0x0 out/arm-plat-imx/export-ta_arm64/lib/libutils.a(strlen.o)
 .data          0x000000000001a5ec        0x0 out/arm-plat-imx/export-ta_arm64/lib/libutee.a(assert.o)
 .data          0x000000000001a5ec        0x0 out/arm-plat-imx/export-ta_arm64/lib/libutee.a(trace_ext.o)
 .data          0x000000000001a5ec        0x0 out/arm-plat-imx/export-ta_arm64/lib/libutee.a(tee_api.o)
 .data          0x000000000001a5ec        0x0 out/arm-plat-imx/export-ta_arm64/lib/libutee.a(tee_api_objects.o)
 .data          0x000000000001a5ec        0x0 out/arm-plat-imx/export-ta_arm64/lib/libutee.a(tee_api_operations.o)
 .data          0x000000000001a5ec        0x0 out/arm-plat-imx/export-ta_arm64/lib/libutee.a(tee_api_panic.o)
 .data          0x000000000001a5ec        0x0 out/arm-plat-imx/export-ta_arm64/lib/libutee.a(tee_api_property.o)
 .data          0x000000000001a5ec        0x0 out/arm-plat-imx/export-ta_arm64/lib/libutee.a(tee_system_pta.o)
 .data          0x000000000001a5ec        0x0 out/arm-plat-imx/export-ta_arm64/lib/libutee.a(user_ta_entry.o)
 .data          0x000000000001a5ec        0x0 out/arm-plat-imx/export-ta_arm64/lib/libutee.a(utee_syscalls_a64.o)
 .data          0x000000000001a5ec        0x0 out/arm-plat-imx/export-ta_arm64/lib/libutee.a(abort.o)
 .data          0x000000000001a5ec        0x0 out/arm-plat-imx/export-ta_arm64/lib/libutee.a(tee_api_arith_mpi.o)
 .data          0x000000000001a5ec        0x0 out/arm-plat-imx/export-ta_arm64/lib/libutee.a(tcb.o)
 .data          0x000000000001a5ec        0x0 out/arm-plat-imx/export-ta_arm64/lib/libmbedtls.a(bignum.o)
 .data          0x000000000001a5ec        0x0 out/arm-plat-imx/export-ta_arm64/lib/libmbedtls.a(bignum_core.o)
 .data          0x000000000001a5ec        0x0 out/arm-plat-imx/export-ta_arm64/lib/libmbedtls.a(constant_time.o)
 .data          0x000000000001a5ec        0x0 out/arm-plat-imx/export-ta_arm64/lib/libmbedtls.a(platform_util.o)
 .data          0x000000000001a5ec        0x0 out/arm-plat-imx/export-ta_arm64/lib/libutils.a(snprintf.o)
 .data          0x000000000001a5ec        0x0 out/arm-plat-imx/export-ta_arm64/lib/libutils.a(memmove.o)
 .data          0x000000000001a5ec        0x0 out/arm-plat-imx/export-ta_arm64/lib/libutils.a(strcmp.o)
 .data          0x000000000001a5ec        0x0 out/arm-plat-imx/export-ta_arm64/lib/libutils.a(strlcpy.o)
 .data          0x000000000001a5ec        0x0 out/arm-plat-imx/export-ta_arm64/lib/libutils.a(mempool.o)
 .data          0x000000000001a5ec        0x0 out/arm-plat-imx/export-ta_arm64/lib/libutils.a(consttime_memcmp.o)
 .data          0x000000000001a5ec        0x0 out/arm-plat-imx/export-ta_arm64/lib/libutils.a(base64.o)

.bss            0x000000000001a5f0     0x78b8
 *(SORT_BY_ALIGNMENT(.bss) SORT_BY_ALIGNMENT(.bss.*) SORT_BY_ALIGNMENT(.gnu.linkonce.b.*) SORT_BY_ALIGNMENT(COMMON))
 .bss           0x000000000001a5f0       0x10 out/arm-plat-imx/export-ta_arm64/lib/libutee.a(tee_api.o)
 .bss           0x000000000001a600        0x8 out/arm-plat-imx/export-ta_arm64/lib/libutee.a(tee_system_pta.o)
 .bss           0x000000000001a608       0x6c out/arm-plat-imx/export-ta_arm64/lib/libutee.a(user_ta_entry.o)
                0x000000000001a618                __elf_phdr_info
                0x000000000001a628                __ta_no_share_malloc_ctx
                0x000000000001a630                ta_params
                0x000000000001a670                ta_param_types
 *fill*         0x000000000001a674        0x4 
 .bss           0x000000000001a678     0x3800 out/arm-plat-imx/export-ta_arm64/lib/libutee.a(tee_api_arith_mpi.o)
 .bss           0x000000000001de78       0x10 out/arm-plat-imx/export-ta_arm64/lib/libutee.a(tcb.o)
 .bss           0x000000000001de88        0x8 out/arm-plat-imx/export-ta_arm64/lib/libmbedtls.a(bignum.o)
                0x000000000001de88                mbedtls_mpi_mempool
 .bss           0x000000000001de90        0x8 out/arm-plat-imx/export-ta_arm64/lib/libmbedtls.a(constant_time.o)
                0x000000000001de90                mbedtls_ct_zero
 .bss           0x000000000001de98        0x8 out/arm-plat-imx/export-ta_arm64/lib/libutils.a(bget_malloc.o)
 .bss           0x000000000001dea0        0x0 out/arm-plat-imx/ta/app_secrets/app_secrets_ta.o
 .bss           0x000000000001dea0     0x4001 out/arm-plat-imx/ta/app_secrets/user_ta_header.o
                0x000000000001dea1                ta_heap
                0x000000000001dea1                __ta_no_share_heap
 .bss           0x0000000000021ea1        0x0 out/arm-plat-imx/export-ta_arm64/lib/libutils.a(stack_check.o)
 .bss           0x0000000000021ea1        0x0 out/arm-plat-imx/export-ta_arm64/lib/libutils.a(memcpy.o)
 .bss           0x0000000000021ea1        0x0 out/arm-plat-imx/export-ta_arm64/lib/libutils.a(trace.o)
 .bss           0x0000000000021ea1        0x0 out/arm-plat-imx/export-ta_arm64/lib/libutils.a(memzero_explicit.o)
 .bss           0x0000000000021ea1        0x0 out/arm-plat-imx/export-ta_arm64/lib/libutils.a(memset.o)
 .bss           0x0000000000021ea1        0x0 out/arm-plat-imx/export-ta_arm64/lib/libutils.a(snprintk.o)
 .bss           0x0000000000021ea1        0x0 out/arm-plat-imx/export-ta_arm64/lib/libutils.a(memchr.o)
 .bss           0x0000000000021ea1        0x0 out/arm-plat-imx/export-ta_arm64/lib/libutils.a(strlen.o)
 .bss           0x0000000000021ea1        0x0 out/arm-plat-imx/export-ta_arm64/lib/libutee.a(assert.o)
 .bss           0x0000000000021ea1        0x0 out/arm-plat-imx/export-ta_arm64/lib/libutee.a(trace_ext.o)
 .bss           0x0000000000021ea1        0x0 out/arm-plat-imx/export-ta_arm64/lib/libutee.a(tee_api_objects.o)
 .bss           0x0000000000021ea1        0x0 out/arm-plat-imx/export-ta_arm64/lib/libutee.a(tee_api_operations.o)
 .bss           0x0000000000021ea1        0x0 out/arm-plat-imx/export-ta_arm64/lib/libutee.a(tee_api_panic.o)
 .bss           0x0000000000021ea1        0x0 out/arm-plat-imx/export-ta_arm64/lib/libutee.a(tee_api_property.o)
 .bss           0x0000000000021ea1        0x0 out/arm-plat-imx/export-ta_arm64/lib/libutee.a(utee_syscalls_a64.o)
 .bss           0x0000000000021ea1        0x0 out/arm-plat-imx/export-ta_arm64/lib/libutee.a(abort.o)
 .bss           0x0000000000021ea1        0x0 out/arm-plat-imx/export-ta_arm64/lib/libmbedtls.a(bignum_core.o)
 .bss           0x0000000000021ea1        0x0 out/arm-plat-imx/export-ta_arm64/lib/libmbedtls.a(platform_util.o)
 .bss           0x0000000000021ea1        0x0 out/arm-plat-imx/export-ta_arm64/lib/libutils.a(snprintf.o)
 .bss           0x0000000000021ea1        0x0 out/arm-plat-imx/export-ta_arm64/lib/libutils.a(memmove.o)
 .bss           0x0000000000021ea1        0x0 out/arm-plat-imx/export-ta_arm64/lib/libutils.a(strcmp.o)
 .bss           0x0000000000021ea1        0x0 out/arm-plat-imx/export-ta_arm64/lib/libutils.a(strlcpy.o)
 .bss           0x0000000000021ea1        0x0 out/arm-plat-imx/export-ta_arm64/lib/libutils.a(mempool.o)
 .bss           0x0000000000021ea1        0x0 out/arm-plat-imx/export-ta_arm64/lib/libutils.a(consttime_memcmp.o)
 .bss           0x0000000000021ea1        0x0 out/arm-plat-imx/export-ta_arm64/lib/libutils.a(base64.o)
                0x0000000000021ea8                . = ALIGN (0x8)
 *fill*         0x0000000000021ea1        0x7 
                0x0000000000021ea8                __ftrace_buf_start = .
                0x0000000000021ea8                . = (. + DEFINED (_mcount)?0x800:0x0)
                0x0000000000021ea8                __ftrace_buf_end = .

.dynbss         0x0000000000021ea8        0x0
 .dynbss        0x0000000000021ea8        0x0 out/arm-plat-imx/ta/app_secrets/app_secrets_ta.o

/DISCARD/
 *(SORT_BY_ALIGNMENT(.interp))
LOAD out/arm-plat-imx/ta/app_secrets/app_secrets_ta.o
LOAD out/arm-plat-imx/ta/app_secrets/user_ta_header.o
START GROUP
LOAD out/arm-plat-imx/export-ta_arm64/lib/libutils.a
LOAD out/arm-plat-imx/export-ta_arm64/lib/libutee.a
LOAD out/arm-plat-imx/export-ta_arm64/lib/libmbedtls.a
END GROUP
LOAD /usr/lib/gcc-cross/aarch64-linux-gnu/11/libgcc.a
OUTPUT(out/arm-plat-imx/ta/app_secrets/5ca4d9d9-dee4-47f4-977a-7eadc060e52c.elf elf64-littleaarch64)
LOAD linker stubs

.debug_info     0x0000000000000000    0x27fde
 .debug_info    0x0000000000000000     0x190c out/arm-plat-imx/ta/app_secrets/app_secrets_ta.o
 .debug_info    0x000000000000190c      0x527 out/arm-plat-imx/ta/app_secrets/user_ta_header.o
 .debug_info    0x0000000000001e33      0x144 out/arm-plat-imx/export-ta_arm64/lib/libutils.a(stack_check.o)
 .debug_info    0x0000000000001f77      0x130 out/arm-plat-imx/export-ta_arm64/lib/libutils.a(memcpy.o)
 .debug_info    0x00000000000020a7      0x70f out/arm-plat-imx/export-ta_arm64/lib/libutils.a(trace.o)
 .debug_info    0x00000000000027b6      0x12c out/arm-plat-imx/export-ta_arm64/lib/libutils.a(memzero_explicit.o)
 .debug_info    0x00000000000028e2       0xd3 out/arm-plat-imx/export-ta_arm64/lib/libutils.a(memset.o)
 .debug_info    0x00000000000029b5      0x963 out/arm-plat-imx/export-ta_arm64/lib/libutils.a(snprintk.o)
 .debug_info    0x0000000000003318       0xff out/arm-plat-imx/export-ta_arm64/lib/libutils.a(memchr.o)
 .debug_info    0x0000000000003417       0xbf out/arm-plat-imx/export-ta_arm64/lib/libutils.a(strlen.o)
 .debug_info    0x00000000000034d6      0x1b5 out/arm-plat-imx/export-ta_arm64/lib/libutee.a(assert.o)
 .debug_info    0x000000000000368b      0x3d7 out/arm-plat-imx/export-ta_arm64/lib/libutee.a(trace_ext.o)
 .debug_info    0x0000000000003a62     0x2785 out/arm-plat-imx/export-ta_arm64/lib/libutee.a(tee_api.o)
 .debug_info    0x00000000000061e7     0x2efc out/arm-plat-imx/export-ta_arm64/lib/libutee.a(tee_api_objects.o)
 .debug_info    0x00000000000090e3     0x5bf1 out/arm-plat-imx/export-ta_arm64/lib/libutee.a(tee_api_operations.o)
 .debug_info    0x000000000000ecd4      0xa4c out/arm-plat-imx/export-ta_arm64/lib/libutee.a(tee_api_panic.o)
 .debug_info    0x000000000000f720     0x1955 out/arm-plat-imx/export-ta_arm64/lib/libutee.a(tee_api_property.o)
 .debug_info    0x0000000000011075      0x8cf out/arm-plat-imx/export-ta_arm64/lib/libutee.a(tee_system_pta.o)
 .debug_info    0x0000000000011944     0x1711 out/arm-plat-imx/export-ta_arm64/lib/libutee.a(user_ta_entry.o)
 .debug_info    0x0000000000013055       0x23 out/arm-plat-imx/export-ta_arm64/lib/libutee.a(utee_syscalls_a64.o)
 .debug_info    0x0000000000013078       0xf1 out/arm-plat-imx/export-ta_arm64/lib/libutee.a(abort.o)
 .debug_info    0x0000000000013169     0x5236 out/arm-plat-imx/export-ta_arm64/lib/libutee.a(tee_api_arith_mpi.o)
 .debug_info    0x000000000001839f      0x8cd out/arm-plat-imx/export-ta_arm64/lib/libutee.a(tcb.o)
 .debug_info    0x0000000000018c6c     0x5c98 out/arm-plat-imx/export-ta_arm64/lib/libmbedtls.a(bignum.o)
 .debug_info    0x000000000001e904     0x3965 out/arm-plat-imx/export-ta_arm64/lib/libmbedtls.a(bignum_core.o)
 .debug_info    0x0000000000022269      0xf5a out/arm-plat-imx/export-ta_arm64/lib/libmbedtls.a(constant_time.o)
 .debug_info    0x00000000000231c3      0x259 out/arm-plat-imx/export-ta_arm64/lib/libmbedtls.a(platform_util.o)
 .debug_info    0x000000000002341c     0x3ab3 out/arm-plat-imx/export-ta_arm64/lib/libutils.a(bget_malloc.o)
 .debug_info    0x0000000000026ecf      0x29f out/arm-plat-imx/export-ta_arm64/lib/libutils.a(snprintf.o)
 .debug_info    0x000000000002716e       0xfb out/arm-plat-imx/export-ta_arm64/lib/libutils.a(memmove.o)
 .debug_info    0x0000000000027269       0xb4 out/arm-plat-imx/export-ta_arm64/lib/libutils.a(strcmp.o)
 .debug_info    0x000000000002731d      0x123 out/arm-plat-imx/export-ta_arm64/lib/libutils.a(strlcpy.o)
 .debug_info    0x0000000000027440      0x733 out/arm-plat-imx/export-ta_arm64/lib/libutils.a(mempool.o)
 .debug_info    0x0000000000027b73      0x132 out/arm-plat-imx/export-ta_arm64/lib/libutils.a(consttime_memcmp.o)
 .debug_info    0x0000000000027ca5      0x339 out/arm-plat-imx/export-ta_arm64/lib/libutils.a(base64.o)

.debug_abbrev   0x0000000000000000     0x5590
 .debug_abbrev  0x0000000000000000      0x460 out/arm-plat-imx/ta/app_secrets/app_secrets_ta.o
 .debug_abbrev  0x0000000000000460      0x1fb out/arm-plat-imx/ta/app_secrets/user_ta_header.o
 .debug_abbrev  0x000000000000065b       0xb2 out/arm-plat-imx/export-ta_arm64/lib/libutils.a(stack_check.o)
 .debug_abbrev  0x000000000000070d       0xbb out/arm-plat-imx/export-ta_arm64/lib/libutils.a(memcpy.o)
 .debug_abbrev  0x00000000000007c8      0x2bf out/arm-plat-imx/export-ta_arm64/lib/libutils.a(trace.o)
 .debug_abbrev  0x0000000000000a87       0xf2 out/arm-plat-imx/export-ta_arm64/lib/libutils.a(memzero_explicit.o)
 .debug_abbrev  0x0000000000000b79       0xa3 out/arm-plat-imx/export-ta_arm64/lib/libutils.a(memset.o)
 .debug_abbrev  0x0000000000000c1c      0x300 out/arm-plat-imx/export-ta_arm64/lib/libutils.a(snprintk.o)
 .debug_abbrev  0x0000000000000f1c       0xb4 out/arm-plat-imx/export-ta_arm64/lib/libutils.a(memchr.o)
 .debug_abbrev  0x0000000000000fd0       0x85 out/arm-plat-imx/export-ta_arm64/lib/libutils.a(strlen.o)
 .debug_abbrev  0x0000000000001055       0xbd out/arm-plat-imx/export-ta_arm64/lib/libutee.a(assert.o)
 .debug_abbrev  0x0000000000001112      0x1c4 out/arm-plat-imx/export-ta_arm64/lib/libutee.a(trace_ext.o)
 .debug_abbrev  0x00000000000012d6      0x58c out/arm-plat-imx/export-ta_arm64/lib/libutee.a(tee_api.o)
 .debug_abbrev  0x0000000000001862      0x399 out/arm-plat-imx/export-ta_arm64/lib/libutee.a(tee_api_objects.o)
 .debug_abbrev  0x0000000000001bfb      0x517 out/arm-plat-imx/export-ta_arm64/lib/libutee.a(tee_api_operations.o)
 .debug_abbrev  0x0000000000002112      0x21c out/arm-plat-imx/export-ta_arm64/lib/libutee.a(tee_api_panic.o)
 .debug_abbrev  0x000000000000232e      0x343 out/arm-plat-imx/export-ta_arm64/lib/libutee.a(tee_api_property.o)
 .debug_abbrev  0x0000000000002671      0x2e8 out/arm-plat-imx/export-ta_arm64/lib/libutee.a(tee_system_pta.o)
 .debug_abbrev  0x0000000000002959      0x5ac out/arm-plat-imx/export-ta_arm64/lib/libutee.a(user_ta_entry.o)
 .debug_abbrev  0x0000000000002f05       0x12 out/arm-plat-imx/export-ta_arm64/lib/libutee.a(utee_syscalls_a64.o)
 .debug_abbrev  0x0000000000002f17       0x94 out/arm-plat-imx/export-ta_arm64/lib/libutee.a(abort.o)
 .debug_abbrev  0x0000000000002fab      0x546 out/arm-plat-imx/export-ta_arm64/lib/libutee.a(tee_api_arith_mpi.o)
 .debug_abbrev  0x00000000000034f1      0x2cf out/arm-plat-imx/export-ta_arm64/lib/libutee.a(tcb.o)
 .debug_abbrev  0x00000000000037c0      0x5e5 out/arm-plat-imx/export-ta_arm64/lib/libmbedtls.a(bignum.o)
 .debug_abbrev  0x0000000000003da5      0x565 out/arm-plat-imx/export-ta_arm64/lib/libmbedtls.a(bignum_core.o)
 .debug_abbrev  0x000000000000430a      0x396 out/arm-plat-imx/export-ta_arm64/lib/libmbedtls.a(constant_time.o)
 .debug_abbrev  0x00000000000046a0      0x153 out/arm-plat-imx/export-ta_arm64/lib/libmbedtls.a(platform_util.o)
 .debug_abbrev  0x00000000000047f3      0x57f out/arm-plat-imx/export-ta_arm64/lib/libutils.a(bget_malloc.o)
 .debug_abbrev  0x0000000000004d72      0x155 out/arm-plat-imx/export-ta_arm64/lib/libutils.a(snprintf.o)
 .debug_abbrev  0x0000000000004ec7       0xa6 out/arm-plat-imx/export-ta_arm64/lib/libutils.a(memmove.o)
 .debug_abbrev  0x0000000000004f6d       0x6f out/arm-plat-imx/export-ta_arm64/lib/libutils.a(strcmp.o)
 .debug_abbrev  0x0000000000004fdc       0xa5 out/arm-plat-imx/export-ta_arm64/lib/libutils.a(strlcpy.o)
 .debug_abbrev  0x0000000000005081      0x2a9 out/arm-plat-imx/export-ta_arm64/lib/libutils.a(mempool.o)
 .debug_abbrev  0x000000000000532a       0xc2 out/arm-plat-imx/export-ta_arm64/lib/libutils.a(consttime_memcmp.o)
 .debug_abbrev  0x00000000000053ec      0x1a4 out/arm-plat-imx/export-ta_arm64/lib/libutils.a(base64.o)

.debug_loclists
                0x0000000000000000    0x16d71
 .debug_loclists
                0x0000000000000000      0xbee out/arm-plat-imx/ta/app_secrets/app_secrets_ta.o
 .debug_loclists
                0x0000000000000bee       0x66 out/arm-plat-imx/ta/app_secrets/user_ta_header.o
 .debug_loclists
                0x0000000000000c54      0x2e5 out/arm-plat-imx/export-ta_arm64/lib/libutils.a(memcpy.o)
 .debug_loclists
                0x0000000000000f39      0x2a5 out/arm-plat-imx/export-ta_arm64/lib/libutils.a(trace.o)
 .debug_loclists
                0x00000000000011de       0x37 out/arm-plat-imx/export-ta_arm64/lib/libutils.a(memzero_explicit.o)
 .debug_loclists
                0x0000000000001215       0x67 out/arm-plat-imx/export-ta_arm64/lib/libutils.a(memset.o)
 .debug_loclists
                0x000000000000127c     0x16b5 out/arm-plat-imx/export-ta_arm64/lib/libutils.a(snprintk.o)
 .debug_loclists
                0x0000000000002931       0x65 out/arm-plat-imx/export-ta_arm64/lib/libutils.a(memchr.o)
 .debug_loclists
                0x0000000000002996       0x34 out/arm-plat-imx/export-ta_arm64/lib/libutils.a(strlen.o)
 .debug_loclists
                0x00000000000029ca       0x71 out/arm-plat-imx/export-ta_arm64/lib/libutee.a(assert.o)
 .debug_loclists
                0x0000000000002a3b       0xae out/arm-plat-imx/export-ta_arm64/lib/libutee.a(trace_ext.o)
 .debug_loclists
                0x0000000000002ae9     0x10f3 out/arm-plat-imx/export-ta_arm64/lib/libutee.a(tee_api.o)
 .debug_loclists
                0x0000000000003bdc     0x1860 out/arm-plat-imx/export-ta_arm64/lib/libutee.a(tee_api_objects.o)
 .debug_loclists
                0x000000000000543c     0x3edf out/arm-plat-imx/export-ta_arm64/lib/libutee.a(tee_api_operations.o)
 .debug_loclists
                0x000000000000931b      0x533 out/arm-plat-imx/export-ta_arm64/lib/libutee.a(tee_api_panic.o)
 .debug_loclists
                0x000000000000984e      0xc1a out/arm-plat-imx/export-ta_arm64/lib/libutee.a(tee_api_property.o)
 .debug_loclists
                0x000000000000a468      0x3ac out/arm-plat-imx/export-ta_arm64/lib/libutee.a(tee_system_pta.o)
 .debug_loclists
                0x000000000000a814      0x613 out/arm-plat-imx/export-ta_arm64/lib/libutee.a(user_ta_entry.o)
 .debug_loclists
                0x000000000000ae27     0x1f2a out/arm-plat-imx/export-ta_arm64/lib/libutee.a(tee_api_arith_mpi.o)
 .debug_loclists
                0x000000000000cd51      0x281 out/arm-plat-imx/export-ta_arm64/lib/libutee.a(tcb.o)
 .debug_loclists
                0x000000000000cfd2     0x39f9 out/arm-plat-imx/export-ta_arm64/lib/libmbedtls.a(bignum.o)
 .debug_loclists
                0x00000000000109cb     0x2ac5 out/arm-plat-imx/export-ta_arm64/lib/libmbedtls.a(bignum_core.o)
 .debug_loclists
                0x0000000000013490      0x808 out/arm-plat-imx/export-ta_arm64/lib/libmbedtls.a(constant_time.o)
 .debug_loclists
                0x0000000000013c98       0x9f out/arm-plat-imx/export-ta_arm64/lib/libmbedtls.a(platform_util.o)
 .debug_loclists
                0x0000000000013d37     0x26ae out/arm-plat-imx/export-ta_arm64/lib/libutils.a(bget_malloc.o)
 .debug_loclists
                0x00000000000163e5       0xd0 out/arm-plat-imx/export-ta_arm64/lib/libutils.a(snprintf.o)
 .debug_loclists
                0x00000000000164b5      0x179 out/arm-plat-imx/export-ta_arm64/lib/libutils.a(memmove.o)
 .debug_loclists
                0x000000000001662e       0x50 out/arm-plat-imx/export-ta_arm64/lib/libutils.a(strcmp.o)
 .debug_loclists
                0x000000000001667e       0x9e out/arm-plat-imx/export-ta_arm64/lib/libutils.a(strlcpy.o)
 .debug_loclists
                0x000000000001671c      0x2a7 out/arm-plat-imx/export-ta_arm64/lib/libutils.a(mempool.o)
 .debug_loclists
                0x00000000000169c3       0xcb out/arm-plat-imx/export-ta_arm64/lib/libutils.a(consttime_memcmp.o)
 .debug_loclists
                0x0000000000016a8e      0x2e3 out/arm-plat-imx/export-ta_arm64/lib/libutils.a(base64.o)

.debug_aranges  0x0000000000000000      0xa10
 .debug_aranges
                0x0000000000000000       0x30 out/arm-plat-imx/ta/app_secrets/app_secrets_ta.o
 .debug_aranges
                0x0000000000000030       0x30 out/arm-plat-imx/ta/app_secrets/user_ta_header.o
 .debug_aranges
                0x0000000000000060       0x30 out/arm-plat-imx/export-ta_arm64/lib/libutils.a(stack_check.o)
 .debug_aranges
                0x0000000000000090       0x30 out/arm-plat-imx/export-ta_arm64/lib/libutils.a(memcpy.o)
 .debug_aranges
                0x00000000000000c0       0x30 out/arm-plat-imx/export-ta_arm64/lib/libutils.a(trace.o)
 .debug_aranges
                0x00000000000000f0       0x30 out/arm-plat-imx/export-ta_arm64/lib/libutils.a(memzero_explicit.o)
 .debug_aranges
                0x0000000000000120       0x30 out/arm-plat-imx/export-ta_arm64/lib/libutils.a(memset.o)
 .debug_aranges
                0x0000000000000150       0x30 out/arm-plat-imx/export-ta_arm64/lib/libutils.a(snprintk.o)
 .debug_aranges
                0x0000000000000180       0x30 out/arm-plat-imx/export-ta_arm64/lib/libutils.a(memchr.o)
 .debug_aranges
                0x00000000000001b0       0x30 out/arm-plat-imx/export-ta_arm64/lib/libutils.a(strlen.o)
 .debug_aranges
                0x00000000000001e0       0x30 out/arm-plat-imx/export-ta_arm64/lib/libutee.a(assert.o)
 .debug_aranges
                0x0000000000000210       0x30 out/arm-plat-imx/export-ta_arm64/lib/libutee.a(trace_ext.o)
 .debug_aranges
                0x0000000000000240       0x30 out/arm-plat-imx/export-ta_arm64/lib/libutee.a(tee_api.o)
 .debug_aranges
                0x0000000000000270       0x30 out/arm-plat-imx/export-ta_arm64/lib/libutee.a(tee_api_objects.o)
 .debug_aranges
                0x00000000000002a0       0x30 out/arm-plat-imx/export-ta_arm64/lib/libutee.a(tee_api_operations.o)
 .debug_aranges
                0x00000000000002d0       0x30 out/arm-plat-imx/export-ta_arm64/lib/libutee.a(tee_api_panic.o)
 .debug_aranges
                0x0000000000000300       0x30 out/arm-plat-imx/export-ta_arm64/lib/libutee.a(tee_api_property.o)
 .debug_aranges
                0x0000000000000330       0x30 out/arm-plat-imx/export-ta_arm64/lib/libutee.a(tee_system_pta.o)
 .debug_aranges
                0x0000000000000360       0x30 out/arm-plat-imx/export-ta_arm64/lib/libutee.a(user_ta_entry.o)
 .debug_aranges
                0x0000000000000390      0x3b0 out/arm-plat-imx/export-ta_arm64/lib/libutee.a(utee_syscalls_a64.o)
 .debug_aranges
                0x0000000000000740       0x30 out/arm-plat-imx/export-ta_arm64/lib/libutee.a(abort.o)
 .debug_aranges
                0x0000000000000770       0x30 out/arm-plat-imx/export-ta_arm64/lib/libutee.a(tee_api_arith_mpi.o)
 .debug_aranges
                0x00000000000007a0       0x30 out/arm-plat-imx/export-ta_arm64/lib/libutee.a(tcb.o)
 .debug_aranges
                0x00000000000007d0       0x30 out/arm-plat-imx/export-ta_arm64/lib/libmbedtls.a(bignum.o)
 .debug_aranges
                0x0000000000000800       0x30 out/arm-plat-imx/export-ta_arm64/lib/libmbedtls.a(bignum_core.o)
 .debug_aranges
                0x0000000000000830       0x30 out/arm-plat-imx/export-ta_arm64/lib/libmbedtls.a(constant_time.o)
 .debug_aranges
                0x0000000000000860       0x30 out/arm-plat-imx/export-ta_arm64/lib/libmbedtls.a(platform_util.o)
 .debug_aranges
                0x0000000000000890       0x30 out/arm-plat-imx/export-ta_arm64/lib/libutils.a(bget_malloc.o)
 .debug_aranges
                0x00000000000008c0       0x30 out/arm-plat-imx/export-ta_arm64/lib/libutils.a(snprintf.o)
 .debug_aranges
                0x00000000000008f0       0x30 out/arm-plat-imx/export-ta_arm64/lib/libutils.a(memmove.o)
 .debug_aranges
                0x0000000000000920       0x30 out/arm-plat-imx/export-ta_arm64/lib/libutils.a(strcmp.o)
 .debug_aranges
                0x0000000000000950       0x30 out/arm-plat-imx/export-ta_arm64/lib/libutils.a(strlcpy.o)
 .debug_aranges
                0x0000000000000980       0x30 out/arm-plat-imx/export-ta_arm64/lib/libutils.a(mempool.o)
 .debug_aranges
                0x00000000000009b0       0x30 out/arm-plat-imx/export-ta_arm64/lib/libutils.a(consttime_memcmp.o)
 .debug_aranges
                0x00000000000009e0       0x30 out/arm-plat-imx/export-ta_arm64/lib/libutils.a(base64.o)

.debug_rnglists
                0x0000000000000000      0xe76
 .debug_rnglists
                0x0000000000000000       0x76 out/arm-plat-imx/ta/app_secrets/app_secrets_ta.o
 .debug_rnglists
                0x0000000000000076       0x13 out/arm-plat-imx/ta/app_secrets/user_ta_header.o
 .debug_rnglists
                0x0000000000000089       0x27 out/arm-plat-imx/export-ta_arm64/lib/libutils.a(trace.o)
 .debug_rnglists
                0x00000000000000b0       0x17 out/arm-plat-imx/export-ta_arm64/lib/libutils.a(snprintk.o)
 .debug_rnglists
                0x00000000000000c7       0x74 out/arm-plat-imx/export-ta_arm64/lib/libutee.a(tee_api.o)
 .debug_rnglists
                0x000000000000013b       0x8f out/arm-plat-imx/export-ta_arm64/lib/libutee.a(tee_api_operations.o)
 .debug_rnglists
                0x00000000000001ca       0x3c out/arm-plat-imx/export-ta_arm64/lib/libutee.a(tee_api_panic.o)
 .debug_rnglists
                0x0000000000000206       0x2c out/arm-plat-imx/export-ta_arm64/lib/libutee.a(tee_api_property.o)
 .debug_rnglists
                0x0000000000000232       0x27 out/arm-plat-imx/export-ta_arm64/lib/libutee.a(tee_system_pta.o)
 .debug_rnglists
                0x0000000000000259       0x69 out/arm-plat-imx/export-ta_arm64/lib/libutee.a(user_ta_entry.o)
 .debug_rnglists
                0x00000000000002c2      0x247 out/arm-plat-imx/export-ta_arm64/lib/libutee.a(utee_syscalls_a64.o)
 .debug_rnglists
                0x0000000000000509       0x17 out/arm-plat-imx/export-ta_arm64/lib/libutee.a(abort.o)
 .debug_rnglists
                0x0000000000000520      0x144 out/arm-plat-imx/export-ta_arm64/lib/libutee.a(tee_api_arith_mpi.o)
 .debug_rnglists
                0x0000000000000664      0x119 out/arm-plat-imx/export-ta_arm64/lib/libmbedtls.a(bignum.o)
 .debug_rnglists
                0x000000000000077d      0x399 out/arm-plat-imx/export-ta_arm64/lib/libmbedtls.a(bignum_core.o)
 .debug_rnglists
                0x0000000000000b16      0x1cb out/arm-plat-imx/export-ta_arm64/lib/libmbedtls.a(constant_time.o)
 .debug_rnglists
                0x0000000000000ce1       0x16 out/arm-plat-imx/export-ta_arm64/lib/libmbedtls.a(platform_util.o)
 .debug_rnglists
                0x0000000000000cf7      0x12c out/arm-plat-imx/export-ta_arm64/lib/libutils.a(bget_malloc.o)
 .debug_rnglists
                0x0000000000000e23       0x1c out/arm-plat-imx/export-ta_arm64/lib/libutils.a(mempool.o)
 .debug_rnglists
                0x0000000000000e3f       0x37 out/arm-plat-imx/export-ta_arm64/lib/libutils.a(base64.o)

.debug_macro    0x0000000000000000    0x1f8d5
 .debug_macro   0x0000000000000000      0x19b out/arm-plat-imx/ta/app_secrets/app_secrets_ta.o
 .debug_macro   0x000000000000019b      0x9c4 out/arm-plat-imx/ta/app_secrets/app_secrets_ta.o
 .debug_macro   0x0000000000000b5f      0x69e out/arm-plat-imx/ta/app_secrets/app_secrets_ta.o
 .debug_macro   0x00000000000011fd      0x12c out/arm-plat-imx/ta/app_secrets/app_secrets_ta.o
 .debug_macro   0x0000000000001329       0x58 out/arm-plat-imx/ta/app_secrets/app_secrets_ta.o
 .debug_macro   0x0000000000001381       0x22 out/arm-plat-imx/ta/app_secrets/app_secrets_ta.o
 .debug_macro   0x00000000000013a3      0x174 out/arm-plat-imx/ta/app_secrets/app_secrets_ta.o
 .debug_macro   0x0000000000001517       0x34 out/arm-plat-imx/ta/app_secrets/app_secrets_ta.o
 .debug_macro   0x000000000000154b       0x79 out/arm-plat-imx/ta/app_secrets/app_secrets_ta.o
 .debug_macro   0x00000000000015c4       0x1c out/arm-plat-imx/ta/app_secrets/app_secrets_ta.o
 .debug_macro   0x00000000000015e0       0x7c out/arm-plat-imx/ta/app_secrets/app_secrets_ta.o
 .debug_macro   0x000000000000165c      0x1a0 out/arm-plat-imx/ta/app_secrets/app_secrets_ta.o
 .debug_macro   0x00000000000017fc       0xc4 out/arm-plat-imx/ta/app_secrets/app_secrets_ta.o
 .debug_macro   0x00000000000018c0      0x120 out/arm-plat-imx/ta/app_secrets/app_secrets_ta.o
 .debug_macro   0x00000000000019e0       0x89 out/arm-plat-imx/ta/app_secrets/app_secrets_ta.o
 .debug_macro   0x0000000000001a69       0x16 out/arm-plat-imx/ta/app_secrets/app_secrets_ta.o
 .debug_macro   0x0000000000001a7f      0xcf1 out/arm-plat-imx/ta/app_secrets/app_secrets_ta.o
 .debug_macro   0x0000000000002770       0x35 out/arm-plat-imx/ta/app_secrets/app_secrets_ta.o
 .debug_macro   0x00000000000027a5       0xf7 out/arm-plat-imx/ta/app_secrets/app_secrets_ta.o
 .debug_macro   0x000000000000289c       0x3a out/arm-plat-imx/ta/app_secrets/app_secrets_ta.o
 .debug_macro   0x00000000000028d6       0x1c out/arm-plat-imx/ta/app_secrets/app_secrets_ta.o
 .debug_macro   0x00000000000028f2       0x2e out/arm-plat-imx/ta/app_secrets/app_secrets_ta.o
 .debug_macro   0x0000000000002920      0x1b8 out/arm-plat-imx/ta/app_secrets/user_ta_header.o
 .debug_macro   0x0000000000002ad8      0x9c4 out/arm-plat-imx/ta/app_secrets/user_ta_header.o
 .debug_macro   0x000000000000349c       0x2e out/arm-plat-imx/ta/app_secrets/user_ta_header.o
 .debug_macro   0x00000000000034ca       0x3a out/arm-plat-imx/ta/app_secrets/user_ta_header.o
 .debug_macro   0x0000000000003504       0x6a out/arm-plat-imx/ta/app_secrets/user_ta_header.o
 .debug_macro   0x000000000000356e       0x47 out/arm-plat-imx/ta/app_secrets/user_ta_header.o
 .debug_macro   0x00000000000035b5       0x22 out/arm-plat-imx/ta/app_secrets/user_ta_header.o
 .debug_macro   0x00000000000035d7       0xa4 out/arm-plat-imx/ta/app_secrets/user_ta_header.o
 .debug_macro   0x000000000000367b       0x28 out/arm-plat-imx/ta/app_secrets/user_ta_header.o
 .debug_macro   0x00000000000036a3       0xb5 out/arm-plat-imx/export-ta_arm64/lib/libutils.a(stack_check.o)
 .debug_macro   0x0000000000003758      0x9c4 out/arm-plat-imx/export-ta_arm64/lib/libutils.a(stack_check.o)
 .debug_macro   0x000000000000411c       0x57 out/arm-plat-imx/export-ta_arm64/lib/libutils.a(memcpy.o)
 .debug_macro   0x0000000000004173      0x9be out/arm-plat-imx/export-ta_arm64/lib/libutils.a(memcpy.o)
 .debug_macro   0x0000000000004b31       0x7c out/arm-plat-imx/export-ta_arm64/lib/libutils.a(memcpy.o)
 .debug_macro   0x0000000000004bad       0xec out/arm-plat-imx/export-ta_arm64/lib/libutils.a(trace.o)
 .debug_macro   0x0000000000004c99      0x9c4 out/arm-plat-imx/export-ta_arm64/lib/libutils.a(trace.o)
 .debug_macro   0x000000000000565d       0x44 out/arm-plat-imx/export-ta_arm64/lib/libutils.a(memzero_explicit.o)
 .debug_macro   0x00000000000056a1      0x9c4 out/arm-plat-imx/export-ta_arm64/lib/libutils.a(memzero_explicit.o)
 .debug_macro   0x0000000000006065       0x51 out/arm-plat-imx/export-ta_arm64/lib/libutils.a(memset.o)
 .debug_macro   0x00000000000060b6      0x9c4 out/arm-plat-imx/export-ta_arm64/lib/libutils.a(memset.o)
 .debug_macro   0x0000000000006a7a      0x13d out/arm-plat-imx/export-ta_arm64/lib/libutils.a(snprintk.o)
 .debug_macro   0x0000000000006bb7      0x9c4 out/arm-plat-imx/export-ta_arm64/lib/libutils.a(snprintk.o)
 .debug_macro   0x000000000000757b       0x66 out/arm-plat-imx/export-ta_arm64/lib/libutils.a(memchr.o)
 .debug_macro   0x00000000000075e1      0x9c4 out/arm-plat-imx/export-ta_arm64/lib/libutils.a(memchr.o)